--- build ---
run.sh build R1022
tool health: exec rc=1 magic=cffaedfe out=[usage: xenolift <psx-exe> [out.c]        xenolift --ftab <psx-exe> [--disc <disc-image>] ]
cargo: SKIPPED (Rust source content unchanged — md5 gate)
[timing] cargo build: 0s (cycle total: 0s)
emit: SKIPPED (capture hash stable — matched emit hash; R1020 gate)
[emit] R224 guard already present
[emit] R873 spuerr body stub already present
[emit] R902 walk terminator guard already present
[emit] R903 widened guard already present
[emit] R904 exact-fit guard already present
[emit] R323 dispatch already pristine
[emit] R752 no-churn: R758 gated bypass present and healthy - disc1.c untouched (compile cache stays valid)
overlay module: 135168 bytes mapped at 0x8006F000 (15205 nonzero words)
overlay fault-capture mapped OVER pre-menu snapshot: 135168 bytes, 31763 nonzero words (R681 real field coordinator)
overlay coordinator entry 0x80077E88 first words: 8E020050 3C04800A 2484A3F0 00021303 (R682 proof - zeros = blank-page crash recurs)
overlay stage-2 module: 135168 bytes mapped at 0x801D3000 (33079 nonzero words)
coverage: 1846304 bytes natively translated total; 452808 within the 512KB exe image (86.4%); 1393496 overlay/extra bytes; 3936 functions
reference ingest: +943 decomp symbols merged (xenogears-decomp SLUS-006.64; decomp names authoritative)
symbol map file: disc1.map (1481 named entries)
symbol map: 1481 named functions
symbol map file: disc1.map (1481 named entries)
seams: 210 hardware-touch sites across 44 functions (seams.txt - the HLE contract list v1)
wrote disc1.c
coverage: 1846304 bytes natively translated total; 452808 within the 512KB exe image (86.4%); 1393496 overlay/extra bytes; 3936 functions
seams: 210 hardware-touch sites across 44 functions (seams.txt - the HLE contract list v1)
[timing] emit: 0s (cycle total: 0s)
[emit] R923 walk cursor guard already present
[emit] R925 lzss op-count abort already present (R1011: marker now keyed to the guard CODE text - R1010 checked a string that never matched the emitted comment form R925/R926/R927, my own marker-mismatch repeat of the original bug; the guard code substring g_lzss_overrun_reads > 4096u is form-independent)
[emit] R926 signature-based abort already present (R1011 code-keyed marker)
[emit] R927 telemetry already present
[emit] R928 heap-band guards already present
[emit] R929 Vsync recursion cap already present
[emit] R933 CD callback slot heal already present
[emit] R935 freelist head heal already present
[emit] R936 DrawPrim camera already present
[emit] R1051 bodycam 8003342C already present
[emit] R1051 bodycam 800320A4 already present
[emit] R1051 bodycam 801D002C already present
[emit] R1051 bodycam 801D2FE8 already present
[emit] R1057 archlistcam 80028AC8 already present
[emit] R1106 menuchain 8001A4B4 already present
[emit] R1106 menuchain 8001A250 already present
[emit] R1106 menupunch 8001A344 already present
[emit] R1111 vsyncguard 57848 already present
[emit] R1111 vsyncguard 57844 already present
[emit] R1108 chaincam 80031B10 already present
[emit] R1108 chaincam 80031A30 already present
[emit] R1108 chaincam 80035DB0 already present
[emit] R1108 chaincam 8001996C already present
[emit] R1115 chaincam 8004293C already present
[emit] R1060 datacam 800392EC already present
[emit] R1060 datacam 80039120 already present
[emit] R1052 bodycam 80077E88 already present
[emit] R1052 bodycam 80076858 already present
[emit] R1056 taintheal 801D002C already present
[emit] R1056 taintheal 801D2FE8 already present
[ccache] R1157 compile: SKIPPED (disc1.c content hash unchanged - cached .o reused)
[ccache] R1157 compile: FRESH (runtime/runtime.c content hash changed/first build)
[ccache] R1157 compile: SKIPPED (hle/hle_gpu.c content hash unchanged - cached .o reused)
[ccache] R1157 compile: SKIPPED (hle/hle_gte.c content hash unchanged - cached .o reused)
[ccache] R1157 compile: SKIPPED (hle/hle_spu.c content hash unchanged - cached .o reused)
[ccache] R1157 compile: SKIPPED (hle/hle_mdec.c content hash unchanged - cached .o reused)
[ccache] R1157 compile: SKIPPED (hle/hle_memcard.c content hash unchanged - cached .o reused)
link: DONE
banner check: OK (runtime build R1168 in binary)
[shieldcheck] dmashield PRESENT in binary
[shieldcheck] mangleguard PRESENT in binary
[shieldcheck] ringw PRESENT in binary
[shieldcheck] reqres PRESENT in binary
[shieldcheck] carve2 PRESENT in binary
[shieldcheck] frclash PRESENT in binary
[shieldcheck] descw PRESENT in binary
[timing] compile+link: 4s (cycle total: 4s)
--- live viewer ---
--- run ---
[budget] R789 dynamic window cap: run budget 175s (compile 5s elapsed, digest margin 20s)
[rungasp] R806 process exit status=137 (0=clean main-return; 99=kit/exitdiag door _exit; 9=fuse SIGKILL; 11/139=host SIGSEGV; 10/138=SIGBUS; 6=SIGABRT) - the silent-death class camera (c385-390: runs died at 10-32s with NO crash dump, NO exit receipt; the wait status names the door)
[fuse] run fuse cleared (R356: 210s hard kill — digest always generates)
[timing] 15s run: 198s (cycle total: 202s)
--- digest ---
[digest] R751 log raw 37880624B -> capped  2475251B, assembling (this line visible = if digest is still empty, the block stalled, NOT the log)
=IRQW=
run.log:[hook] 0x80068960: 00000000 -> 00000000 at fn 0x80019524 sw_line=0 sp=00000000 r16=00000000
run.log:[hook] 0x80068964: 00000000 -> 00000000 at fn 0x80019524 sw_line=0 sp=00000000 r16=00000000
run.log:[hook] 0x80068960: 00000000 -> 00010001 at fn 0x800195A4 sw_line=135903 sp=801FFFC8 r16=00000000
run.log:[hook] 0x80068960: 00010001 -> 00020002 at fn 0x80046EFC sw_line=141671 sp=801FFF78 r16=801FFFD8
run.log:[hook] 0x80068960: 00020002 -> 00030003 at fn 0x800404D4 sw_line=127032 sp=801FFF88 r16=800625FC
run.log:[hook] 0x80068960: 00030003 -> 00040004 at fn 0x800404D4 sw_line=160375 sp=801FFFB0 r16=00000001
run.log:[hook] 0x80068960: 00040004 -> 00050005 at fn 0x8004B8D8 sw_line=151956 sp=801FFF80 r16=00000000
run.log:[hook] 0x80068960: 00050005 -> 00060006 at fn 0x80019658 sw_line=154436 sp=801FFFC8 r16=800592B8
run.log:[hook] 0x80068960: 00060006 -> 00070007 at fn 0x800428AC sw_line=131789 sp=801FFF58 r16=00000001
run.log:[hook] 0x80068960: 00070007 -> 00080008 at fn 0x800415B4 sw_line=126546 sp=801FFF10 r16=00000001
run.log:[hook] 0x80068960: 00080008 -> 00090009 at fn 0x800415B4 sw_line=130762 sp=801FFF10 r16=0000000A
run.log:[hook] 0x80068960: 00090009 -> 000A000A at fn 0x80041B24 sw_line=128579 sp=801FFEB0 r16=00000005
=EMITAUDIT=
[emitaudit] disc1.c printf-family call count: 1
257647:   R988 (b8-c99): the two fprintf(stderr,...) calls that lived here were THE hidden libc print entry (EMITAUDIT c99: "disc1.c printf-family call count: 2", both this fragment) behind the 10-cycle exit-134 class (macreport: __stack_chk_fail <- __xvprintf <- vfprintf_l <- fprintf attributed to real_main). Now routed through xenolift_receipt (runtime.c, non-static wrapper over xl_format + write(2)) - ZERO libc print machinery reachable from the guest binary. */
[emitaudit] R926 target present: 0
=EXITDIAG=
=COORDERA=
run.log.d:[skiphook] R1058 #2 invalid dispatch target 00000000 skipped (cur_fn 800415B4 r31 80077FE0) - garbage callback, caller continues (R1037 c191 contract generalized) [vsyncheal] R1067 #1 g_pGPUSTAT re-seeded 0 -> 0x1F801814 (pristine exe value, libetc vsync.c:14 deref contract; c232 Vsync addr=0 fault class)
run.log.d:[vsyncheal] R1067 #2 g_pTMR_HRETRACE_VAL re-seeded 0 -> 0x1F801110 (pristine exe value, libetc vsync.c:14 deref contract; c232 Vsync addr=0 fault class)
run.log.d:[skiphook] R1058 #3 invalid dispatch target 00000000 skipped (cur_fn 801D3190 r31 00000000) - garbage callback, caller continues (R1037 c191 contract generalized) [skiphook] R1058 #4 invalid dispatch target 00000000 skipped (cur_fn 801D3190 r31 00000000) - garbage callback, caller continues (R1037 c191 contract generalized) [spudev] SPU reset complete: 512KB SPU RAM initialized, 24 voices ready.
run.log.d:[mdec] reset complete
run.log.d:[memcard] formatted fresh 128KB image
run.log.d:[memcard] reset complete
run.log.d:[rungasp] R806 process exit status=137 (0=clean main-return; 99=kit/exitdiag door _exit; 9=fuse SIGKILL; 11/139=host SIGSEGV; 10/138=SIGBUS; 6=SIGABRT) - the silent-death class camera (c385-390: runs died at 10-32s with NO crash dump, NO exit receipt; the wait status names the door)
run.log.d:[logcap] end tail
=SPXW=
run.log.d:[spxw] R1017 sp-window WRITE 1F8000DC <- 00000000 at fn 800392EC (total 53) @t=25s
run.log.d:[spxw] R1017 sp-window WRITE 1F8000D8 <- 00000000 at fn 800392EC (total 54) @t=25s
run.log.d:[spxw] R1017 sp-window WRITE 1F8000D4 <- 00000000 at fn 800392EC (total 55) @t=25s
run.log.d:[spxw] R1017 sp-window WRITE 1F8000D0 <- 00000000 at fn 800392EC (total 56) @t=25s
run.log.d:[spxw] R1017 sp-window WRITE 1F8000EC <- 00000000 at fn 800392EC (total 57) @t=25s
run.log.d:[spxw] R1017 sp-window WRITE 1F8000E8 <- 00000000 at fn 800392EC (total 58) @t=25s
run.log.d:[spxw] R1017 sp-window WRITE 1F8000E4 <- 00000000 at fn 800392EC (total 59) @t=25s
run.log.d:[spxw] R1017 sp-window WRITE 1F8000E0 <- 00000000 at fn 800392EC (total 60) @t=25s
run.log.d:[spxw] R1017 sp-window WRITE 1F8000FC <- 00000000 at fn 800392EC (total 61) @t=25s
run.log.d:[spxw] R1017 sp-window WRITE 1F8000F8 <- 00000000 at fn 800392EC (total 62) @t=25s
run.log.d:[spxw] R1017 sp-window WRITE 1F8000F4 <- 00000000 at fn 800392EC (total 63) @t=25s
run.log.d:[spxw] R1017 sp-window WRITE 1F8000F0 <- 00000000 at fn 800392EC (total 64) @t=25s
run.log.d:[spstub] R740 scratchpad WRITE 1F800014 <- 00000000 at fn 800392EC
run.log.d:[spstub] R740 scratchpad WRITE 1F800010 <- 00000000 at fn 800392EC
run.log.d:[spstub] R740 scratchpad WRITE 1F80002C <- 00000000 at fn 800392EC
run.log.d:[spstub] R740 scratchpad WRITE 1F800028 <- 00000000 at fn 800392EC
run.log.d:[spstub] R740 scratchpad WRITE 1F800024 <- 00000000 at fn 800392EC
run.log.d:[spstub] R740 scratchpad WRITE 1F800020 <- 00000000 at fn 800392EC
=SNDREG=
run.log.d:[sndinit] R966 SoundInitialize entry #5 a0=0x00000000 a1=0x00008000 r31=0x80019670 heapHead(59410)=0x00000000
run.log.d:[sndinit] R1012 SoundInitialize ENTRY: gate(957C)=0000 head(9410)=00000000 end(95E4)=00000000 size(951C)=00000000 a0=00000000 @t=21s
run.log.d:[sndinit] R1012 SoundHeapInitialize CALLED: start(a0)=80065B0C size(a1)=00006300 (static contract: 0x80065B0C, 0x6300) @t=21s
run.log.d:[sndinit] R966 SoundInitialize entry #6 a0=0x00000000 a1=0x00008000 r31=0x80019670 heapHead(59410)=0x00000000
run.log.d:[sndinit] R1012 SoundInitialize ENTRY: gate(957C)=0000 head(9410)=00000000 end(95E4)=00000000 size(951C)=00000000 a0=00000000 @t=25s
run.log.d:[sndinit] R1012 SoundHeapInitialize CALLED: start(a0)=80065B0C size(a1)=00006300 (static contract: 0x80065B0C, 0x6300) @t=25s
run.log.d:[sndinit] R966 SoundInitialize entry #7 a0=0x00000000 a1=0x00008000 r31=0x80019670 heapHead(59410)=0x00000000
run.log.d:[sndinit] R966 SoundInitialize entry #8 a0=0x00000000 a1=0x00008000 r31=0x80019670 heapHead(59410)=0x00000000
run.log.d:[gpu2reg] R1013 0x800465EC ENTRY: 69A4=1F801814 69A8=1F8010A0 69AC=1F8010A4 69B0=1F8010A8 A238w0=05FFFFFF r4=8005A238 r5=02000000 @t=8s
run.log.d:[gpu2reg] R1013 @DMA2-install: 69A4=1F801814 69A8=1F8010A0 A238w0=05FFFFFF @t=8s
run.log.d:[gpu2reg] R1013 0x800465EC ENTRY: 69A4=1F801814 69A8=1F8010A0 69AC=1F8010A4 69B0=1F8010A8 A238w0=05FFFFFF r4=8005A238 r5=02000000 @t=8s
run.log.d:[gpu2reg] R1013 @DMA2-install: 69A4=1F801814 69A8=1F8010A0 A238w0=05FFFFFF @t=8s
run.log.d:[gpu2reg] R1013 0x800465EC ENTRY: 69A4=1F801814 69A8=1F8010A0 69AC=1F8010A4 69B0=1F8010A8 A238w0=05FFFFFF r4=8005A238 r5=02000000 @t=21s
run.log.d:[gpu2reg] R1013 @DMA2-install: 69A4=1F801814 69A8=1F8010A0 A238w0=05FFFFFF @t=21s
run.log.d:[gpu2reg] R1013 0x800465EC ENTRY: 69A4=1F801814 69A8=1F8010A0 69AC=1F8010A4 69B0=1F8010A8 A238w0=05FFFFFF r4=8005A238 r5=02000000 @t=25s
run.log.d:[gpu2reg] R1013 @DMA2-install: 69A4=1F801814 69A8=1F8010A0 A238w0=05FFFFFF @t=25s
run.log.d:[gpu2reg] R1013 0x800465EC ENTRY: 69A4=1F801814 69A8=1F8010A0 69AC=1F8010A4 69B0=1F8010A8 A238w0=05FFFFFF r4=8005A238 r5=02000000 @t=25s
run.log.d:[gpu2reg] R1013 0x800465EC ENTRY: 69A4=1F801814 69A8=1F8010A0 69AC=1F8010A4 69B0=1F8010A8 A238w0=05FFFFFF r4=8005A238 r5=02000000 @t=26s
=GATEMISS=
run.log:[cardgate] R1018 card gate serviced: A0(0x72) v0=1 a0=8005890C a1=800578A8 a2=FFFFFFFF (psyq libapi.h:110 card-init family; c132 gatemiss receipts) @t=0s
run.log:[cardgate] R1018 card gate serviced: B0(0x4A) v0=1 a0=00000001 a1=00000004 a2=8005A1C4 (psyq libapi.h:110 card-init family; c132 gatemiss receipts) @t=0s
run.log:[cardgate] R1018 card gate serviced: B0(0x4B) v0=1 a0=00000001 a1=00000004 a2=8005A1C4 (psyq libapi.h:110 card-init family; c132 gatemiss receipts) @t=0s
run.log:[cardgate] R1018 card gate serviced: A0(0x70) v0=1 a0=00000002 a1=00000004 a2=8005A1C4 (psyq libapi.h:110 card-init family; c132 gatemiss receipts) @t=0s
run.log.d:[cardgate] R1018 card gate serviced: A0(0x72) v0=1 a0=8005890C a1=800578A8 a2=00000000 (psyq libapi.h:110 card-init family; c132 gatemiss receipts) @t=0s
run.log.d:[cardgate] R1018 card gate serviced: B0(0x4A) v0=1 a0=00000001 a1=00000004 a2=8005A1C4 (psyq libapi.h:110 card-init family; c132 gatemiss receipts) @t=0s
run.log.d:[cardgate] R1018 card gate serviced: B0(0x4B) v0=1 a0=00000001 a1=00000004 a2=8005A1C4 (psyq libapi.h:110 card-init family; c132 gatemiss receipts) @t=0s
run.log.d:[cardgate] R1018 card gate serviced: A0(0x70) v0=1 a0=00000002 a1=00000004 a2=8005A1C4 (psyq libapi.h:110 card-init family; c132 gatemiss receipts) @t=0s
run.log.d:[cardgate] R1018 card gate serviced: A0(0x72) v0=1 a0=8005890C a1=800578A8 a2=FFFFFFFF (psyq libapi.h:110 card-init family; c132 gatemiss receipts) @t=0s
run.log.d:[cardgate] R1018 card gate serviced: B0(0x4A) v0=1 a0=00000001 a1=00000004 a2=8005A1C4 (psyq libapi.h:110 card-init family; c132 gatemiss receipts) @t=0s
run.log.d:[cardgate] R1018 card gate serviced: B0(0x4B) v0=1 a0=00000001 a1=00000004 a2=8005A1C4 (psyq libapi.h:110 card-init family; c132 gatemiss receipts) @t=0s
run.log.d:[cardgate] R1018 card gate serviced: A0(0x70) v0=1 a0=00000002 a1=00000004 a2=8005A1C4 (psyq libapi.h:110 card-init family; c132 gatemiss receipts) @t=0s
=COORDW=
run.log:[coordw] R1000 entry 0x80077E88: 8E020050 3C04800A 2484A3F0 00021303 at fn 0x8004B54C r31=80042960 (old EBE10222) @t=0s
run.log:[coordw] R1000 entry 0x80077E88: EEBC0235 DF0EFEEF EDEFFCCB 42466420 at fn 0x80041534 r31=8002B168 (old 8E020050) @t=4s
run.log:[coordw] R1000 entry 0x80077E88: 27BDFFC8 3C038001 8C630000 2402FFFF at fn 0x8004293C r31=80041420 (old EEBC0235) @t=8s
run.log:[coordw] R1000 entry 0x80077E88: EBE10222 543DAE66 3FFCCCE1 B142E144 at fn 0x8004B55C r31=800429A4 (old 27BDFFC8) @t=10s
run.log:[coordw] R1000 entry 0x80077E88: 12000044 20FFEFF0 F00E1220 311F23FB at fn 0x8004B54C r31=800429A4 (old EBE10222) @t=14s
run.log:[coordw] R1000 entry 0x80077E88: EDFE0247 0DDBDACD 0110111F 0FEDFF00 at fn 0x80041534 r31=8002B168 (old 12000044) @t=16s
run.log:[coordw] R1000 entry 0x80077E88: EEBC0235 DF0EFEEF EDEFFCCB 42466420 at fn 0x80041534 r31=8002B168 (old EDFE0247) @t=20s
run.log:[coordw] R1000 entry 0x80077E88: 00000000 00000000 00000000 00000000 at fn 0x80019524 r31=00000000 (old EEBC0235) @t=25s
run.log:[coordw] R1000 entry 0x80077E88: 27BDFFC8 3C038001 8C630000 2402FFFF at fn 0x800286CC r31=80028A74 (old 00000000) @t=25s
run.log.d:[coordw] R1000 entry 0x80077E88: 00000000 00000000 00000000 00000000 at fn 0x80019524 r31=00000000 (old DEAD0000) @t=0s
run.log.d:[coordw] R1000 entry 0x80077E88: EBE10222 543DAE66 3FFCCCE1 B142E144 at fn 0x80041534 r31=8002B168 (old 00000000) @t=0s
run.log.d:[coordw] R1000 entry 0x80077E88: 8E020050 3C04800A 2484A3F0 00021303 at fn 0x8004B54C r31=80042960 (old EBE10222) @t=0s
run.log.d:[coordw] R1000 entry 0x80077E88: EEBC0235 DF0EFEEF EDEFFCCB 42466420 at fn 0x80041534 r31=8002B168 (old 8E020050) @t=4s
run.log.d:[coordw] R1000 entry 0x80077E88: 27BDFFC8 3C038001 8C630000 2402FFFF at fn 0x8004293C r31=80041420 (old EEBC0235) @t=8s
run.log.d:[coordw] R1000 entry 0x80077E88: EBE10222 543DAE66 3FFCCCE1 B142E144 at fn 0x8004B55C r31=800429A4 (old 27BDFFC8) @t=10s
run.log.d:[coordw] R1000 entry 0x80077E88: 12000044 20FFEFF0 F00E1220 311F23FB at fn 0x8004B54C r31=800429A4 (old EBE10222) @t=14s
run.log.d:[coordw] R1000 entry 0x80077E88: EDFE0247 0DDBDACD 0110111F 0FEDFF00 at fn 0x80041534 r31=8002B168 (old 12000044) @t=16s
run.log.d:[coordw] R1000 entry 0x80077E88: EEBC0235 DF0EFEEF EDEFFCCB 42466420 at fn 0x80041534 r31=8002B168 (old EDFE0247) @t=20s
run.log.d:[coordw] R1000 entry 0x80077E88: 00000000 00000000 00000000 00000000 at fn 0x80019524 r31=00000000 (old EEBC0235) @t=25s
run.log.d:[coordw] R1000 entry 0x80077E88: 27BDFFC8 3C038001 8C630000 2402FFFF at fn 0x800286CC r31=80028A74 (old 00000000) @t=25s
=UNPACKW=
run.log:[unpackw] R1001 UnpackCompressedBuffer a0=800AFC98 a1=801FA634 a2=00C00000 a3=FE1FFFFF r31=800197D0 src[0..3]=00000000 0E013A00 7400FE00 0051E014 dst[0..3]=000E013A 147400FE 00000051 00000010 @t=26s
run.log:[unpackw] R1001 UnpackCompressedBuffer a0=800B0704 a1=801F4E80 a2=00C01800 a3=FE1FFFFF r31=80019828 src[0..3]=00000000 00003520 0004DC00 0080016C dst[0..3]=00000035 000000DC 0000016C 0000023C @t=26s
run.log:[unpackw] R1001 UnpackCompressedBuffer a0=8004EABC a1=801F3634 a2=00200000 a3=FE1FFFFF r31=80019D74 src[0..3]=00000000 000010A0 00040800 8000082C dst[0..3]=00000010 00000008 0000002C 01E00000 @t=26s
run.log.d:[unpackw] R1001 UnpackCompressedBuffer a0=800AFC98 a1=801FA634 a2=00C00000 a3=FE1FFFFF r31=800197D0 src[0..3]=00000000 0E013A00 7400FE00 0051E014 dst[0..3]=000E013A 147400FE 00000051 00000010 @t=26s
run.log.d:[unpackw] R1001 UnpackCompressedBuffer a0=800B0704 a1=801F4E80 a2=00C01800 a3=FE1FFFFF r31=80019828 src[0..3]=00000000 00003520 0004DC00 0080016C dst[0..3]=00000035 000000DC 0000016C 0000023C @t=26s
run.log.d:[unpackw] R1001 UnpackCompressedBuffer a0=8004EABC a1=801F3634 a2=00200000 a3=FE1FFFFF r31=80019D74 src[0..3]=00000000 000010A0 00040800 8000082C dst[0..3]=00000010 00000008 0000002C 01E00000 @t=26s
=MODMISS=
run.log.d:[fldx] R790 expansion sequence entered (via full-handoff-stamp; coordinator slot EBE10222 543DAE66; R1002 staged f14@801D9724=00000000 gate=MISS f15@801F8724=00000000)
run.log.d:[fldx] R790 expansion sequence entered (via full-handoff-stamp; coordinator slot EEBC0235 DF0EFEEF; R1002 staged f14@801D9724=A7A20090 gate=MISS f15@801F8724=2F01009B)
run.log.d:[fldx] R790 expansion sequence entered (via full-handoff-stamp; coordinator slot 00000000 00000000; R1002 staged f14@801D9724=00000000 gate=MISS f15@801F8724=00000000)
run.log.d:[fldx] R790 expansion sequence entered (via full-handoff-stamp; coordinator slot 27BDFFC8 3C038001; R1002 staged f14@801D9724=0003FAFE gate=MATCH f15@801F8724=00000000)
run.log:[fldx2] R1005 RETARGET EXPANDED: file#14 LBA=108933 size=125304 staged 62 sectors, LZSS 260862 of 260862 words -> coordinator slot now: 27BDFFC8 3C038001 8C630000 2402FFFF
run.log:[fldx2] R1005 RETARGET EXPANDED: file#14 LBA=108933 size=125304 staged 62 sectors, LZSS 260862 of 260862 words -> coordinator slot now: 27BDFFC8 3C038001 8C630000 2402FFFF
run.log.d:[fldx2] R1005 RETARGET EXPANDED: file#14 LBA=108933 size=125304 staged 62 sectors, LZSS 260862 of 260862 words -> coordinator slot now: 27BDFFC8 3C038001 8C630000 2402FFFF
run.log.d:[fldx2] R1005 RETARGET EXPANDED: file#14 LBA=108933 size=125304 staged 62 sectors, LZSS 260862 of 260862 words -> coordinator slot now: 27BDFFC8 3C038001 8C630000 2402FFFF
run.log.d:[fldx2] R1005 RETARGET EXPANDED: file#14 LBA=108933 size=125304 staged 62 sectors, LZSS 260862 of 260862 words -> coordinator slot now: 27BDFFC8 3C038001 8C630000 2402FFFF
run.log.d:[fldx2] R1005 RETARGET EXPANDED: file#14 LBA=108933 size=125304 staged 62 sectors, LZSS 260862 of 260862 words -> coordinator slot now: 27BDFFC8 3C038001 8C630000 2402FFFF
=MODEXEC=
run.log:[modhdr]   stagedf14 @801D9724: A7A20090 2A220003 1440FFF5 00911021
run.log:[modhdr]   stagedf15 @801F8724: 2F01009B C60A04A4 01188FC0 04280418
run.log:[modhdr] R1003 module-window LZSS-header candidates @t=25s:
run.log:[modhdr]   winbase @8006F000: 00000000 00000000 00000000 00000000
run.log:[modhdr]   modbase @8006FAF8: 00000000 00000000 00000000 00000000
run.log:[modhdr]   file3dst @8007F2F8: 00000000 00000000 00000000 00000000
run.log:[modhdr]   stage2ref @8007EBF0: 00000000 00000000 00000000 00000000
run.log:[modhdr]   stagedf14 @801D9724: 00000000 00000000 00000000 00000000
run.log:[modhdr]   stagedf15 @801F8724: 00000000 00000000 00000000 00000000
run.log:[modhdr] R1003 module-window LZSS-header candidates @t=26s:
run.log:[modhdr]   winbase @8006F000: 00000000 00000000 00000000 00000000
run.log:[modhdr]   modbase @8006FAF8: FFFFFF9C 000007D0 00000000 5254414D
run.log:[modhdr]   file3dst @8007F2F8: 340701F0 00002821 00003021 8FAA0030
run.log:[modhdr]   stage2ref @8007EBF0: 26B52A14 02158821 00002821 00003021
run.log:[modhdr]   stagedf14 @801D9724: 0003FAFE 01000404 FFFF9C30 0702D0FF
run.log:[modhdr]   stagedf15 @801F8724: 00[digestcap] R865: digest was   419580B - kept head 16KB + DEATH EVIDENCE + tail 12KB (death receipts must survive the cap - c454's EXITTAIL was cut by the middle-capper and the death went unnamed)
=DEATHREC=
--- EXITTAIL (run.log last 96) ---
[lzss-inpast] token read past input end (end=0x800502FD) @0x80077180
[lzss-inpast] token read past input end (end=0x800502FD) @0x80076F08
[lzss-inpast] token read past input end (end=0x800502FD) @0x8007EBE8
[lzss-inpast] token read past input end (end=0x800502FD) @0x800A49E0
[lzss-inpast] token read past input end (end=0x800502FD) @0x800AA6A8
[lzss-inpast] token read past input end (end=0x800502FD) @0x800AFC90
[lzss-inpast] token read past input end (end=0x800502FD) @0x8005783C
[lzss-inpast] token read past input end (end=0x800502FD) @0x80057840
[lzss-inpast] token read past input end (end=0x800502FD) @0x80077014
[lzss-inpast] token read past input end (end=0x800502FD) @0x80077014
[lzss-inpast] token read past input end (end=0x800502FD) @0x80077014
[lzss-inpast] token read past input end (end=0x800502FD) @0x8005F2D8
[lzss-inpast] token read past input end (end=0x800502FD) @0x80077014
[lzss-inpast] token read past input end (end=0x800502FD) @0x80077180
[lzss-inpast] token read past input end (end=0x800502FD) @0x80076F08
[lzss-inpast] token read past input end (end=0x800502FD) @0x80077014
[lzss-inpast] token read past input end (end=0x800502FD) @0x80077180
[lzss-inpast] token read past input end (end=0x800502FD) @0x80076F08
[lzss-inpast] token read past input end (end=0x800502FD) @0x8007EBE8
[lzss-inpast] token read past input end (end=0x800502FD) @0x800A49E0
[lzss-inpast] token read past input end (end=0x800502FD) @0x800AA6A8
[lzss-inpast] token read past input end (end=0x800502FD) @0x800AFC90
[lzss-inpast] token read past input end (end=0x800502FD) @0x80057844
[lzss-inpast] token read past input end (end=0x800502FD) @0x80058960
[lzss-inpast] token read past input end (end=0x800502FD) @0x801FFF18
[lzss-inpast] token read past input end (end=0x800502FD) @0x801FFF14
[lzss-inpast] token read past input end (end=0x800502FD) @0x801FFF10
[lzss-inpast] token read past input end (end=0x800502FD) @0x8005A228
[lzss-inpast] token read past input end (end=0x800502FD) @0x8005A22C
[lzss-inpast] token read past input end (end=0x800502FD) @0x80077014
[lzss-inpast] token read past input end (end=0x800502FD) @0x80077014
[lzss-inpast] token read past input end (end=0x800502FD) @0x80077014
[lzss-inpast] token read past input end (end=0x800502FD) @0x8005F2D8
[lzss-inpast] token read past input end (end=0x800502FD) @0x80077014
[lzss-inpast] token read past input end (end=0x800502FD) @0x80077180
[lzss-inpast] token read past input end (end=0x800502FD) @0x80076F08
[lzss-inpast] token read past input end (end=0x800502FD) @0x80077014
[lzss-inpast] token read past input end (end=0x800502FD) @0x80077180
[lzss-inpast] token read past input end (end=0x800502FD) @0x80076F08
[lzss-inpast] token read past input end (end=0x800502FD) @0x8007EBE8
[lzss-inpast] token read past input end (end=0x800502FD) @0x800A49E0
[lzss-inpast] token read past input end (end=0x800502FD) @0x800AA6A8
[lzss-inpast] token read past input end (end=0x800502FD) @0x800AFC90
[lzss-inpast] token read past input end (end=0x800502FD) @0x80077014
[lzss-inpast] token read past input end (end=0x800502FD) @0x80077014
[lzss-inpast] token read past input end (end=0x800502FD) @0x80077014
[lzss-inpast] token read past input end (end=0x800502FD) @0x8005F2D8
[lzss-inpast] token read past input end (end=0x800502FD) @0x80077014
[lzss-inpast] token read past input end (end=0x800502FD) @0x80077180
[lzss-inpast] token read past input end (end=0x800502FD) @0x80076F08
[lzss-inpast] token read past input end (end=0x800502FD) @0x80077014
[lzss-inpast] token read past input end (end=0x800502FD) @0x80077180
[lzss-inpast] token read past input end (end=0x800502FD) @0x80076F08
[lzss-inpast] token read past input end (end=0x800502FD) @0x8007EBE8
[lzss-inpast] token read past input end (end=0x800502FD) @0x800A49E0
[lzss-inpast] token read past input end (end=0x800502FD) @0x800AA6A8
[lzss-inpast] token read past input end (end=0x800502FD) @0x800AFC90
[lzss-inpast] token read past input end (end=0x800502FD) @0x800567B4
[lzss-inpast] token read past input end (end=0x800502FD) @0x801FFF48
[lzss-inpast] token read past input end (end=0x800502FD) @0x801FFF44
[lzss-inpast] token read past input end (end=0x800502FD) @0x801FFF40
[lzss-inpast] token read past input end (end=0x800502FD) @0x801FFF3C
[lzss-inpast] token read past input end (end=0x800502FD) @0x801FFF38
[lzss-inpast] token read past input end (end=0x800502FD) @0x801FFF60
[lzss-inpast] token read past input end (end=0x800502FD) @0x801FFF7C
[lzss-inpast] token read past input end (end=0x800502FD) @0x801FFF78
[lzss-inpast] token read past input end (end=0x800502FD) @0x80077014
[lzss-inpast] token read past input end (end=0x800502FD) @0x80077014
[lzss-inpast] token read past input end (end=0x800502FD) @0x80077014
[lzss-inpast] token read past input end (end=0x800502FD) @0x8005F2D8
[lzss-inpast] token read past input end (end=0x800502FD) @0x80077014
[lzss-inpast] token read past input end (end=0x800502FD) @0x80077180
[lzss-inpast] token read past input end (end=0x800502FD) @0x80076F08
[lzss-inpast] token read past input end (end=0x800502FD) @0x80077014
[lzss-inpast] token read past input end (end=0x800502FD) @0x80077180
[lzss-inpast] token read past input end (end=0x800502FD) @0x80076F08
[logbudget] R971 50MB receipt budget EXHAUSTED - r861_out now silent for the rest of the run (c80's 187MB log-storm defense)
[pendclr] R1167 pending INT1 (site=7 cmd=02 LBA=109158) CLEARED @t=168s, 142s after armed, 0 pumps since set, clears=203
[pendclr] R1167 pending INT1 (site=7 cmd=02 LBA=109158) CLEARED @t=170s, 144s after armed, 0 pumps since set, clears=204
[pendclr] R1167 pending INT1 (site=7 cmd=02 LBA=109158) CLEARED @t=172s, 146s after armed, 0 pumps since set, clears=205
[pendclr] R1167 pending INT1 (site=7 cmd=02 LBA=109158) CLEARED @t=174s, 148s after armed, 0 pumps since set, clears=206
[chaincam] R1115 CD_datasync entry #15728640 sp(r29)=801FFF50 r31caller=80041420 r16=00000000
[pendclr] R1167 pending INT3 (site=7 cmd=02 LBA=109158) CLEARED @t=176s, 150s after armed, 0 pumps since set, clears=207
[gpucls] R939 cmd census: fill=8 copy=0 rect=57 line=0 poly=0 dropped=0 words_exec=252 | poly#1 cmd=00 w1=00000000 w2=00000000 w3=00000000 | dropped_cmds: | fill#1: 02000000 00000000 01E00180 | rect#1 cmd=64: 64000000 00580020 3C000000 00300100 | vram_writes=1474560
[pendclr] R1167 pending INT3 (site=7 cmd=02 LBA=109158) CLEARED @t=176s, 150s after armed, 0 pumps since set, clears=208
[pendclr] R1167 pending INT3 (site=7 cmd=02 LBA=109158) CLEARED @t=176s, 150s after armed, 0 pumps since set, clears=209
[exeguard] R1065 #1 D_80010000 restored 0x00000000 -> 0xFFFFFFFF (pristine exe value; FieldMain beq -1 skip contract, c229 addr=0x6 fault; decomp: read-only flag)
[skiphook] R1058 #1 invalid dispatch target 00000000 skipped (cur_fn 801D3190 r31 01E00180) - garbage callback, caller continues (R1037 c191 contract generalized) [pendclr] R1167 pending INT3 (site=7 cmd=02 LBA=109158) CLEARED @t=176s, 150s after armed, 0 pumps since set, clears=210
[skiphook] R1058 #2 invalid dispatch target 00000000 skipped (cur_fn 800415B4 r31 80077FE0) - garbage callback, caller continues (R1037 c191 contract generalized) [vsyncheal] R1067 #1 g_pGPUSTAT re-seeded 0 -> 0x1F801814 (pristine exe value, libetc vsync.c:14 deref contract; c232 Vsync addr=0 fault class)
[vsyncheal] R1067 #2 g_pTMR_HRETRACE_VAL re-seeded 0 -> 0x1F801110 (pristine exe value, libetc vsync.c:14 deref contract; c232 Vsync addr=0 fault class)
[skiphook] R1058 #3 invalid dispatch target 00000000 skipped (cur_fn 801D3190 r31 00000000) - garbage callback, caller continues (R1037 c191 contract generalized) [skiphook] R1058 #4 invalid dispatch target 00000000 skipped (cur_fn 801D3190 r31 00000000) - garbage callback, caller continues (R1037 c191 contract generalized) [spudev] SPU reset complete: 512KB SPU RAM initialized, 24 voices ready.
[mdec] reset complete
[memcard] formatted fresh 128KB image
[memcard] reset complete
[rungasp] R806 process exit status=137 (0=clean main-return; 99=kit/exitdiag door _exit; 9=fuse SIGKILL; 11/139=host SIGSEGV; 10/138=SIGBUS; 6=SIGABRT) - the silent-death class camera (c385-390: runs died at 10-32s with NO crash dump, NO exit receipt; the wait status names the door)
[logcap] end tail
--- asan ---
--- canaryrec ---
--- abrtrec ---
--- segvdie ---
--- segvrec ---
0 | FDF8=14360 FE04=0001aa66 FE1C=1 FE20=0 FDE4=00000000 FDE8=00000000 | batch FE08=801ef300 FE0C=00000000 FE10=00000000 FE34=00000000 | q10=00331724/00000001 q18=000000a0/00010102 | rs+18=00331724 rs+1C=00000001 | R822 walker: FAEC=00000000 92C0=00000006 92BC=801ef300 92D0=00000000 F0C=00000012 F10=00331724
run.log:[fldfrz] t=120s sectors=146 | seek=109158 pend=0 sched=0 act=1 arm1=0 loaded=1 data=0/2060 cmd=02 resp=0/0 | FDF8=14360 FE04=0001aa66 FE1C=1 FE20=0 FDE4=00000000 FDE8=00000000 | batch FE08=801ef300 FE0C=00000000 FE10=00000000 FE34=00000000 | q10=00331724/00000001 q18=000000a0/00010102 | rs+18=00331724 rs+1C=00000001 | R822 walker: FAEC=00000000 92C0=00000006 92BC=801ef300 92D0=00000000 F0C=00000012 F10=00331724
run.log:[fldfrz] t=136s sectors=146 | seek=109158 pend=0 sched=0 act=1 arm1=0 loaded=1 data=0/2060 cmd=02 resp=0/0 | FDF8=14360 FE04=0001aa66 FE1C=1 FE20=0 FDE4=00000000 FDE8=00000000 | batch FE08=801ef300 FE0C=00000000 FE10=00000000 FE34=00000000 | q10=00331724/00000001 q18=000000a0/00010102 | rs+18=00331724 rs+1C=00000001 | R822 walker: FAEC=00000000 92C0=00000006 92BC=801ef300 92D0=00000000 F0C=00000012 F10=00331724
run.log:[fldfrz] t=152s sectors=146 | seek=109158 pend=0 sched=0 act=1 arm1=0 loaded=1 data=0/2060 cmd=02 resp=0/0 | FDF8=14360 FE04=0001aa66 FE1C=1 FE20=0 FDE4=00000000 FDE8=00000000 | batch FE08=801ef300 FE0C=00000000 FE10=00000000 FE34=00000000 | q10=00331724/00000001 q18=000000a0/00010102 | rs+18=00331724 rs+1C=00000001 | R822 walker: FAEC=00000000 92C0=00000006 92BC=801ef300 92D0=00000000 F0C=00000012 F10=00331724
run.log.d:[fldfrz] t=72s sectors=146 | seek=109158 pend=0 sched=0 act=1 arm1=0 loaded=1 data=0/2060 cmd=02 resp=0/0 | FDF8=14360 FE04=0001aa66 FE1C=1 FE20=0 FDE4=00000000 FDE8=00000000 | batch FE08=801ef300 FE0C=00000000 FE10=00000000 FE34=00000000 | q10=00331724/00000001 q18=000000a0/00010102 | rs+18=00331724 rs+1C=00000001 | R822 walker: FAEC=00000000 92C0=00000006 92BC=801ef300 92D0=00000000 F0C=00000012 F10=00331724
run.log.d:[fldfrz] t=88s sectors=146 | seek=109158 pend=0 sched=0 act=1 arm1=0 loaded=1 data=0/2060 cmd=02 resp=0/0 | FDF8=14360 FE04=0001aa66 FE1C=1 FE20=0 FDE4=00000000 FDE8=00000000 | batch FE08=801ef300 FE0C=00000000 FE10=00000000 FE34=00000000 | q10=00331724/00000001 q18=000000a0/00010102 | rs+18=00331724 rs+1C=00000001 | R822 walker: FAEC=00000000 92C0=00000006 92BC=801ef300 92D0=00000000 F0C=00000012 F10=00331724
=ABORTMSG=
=STATESTAMP=
run.log:[statestamp] R821 EARLY HANDOFF at bootentry #2 (pre-walker stamp; walker's t=6s stub pass sees proceed posture)
run.log:[statestamp] R814 FULL HANDOFF STAMPED #1: FAEC=1, 92C0=-1, 92BC=1, 92D0=0, 9330=1 (walker latch - proceed posture) - walker + dispatcher + R758 walk chain take it from here
run.log:[statestamp] R821 EARLY HANDOFF at bootentry #3 (pre-walker stamp; walker's t=6s stub pass sees proceed posture)
run.log:[statestamp] R821 EARLY HANDOFF at bootentry #4 (pre-walker stamp; walker's t=6s stub pass sees proceed posture)
run.log:[statestamp] R814 FULL HANDOFF STAMPED #2: FAEC=1, 92C0=-1, 92BC=1, 92D0=0, 9330=1 (walker latch - proceed posture) - walker + dispatcher + R758 walk chain take it from here
run.log:[statestamp] R821 EARLY HANDOFF at bootentry #5 (pre-walker stamp; walker's t=6s stub pass sees proceed posture)
run.log:[statestamp] R821 EARLY HANDOFF at bootentry #6 (pre-walker stamp; walker's t=6s stub pass sees proceed posture)
run.log:[statestamp] R814 FULL HANDOFF STAMPED #3: FAEC=1, 92C0=-1, 92BC=1, 92D0=0, 9330=1 (walker latch - proceed posture) - walker + dispatcher + R758 walk chain take it from here
run.log:[statestamp] R821 EARLY HANDOFF at bootentry #7 (pre-walker stamp; walker's t=6s stub pass sees proceed posture)
run.log:[statestamp] R814 FULL HANDOFF STAMPED #4: FAEC=1, 92C0=-1, 92BC=1, 92D0=0, 9330=1 (walker latch - proceed posture) - walker + dispatcher + R758 walk chain take it from here
run.log.d:[statestamp] R821 EARLY HANDOFF at bootentry #2 (pre-walker stamp; walker's t=6s stub pass sees proceed posture)
run.log.d:[statestamp] R814 FULL HANDOFF STAMPED #1: FAEC=1, 92C0=-1, 92BC=1, 92D0=0, 9330=1 (walker latch - proceed posture) - walker + dispatcher + R758 walk chain take it from here
=DEV=
run.log:[dev] write 0x1F801800 = 0x00000001
run.log:[dev] read  0x1F801803 = 0x00000000 (n=2)
run.log:[dev] write 0x1F801800 = 0x00000000
run.log:[dev] write 0x1F801803 = 0x00000000
run.log:[dev] write 0x1F801800 = 0x00000000
run.log:[dev] write 0x1F801801 = 0x00000001
run.log:[dev] read  0x1F801800 = 0x00000024 (n=7)
run.log:[dev] write 0x1F80104A = 0x00000000
run.log:[dev] write 0x1F80104A = 0x00000000
run.log:[dev] write 0x1F80104A = 0x00000000
run.log:[dev] write 0x1F80104A = 0x00000000
run.log:[dev] write 0x1F801800 = 0x00000001
run.log:[dev] read  0x1F801803 = 0x00000003 (n=13)
run.log:[dev] read  0x1F801803 = 0x00000003 (n=14)
run.log:[dev] read  0x1F801800 = 0x00000025 (n=15)
run.log:[dev] read  0x1F801801 = 0x00000002 (n=16)
run.log:[dev] read  0x1F801800 = 0x00000025 (n=17)
run.log:[dev] read  0x1F801801 = 0x00000002 (n=18)
run.log:[dev] read  0x1F801800 = 0x00000025 (n=19)
run.log:[dev] read  0x1F801801 = 0x00000002 (n=20)
run.log:[dev] read  0x1F801800 = 0x00000025 (n=21)
run.log:[dev] read  0x1F801801 = 0x00000002 (n=22)
run.log:[dev] read  0x1F801800 = 0x00000025 (n=23)
run.log:[dev] read  0x1F801801 = 0x00000002 (n=24)
run.log.d:[dev] write 0x1F801800 = 0x00000001
run.log.d:[dev] read  0x1F801803 = 0x00000000 (n=2)
run.log.d:[dev] write 0x1F801800 = 0x00000000
run.log.d:[dev] write 0x1F801803 = 0x00000000
run.log.d:[dev] write 0x1F801800 = 0x00000000
run.log.d:[dev] write 0x1F801801 = 0x00000001
run.log.d:[dev] read  0x1F801800 = 0x00000024 (n=7)
run.log.d:[dev] write 0x1F80104A = 0x00000000
run.log.d:[dev] write 0x1F80104A = 0x00000000
run.log.d:[dev] write 0x1F80104A = 0x00000000
run.log.d:[dev] write 0x1F80104A = 0x00000000
run.log.d:[dev] write 0x1F801800 = 0x00000001
run.log.d:[dev] read  0x1F801803 = 0x00000003 (n=13)
run.log.d:[dev] read  0x1F801803 = 0x00000003 (n=14)
run.log.d:[dev] read  0x1F801800 = 0x00000025 (n=15)
run.log.d:[dev] read  0x1F801801 = 0x00000002 (n=16)
run.log.d:[dev] read  0x1F801800 = 0x00000025 (n=17)
run.log.d:[dev] read  0x1F801801 = 0x00000002 (n=18)
run.log.d:[dev] read  0x1F801800 = 0x00000025 (n=19)
run.log.d:[dev] read  0x1F801801 = 0x00000002 (n=20)
run.log.d:[dev] read  0x1F801800 = 0x00000025 (n=21)
run.log.d:[dev] read  0x1F801801 = 0x00000002 (n=22)
run.log.d:[dev] read  0x1F801800 = 0x00000025 (n=23)
run.log.d:[dev] read  0x1F801801 = 0x00000002 (n=24)
=DIR2=
=BANKW=
[bankw] R778 BANK WRITE 800B3260 <- 801FBFF8 writer_fn=80031C58 (bank1)
[bankw] R778 BANK WRITE 800B3264 <- 840A0001 writer_fn=80031C58 (bank1)
[bankheal] R900 bank head SEEDED @allocator door #1: 800B3260 0 -> 801FBFF8, 800B3264 -> 840A0001 (the allocator's own healthy [bankw] write pattern; walk sees a real list instead of null)
[bankw] R778 BANK WRITE 800B3260 <- 801FBFF8 writer_fn=80031C58 (bank1)
[bankw] R778 BANK WRITE 800B3264 <- 840A0001 writer_fn=80031C58 (bank1)
[bankheal] R900 bank head SEEDED @allocator door #2: 800B3260 0 -> 801FBFF8, 800B3264 -> 840A0001 (the allocator's own healthy [bankw] write pattern; walk sees a real list instead of null)
[bankw] R778 BANK WRITE 800B3260 <- 801FBFF8 writer_fn=80031C58 (bank1)
[bankw] R778 BANK WRITE 800B3264 <- 840A0001 writer_fn=80031C58 (bank1)
[bankheal] R900 bank head SEEDED @allocator door #3: 800B3260 0 -> 801FBFF8, 800B3264 -> 840A0001 (the allocator's own healthy [bankw] write pattern; walk sees a real list instead of null)
[bankw] R778 BANK WRITE 800B3CCC <- 801FA634 writer_fn=80031E6C (bank1)
[bankw] R778 BANK WRITE 800B3CCC <- 801F4E80 writer_fn=80031DA8 (bank1)
[bankw] R778 BANK WRITE 800B3CCC <- 801F2B20 writer_fn=80031DA8 (bank1)
[bankw] R778 BANK WRITE 800B3CD0 <- 84000000 writer_fn=800320E8 (bank1)
[bankw] R778 BANK WRITE 800B3CCC <- 801EF300 writer_fn=80031DA8 (bank1)
=FTAB2=
[archbase] R1100 archive base cell 4FDF0 00000000 -> 80010004 (wipe class R1014/R1067 + R1133 degenerate-small class: c314 archw receipted writer v_wait 0x8004B694 storing 1, timeout[] is a stack local per decomp psyq/libetc/vsync.c - misdirected store; healthy value receipted [ftab]/[stab] every cycle)
[ftab] file#=2 base=0x80010004 off=23 gate48=0x00000000 entry=0x800100AC bytes=D2A801F0F00000 -> LBA=108754 size=61680
[ftab] file#=2 base=0x80010004 off=23 gate48=0x00000000 entry=0x800100AC bytes=D2A801F0F00000 -> LBA=108754 size=61680
[ftab] file#=3 base=0x80010004 off=23 gate48=0x00000000 entry=0x800100B3 bytes=F1A801F05D0200 -> LBA=108785 size=155120
[ftab] file#=4 base=0x80010004 off=23 gate48=0x00000000 entry=0x800100BA bytes=3DA901C05C0000 -> LBA=108861 size=23744
[ftab] file#=5 base=0x80010004 off=23 gate48=0x00000000 entry=0x800100C1 bytes=49A901E0550000 -> LBA=108873 size=21984
[ftab] file#=2 base=0x80010004 off=23 gate48=0x00000000 entry=0x800100AC bytes=D2A801F0F00000 -> LBA=108754 size=61680
[ftab] file#=3 base=0x80010004 off=23 gate48=0x00000000 entry=0x800100B3 bytes=F1A801F05D0200 -> LBA=108785 size=155120
[ftab] file#=4 base=0x80010004 off=23 gate48=0x00000000 entry=0x800100BA bytes=3DA901C05C0000 -> LBA=108861 size=23744
[ftab] file#=5 base=0x80010004 off=23 gate48=0x00000000 entry=0x800100C1 bytes=49A901E0550000 -> LBA=108873 size=21984
[ftab] file#=6 base=0x80010004 off=23 gate48=0x00000000 entry=0x800100C8 bytes=54A901640A0000 -> LBA=108884 size=2660
[ftab] file#=2 base=0x80010004 off=23 gate48=0x00000000 entry=0x800100AC bytes=D2A801F0F00000 -> LBA=108754 size=61680
[ftab] file#=3 base=0x80010004 off=23 gate48=0x00000000 entry=0x800100B3 bytes=F1A801F05D0200 -> LBA=108785 size=155120
[ftab] file#=4 base=0x80010004 off=23 gate48=0x00000000 entry=0x800100BA bytes=3DA901C05C0000 -> LBA=108861 size=23744
[ftab] file#=5 base=0x80010004 off=23 gate48=0x00000000 entry=0x800100C1 bytes=49A901E0550000 -> LBA=108873 size=21984
[ftab] file#=2 base=0x80010004 off=23 gate48=0x00000000 entry=0x800100AC bytes=D2A801F0F00000 -> LBA=108754 size=61680
[ftab] file#=3 base=0x80010004 off=23 gate48=0x00000000 entry=0x800100B3 bytes=F1A801F05D0200 -> LBA=108785 size=155120
[ftab] file#=4 base=0x80010004 off=23 gate48=0x00000000 entry=0x800100BA bytes=3DA901C05C0000 -> LBA=108861 size=23744
[ftab] file#=5 base=0x80010004 off=23 gate48=0x00000000 entry=0x800100C1 bytes=49A901E0550000 -> LBA=108873 size=21984
[archbase] R1100 archive base cell 4FDF0 00000000 -> 80010004 (wipe class R1014/R1067 + R1133 degenerate-small class: c314 archw receipted writer v_wait 0x8004B694 storing 1, timeout[] is a stack local per decomp psyq/libetc/vsync.c - misdirected store; healthy value receipted [ftab]/[stab] every cycle)
[ftab] file#=2 base=0x80010004 off=23 gate48=0x00000000 entry=0x800100AC bytes=D2A801F0F00000 -> LBA=108754 size=61680
[ftab] file#=3 base=0x80010004 off=23 gate48=0x00000000 entry=0x800100B3 bytes=F1A801F05D0200 -> LBA=108785 size=155120
[ftab] file#=2 base=0x80010004 off=23 gate48=0x00000000 entry=0x800100AC bytes=D2A801F0F00000 -> LBA=108754 size=61680
[ftab] file#=3 base=0x80010004 off=23 gate48=0x00000000 entry=0x800100B3 bytes=F1A801F05D0200 -> LBA=108785 size=155120
[ftab] file#=4 base=0x80010004 off=23 gate48=0x00000000 entry=0x800100BA bytes=3DA901C05C0000 -> LBA=108861 size=23744
[ftab] file#=2 base=0x80010004 off=23 gate48=0x00000000 entry=0x800100AC bytes=D2A801F0F00000 -> LBA=108754 size=61680
[ftab] size-lookup fn_80028738(file#=18) caller=0x80019A48
[ftab] FAT neighborhood (base=0x80010004 off=23)
[ftab] file#=1: LBA=108754 size=-6  <== DIRECTORY MARKER
[ftab] file#=2: LBA=108754 size=61680
[ftab] file#=3: LBA=108785 size=155120
[ftab] file#=4: LBA=108861 size=23744
[ftab] file#=5: LBA=108873 size=21984
[ftab] file#=6: LBA=108884 size=2660
[ftab] file#=7: LBA=108886 size=13768
[ftab] file#=8: LBA=0 size=0
[ftab] file#=9: LBA=0 size=0
[ftab] file#=10: LBA=0 size=0
[ftab] file#=11: LBA=0 size=0
[ftab] file#=12: LBA=108893 size=-6  <== DIRECTORY MARKER
=FTAB2=
[emitgate] R1020 post-run capture hash stamped to .run.md5 (alternate gate match; c135/c136 infinite fresh-emit fix)
