[disc] R1236 disc path resolved: /Users/joshuaghoreishi/Desktop/PS7Z/PS1Games/Xenogears (USA) (Disc 1)/Xenogears (USA) (Disc 1)/Xenogears (USA) (Disc 1).bin
[disc] BIN=/Users/joshuaghoreishi/Desktop/PS7Z/PS1Games/Xenogears (USA) (Disc 1)/Xenogears (USA) (Disc 1)/Xenogears (USA) (Disc 1).bin (found)
--- build ---
run.sh build R1024
tool health: exec rc=1 magic=cffaedfe out=[usage: xenolift <psx-exe> [out.c]        xenolift --ftab <psx-exe> [--disc <disc-image>] ]
cargo: SKIPPED (Rust source content unchanged — md5 gate)
[timing] cargo build: 0s (cycle total: 0s)
emit: SKIPPED (capture hash stable — matched emit hash; R1020 gate)
[emit] R224 guard already present
[emit] R873 spuerr body stub already present
[emit] R902 walk terminator guard already present
[emit] R903 widened guard already present
[emit] R904 exact-fit guard already present
[emit] R1202 null-block free guard already present
[emit] R323 dispatch already pristine
[emit] R1394 dispatch guard already present
[emit] R752 no-churn: R758 gated bypass present and healthy - disc1.c untouched (compile cache stays valid)
overlay module: 135168 bytes mapped at 0x8006F000 (32450 nonzero words)
overlay fault-capture mapped OVER pre-menu snapshot: 135168 bytes, 31763 nonzero words (R681 real field coordinator)
overlay coordinator entry 0x80077E88 first words: 8E020050 3C04800A 2484A3F0 00021303 (R682 proof - zeros = blank-page crash recurs)
overlay stage-2 module: 135168 bytes mapped at 0x801D3000 (10707 nonzero words)
coverage: 1868816 bytes natively translated total; 449696 within the 512KB exe image (85.8%); 1419120 overlay/extra bytes; 3601 functions
reference ingest: +943 decomp symbols merged (xenogears-decomp SLUS-006.64; decomp names authoritative)
symbol map file: disc1.map (1481 named entries)
symbol map: 1481 named functions
symbol map file: disc1.map (1481 named entries)
seams: 209 hardware-touch sites across 42 functions (seams.txt - the HLE contract list v1)
wrote disc1.c
coverage: 1868816 bytes natively translated total; 449696 within the 512KB exe image (85.8%); 1419120 overlay/extra bytes; 3601 functions
seams: 209 hardware-touch sites across 42 functions (seams.txt - the HLE contract list v1)
[timing] emit: 0s (cycle total: 0s)
[emit] R923 walk cursor guard already present
[emit] R925 lzss op-count abort already present (R1011: marker now keyed to the guard CODE text - R1010 checked a string that never matched the emitted comment form R925/R926/R927, my own marker-mismatch repeat of the original bug; the guard code substring g_lzss_overrun_reads > 4096u is form-independent)
[emit] R926 signature-based abort already present (R1011 code-keyed marker)
[emit] R927 telemetry already present
[emit] R928 heap-band guards already present
[emit] R929 Vsync recursion cap already present
[emit] R933 CD callback slot heal already present
[emit] R935 freelist head heal already present
[emit] R936 DrawPrim camera already present
[emit] R1051 bodycam 8003342C already present
[emit] R1051 bodycam 800320A4 already present
[emit] R1051 bodycam 801D002C already present
[emit] R1051 bodycam 801D2FE8 already present
[emit] R1057 archlistcam 80028AC8 already present
[emit] R1106 menuchain 8001A4B4 already present
[emit] R1106 menuchain 8001A250 already present
[emit] R1106 menupunch 8001A344 already present
[emit] R1111 vsyncguard 57848 already present
[emit] R1111 vsyncguard 57844 already present
[emit] R1108 chaincam 80031B10 already present
[emit] R1108 chaincam 80031A30 already present
[emit] R1108 chaincam 80035DB0 already present
[emit] R1108 chaincam 8001996C already present
[emit] R1115 chaincam 8004293C already present
[emit] R1060 datacam 800392EC already present
[emit] R1060 datacam 80039120 already present
[emit] R1052 bodycam 80077E88 already present
[emit] R1052 bodycam 80076858 already present
[emit] R1056 taintheal 801D002C already present
[emit] R1056 taintheal 801D2FE8 already present
[ccache] R1157 compile: SKIPPED (disc1.c content hash unchanged - cached .o reused)
[ccache] R1157 compile: FRESH (runtime/runtime.c content hash changed/first build)
[ccache] R1157 compile: SKIPPED (hle/hle_gpu.c content hash unchanged - cached .o reused)
[ccache] R1157 compile: SKIPPED (hle/hle_gte.c content hash unchanged - cached .o reused)
[ccache] R1157 compile: SKIPPED (hle/hle_spu.c content hash unchanged - cached .o reused)
[ccache] R1157 compile: SKIPPED (hle/hle_mdec.c content hash unchanged - cached .o reused)
[ccache] R1157 compile: SKIPPED (hle/hle_memcard.c content hash unchanged - cached .o reused)
link: DONE
banner check: OK (runtime build R1291 in binary)
[shieldcheck] dmashield PRESENT in binary
[shieldcheck] mangleguard PRESENT in binary
[shieldcheck] ringw PRESENT in binary
[shieldcheck] reqres PRESENT in binary
[shieldcheck] carve2 PRESENT in binary
[shieldcheck] frclash PRESENT in binary
[shieldcheck] descw PRESENT in binary
[timing] compile+link: 5s (cycle total: 5s)
--- live viewer ---
--- run ---
[budget] R789 dynamic window cap: run budget 173s (compile 7s elapsed, digest margin 20s)
[prov] R1200 source archived: prev_run/runtime_last.c sha256=28688f9165b3750ba23a9676652649e531895d168cab5de83a59e79b2cc5a833
[rungasp] R806 process exit status=137 (0=clean main-return; 99=kit/exitdiag door _exit; 9=fuse SIGKILL; 11/139=host SIGSEGV; 10/138=SIGBUS; 6=SIGABRT) - the silent-death class camera (c385-390: runs died at 10-32s with NO crash dump, NO exit receipt; the wait status names the door)
[fuse] run fuse cleared (R356: 210s hard kill — digest always generates)
[timing] 15s run: 197s (cycle total: 202s)
--- digest ---
[digest] R751 log raw 2882645B -> capped  2778418B, assembling (this line visible = if digest is still empty, the block stalled, NOT the log)
=IRQW=
run.log:[hook] 0x80068960: 00000000 -> 00000000 at fn 0x80019524 sw_line=0 sp=00000000 r16=00000000
run.log:[hook] 0x80068964: 00000000 -> 00000000 at fn 0x80019524 sw_line=0 sp=00000000 r16=00000000
run.log:[hook] 0x80068960: 00000000 -> 00010001 at fn 0x800195A4 sw_line=132488 sp=801FFFC8 r16=00000000
run.log:[hook] 0x80068960: 00010001 -> 00020002 at fn 0x80046EFC sw_line=138230 sp=801FFF78 r16=801FFFD8
run.log:[hook] 0x80068960: 00020002 -> 00030003 at fn 0x800404D4 sw_line=123608 sp=801FFF88 r16=800625FC
run.log:[hook] 0x80068960: 00030003 -> 00040004 at fn 0x800404D4 sw_line=156724 sp=801FFFB0 r16=00000001
run.log:[hook] 0x80068960: 00040004 -> 00050005 at fn 0x8004B8D8 sw_line=148338 sp=801FFF80 r16=00000000
run.log:[hook] 0x80068960: 00050005 -> 00060006 at fn 0x80019658 sw_line=150818 sp=801FFFC8 r16=800592B8
run.log:[hook] 0x80068960: 00060006 -> 00070007 at fn 0x800428AC sw_line=128365 sp=801FFF58 r16=00000001
run.log:[hook] 0x80068960: 00070007 -> 00080008 at fn 0x800415B4 sw_line=123122 sp=801FFF10 r16=00000001
run.log:[hook] 0x80068960: 00080008 -> 00090009 at fn 0x800415B4 sw_line=127338 sp=801FFF10 r16=0000000A
run.log:[hook] 0x80068960: 00090009 -> 000A000A at fn 0x80041B24 sw_line=125171 sp=801FFEB0 r16=00000005
=EMITAUDIT=
[emitaudit] disc1.c printf-family call count: 1
253810:   R988 (b8-c99): the two fprintf(stderr,...) calls that lived here were THE hidden libc print entry (EMITAUDIT c99: "disc1.c printf-family call count: 2", both this fragment) behind the 10-cycle exit-134 class (macreport: __stack_chk_fail <- __xvprintf <- vfprintf_l <- fprintf attributed to real_main). Now routed through xenolift_receipt (runtime.c, non-static wrapper over xl_format + write(2)) - ZERO libc print machinery reachable from the guest binary. */
[emitaudit] R926 target present: 0
=EXITDIAG=
=COORDERA=
run.log.d:[wedgespin] R1195 read32 off=0x801FFE68 (rep, cur_fn 0x800320E8 depth=1 streak=65)
run.log.d:[wedgespin] R1195 read32 off=0x410024F8 (rep, cur_fn 0x800320E8 depth=1 streak=65)
run.log.d:[wedgespin] R1195 read32 off=0x80057848 (NEW, cur_fn 0x800320E8 depth=1 streak=65)
run.log.d:[wedgespin] R1195 read32 off=0x80057848 (rep, cur_fn 0x800320E8 depth=1 streak=65)
run.log.d:[wedgespin] R1195 read32 off=0x80057848 (rep, cur_fn 0x800320E8 depth=1 streak=65)
run.log.d:[rungasp] R806 process exit status=137 (0=clean main-return; 99=kit/exitdiag door _exit; 9=fuse SIGKILL; 11/139=host SIGSEGV; 10/138=SIGBUS; 6=SIGABRT) - the silent-death class camera (c385-390: runs died at 10-32s with NO crash dump, NO exit receipt; the wait status names the door)
run.log.d:[wedge] R1196 executed-binary xenogears_boot_123524 sha256=df375d0286057665836490acc55da8bd740276d3454558434e1cfa2e4d25d039 dSYM=prev_run/last.dSYM
run.log.d:[logcap] end tail
=SPXW=
=SNDREG=
run.log.d:[sndinit] R1012 SoundInitialize ENTRY: gate(957C)=0000 head(9410)=00000000 end(95E4)=00000000 size(951C)=00000000 a0=00000000 @t=16s
run.log.d:[sndinit] R1012 SoundHeapInitialize CALLED: start(a0)=80065B0C size(a1)=00006300 (static contract: 0x80065B0C, 0x6300) @t=16s
run.log.d:[sndinit] R966 SoundInitialize entry #4 a0=0x00000000 a1=0x00008000 r31=0x80019670 heapHead(59410)=0x00000000
run.log.d:[sndinit] R1012 SoundInitialize ENTRY: gate(957C)=0000 head(9410)=00000000 end(95E4)=00000000 size(951C)=00000000 a0=00000000 @t=44s
run.log.d:[sndinit] R1012 SoundHeapInitialize CALLED: start(a0)=80065B0C size(a1)=00006300 (static contract: 0x80065B0C, 0x6300) @t=44s
run.log.d:[sndinit] R966 SoundInitialize entry #5 a0=0x00000000 a1=0x00008000 r31=0x80019670 heapHead(59410)=0x00000000
run.log.d:[sndinit] R1012 SoundInitialize ENTRY: gate(957C)=0000 head(9410)=00000000 end(95E4)=00000000 size(951C)=00000000 a0=00000000 @t=55s
run.log.d:[sndinit] R1012 SoundHeapInitialize CALLED: start(a0)=80065B0C size(a1)=00006300 (static contract: 0x80065B0C, 0x6300) @t=55s
run.log.d:[gpu2reg] R1013 0x800465EC ENTRY: 69A4=1F801814 69A8=1F8010A0 69AC=1F8010A4 69B0=1F8010A8 A238w0=05FFFFFF r4=8005A238 r5=02000000 @t=16s
run.log.d:[gpu2reg] R1013 @DMA2-install: 69A4=1F801814 69A8=1F8010A0 A238w0=05FFFFFF @t=16s
run.log.d:[gpu2reg] R1013 0x800465EC ENTRY: 69A4=1F801814 69A8=1F8010A0 69AC=1F8010A4 69B0=1F8010A8 A238w0=05FFFFFF r4=801FFE4C r5=00000000 @t=31s
run.log.d:[gpu2reg] R1013 @DMA2-install: 69A4=1F801814 69A8=1F8010A0 A238w0=05FFFFFF @t=31s
run.log.d:[gpu2reg] R1013 0x800465EC ENTRY: 69A4=1F801814 69A8=1F8010A0 69AC=1F8010A4 69B0=1F8010A8 A238w0=05FFFFFF r4=8005A238 r5=02000000 @t=31s
run.log.d:[gpu2reg] R1013 @DMA2-install: 69A4=1F801814 69A8=1F8010A0 A238w0=05FFFFFF @t=31s
run.log.d:[gpu2reg] R1013 0x800465EC ENTRY: 69A4=1F801814 69A8=1F8010A0 69AC=1F8010A4 69B0=1F8010A8 A238w0=05FFFFFF r4=801FFE4C r5=00000000 @t=44s
run.log.d:[gpu2reg] R1013 @DMA2-install: 69A4=1F801814 69A8=1F8010A0 A238w0=05FFFFFF @t=44s
run.log.d:[gpu2reg] R1013 0x800465EC ENTRY: 69A4=1F801814 69A8=1F8010A0 69AC=1F8010A4 69B0=1F8010A8 A238w0=05FFFFFF r4=8005A238 r5=02000000 @t=44s
run.log.d:[gpu2reg] R1013 0x800465EC ENTRY: 69A4=1F801814 69A8=1F8010A0 69AC=1F8010A4 69B0=1F8010A8 A238w0=05FFFFFF r4=801FFE4C r5=00000000 @t=55s
=GATEMISS=
run.log:[cardgate] R1018 card gate serviced: A0(0x72) v0=1 a0=8005890C a1=800578A8 a2=FFFFFFFF (psyq libapi.h:110 card-init family; c132 gatemiss receipts) @t=16s
run.log:[cardgate] R1018 card gate serviced: B0(0x4A) v0=1 a0=00000001 a1=00000004 a2=8005A1C4 (psyq libapi.h:110 card-init family; c132 gatemiss receipts) @t=16s
run.log:[cardgate] R1018 card gate serviced: B0(0x4B) v0=1 a0=00000001 a1=00000004 a2=8005A1C4 (psyq libapi.h:110 card-init family; c132 gatemiss receipts) @t=16s
run.log:[cardgate] R1018 card gate serviced: A0(0x70) v0=1 a0=00000002 a1=00000004 a2=8005A1C4 (psyq libapi.h:110 card-init family; c132 gatemiss receipts) @t=16s
run.log.d:[cardgate] R1018 card gate serviced: A0(0x72) v0=1 a0=8005890C a1=800578A8 a2=00000000 (psyq libapi.h:110 card-init family; c132 gatemiss receipts) @t=0s
run.log.d:[cardgate] R1018 card gate serviced: B0(0x4A) v0=1 a0=00000001 a1=00000004 a2=8005A1C4 (psyq libapi.h:110 card-init family; c132 gatemiss receipts) @t=0s
run.log.d:[cardgate] R1018 card gate serviced: B0(0x4B) v0=1 a0=00000001 a1=00000004 a2=8005A1C4 (psyq libapi.h:110 card-init family; c132 gatemiss receipts) @t=0s
run.log.d:[cardgate] R1018 card gate serviced: A0(0x70) v0=1 a0=00000002 a1=00000004 a2=8005A1C4 (psyq libapi.h:110 card-init family; c132 gatemiss receipts) @t=0s
run.log.d:[cardgate] R1018 card gate serviced: A0(0x72) v0=1 a0=8005890C a1=800578A8 a2=FFFFFFFF (psyq libapi.h:110 card-init family; c132 gatemiss receipts) @t=16s
run.log.d:[cardgate] R1018 card gate serviced: B0(0x4A) v0=1 a0=00000001 a1=00000004 a2=8005A1C4 (psyq libapi.h:110 card-init family; c132 gatemiss receipts) @t=16s
run.log.d:[cardgate] R1018 card gate serviced: B0(0x4B) v0=1 a0=00000001 a1=00000004 a2=8005A1C4 (psyq libapi.h:110 card-init family; c132 gatemiss receipts) @t=16s
run.log.d:[cardgate] R1018 card gate serviced: A0(0x70) v0=1 a0=00000002 a1=00000004 a2=8005A1C4 (psyq libapi.h:110 card-init family; c132 gatemiss receipts) @t=16s
=COORDW=
run.log:[coordw] R1000 entry 0x80077E88: 27BDFFC8 3C038001 8C630000 2402FFFF at fn 0x800286CC r31=80028A74 (old EBE10222) @t=31s
run.log:[coordw] R1000 entry 0x80077E88: 00000000 00000000 00000000 00000000 at fn 0x80019524 r31=80032284 (old 27BDFFC8) @t=44s
run.log:[coordw] R1000 entry 0x80077E88: EBE10222 543DAE66 3FFCCCE1 B142E144 at fn 0x80041534 r31=8002B168 (old 00000000) @t=44s
run.log:[coordw] R1000 entry 0x80077E88: 27BDFFC8 3C038001 8C630000 2402FFFF at fn 0x800286CC r31=80028A74 (old EBE10222) @t=44s
run.log:[coordw] R1000 entry 0x80077E88: 00000000 00000000 00000000 00000000 at fn 0x80019524 r31=80032284 (old 27BDFFC8) @t=55s
run.log:[coordw] R1000 entry 0x80077E88: EBE10222 543DAE66 3FFCCCE1 B142E144 at fn 0x80041534 r31=8002B168 (old 00000000) @t=55s
run.log.d:[coordw] R1000 entry 0x80077E88: 00000000 00000000 00000000 00000000 at fn 0x80019524 r31=00000000 (old DEAD0000) @t=0s
run.log.d:[coordw] R1000 entry 0x80077E88: 27BDFFC8 3C038001 8C630000 2402FFFF at fn 0x800286CC r31=80028A74 (old 00000000) @t=2s
run.log.d:[coordw] R1000 entry 0x80077E88: 12000044 20FFEFF0 F00E1220 311F23FB at fn 0x800286CC r31=80028A74 (old 27BDFFC8) @t=3s
run.log.d:[coordw] R1000 entry 0x80077E88: 00000000 00000000 00000000 00000000 at fn 0x80019524 r31=80032284 (old 12000044) @t=16s
run.log.d:[coordw] R1000 entry 0x80077E88: 27BDFFC8 3C038001 8C630000 2402FFFF at fn 0x80041BA8 r31=80041C78 (old 00000000) @t=16s
run.log.d:[coordw] R1000 entry 0x80077E88: 12000044 20FFEFF0 F00E1220 311F23FB at fn 0x800286CC r31=80028A74 (old 27BDFFC8) @t=18s
run.log.d:[coordw] R1000 entry 0x80077E88: 00000000 00000000 00000000 00000000 at fn 0x80019524 r31=80032284 (old 12000044) @t=31s
run.log.d:[coordw] R1000 entry 0x80077E88: EBE10222 543DAE66 3FFCCCE1 B142E144 at fn 0x80041534 r31=8002B168 (old 00000000) @t=31s
run.log.d:[coordw] R1000 entry 0x80077E88: 27BDFFC8 3C038001 8C630000 2402FFFF at fn 0x800286CC r31=80028A74 (old EBE10222) @t=31s
run.log.d:[coordw] R1000 entry 0x80077E88: 00000000 00000000 00000000 00000000 at fn 0x80019524 r31=80032284 (old 27BDFFC8) @t=44s
run.log.d:[coordw] R1000 entry 0x80077E88: EBE10222 543DAE66 3FFCCCE1 B142E144 at fn 0x80041534 r31=8002B168 (old 00000000) @t=44s
run.log.d:[coordw] R1000 entry 0x80077E88: 27BDFFC8 3C038001 8C630000 2402FFFF at fn 0x800286CC r31=80028A74 (old EBE10222) @t=44s
run.log.d:[coordw] R1000 entry 0x80077E88: 00000000 00000000 00000000 00000000 at fn 0x80019524 r31=80032284 (old 27BDFFC8) @t=55s
run.log.d:[coordw] R1000 entry 0x80077E88: EBE10222 543DAE66 3FFCCCE1 B142E144 at fn 0x80041534 r31=8002B168 (old 00000000) @t=55s
=UNPACKW=
run.log:[unpackw] R1001 UnpackCompressedBuffer a0=00000000 a1=00000001 a2=00000001 a3=00800000 r31=800429A4 src[0..3]=00000000 00000000 00000000 00000000 dst[0..3]=00000000 00000000 00000000 00000000 @t=66s
run.log.d:[unpackw] R1001 UnpackCompressedBuffer a0=00000A64 a1=00000001 a2=00000001 a3=00800000 r31=00000000 src[0..3]=00000000 00000000 00000000 00000000 dst[0..3]=00000000 00000000 00000000 00000000 @t=9s
run.log.d:[unpackw] R1001 UnpackCompressedBuffer a0=000035C8 a1=00000001 a2=00000001 a3=00800000 r31=00000000 src[0..3]=00000000 00000000 00000000 00000000 dst[0..3]=00000000 00000000 00000000 00000000 @t=11s
run.log.d:[unpackw] R1001 UnpackCompressedBuffer a0=00000000 a1=00000001 a2=00000001 a3=00800000 r31=800429A4 src[0..3]=00000000 00000000 00000000 00000000 dst[0..3]=00000000 00000000 00000000 00000000 @t=16s
run.log.d:[unpackw] R1001 UnpackCompressedBuffer a0=00000A64 a1=00000001 a2=00000001 a3=00800000 r31=00000000 src[0..3]=00000000 00000000 00000000 00000000 dst[0..3]=00000000 00000000 00000000 00000000 @t=24s
run.log.d:[unpackw] R1001 UnpackCompressedBuffer a0=000035C8 a1=00000001 a2=00000001 a3=00800000 r31=00000000 src[0..3]=00000000 00000000 00000000 00000000 dst[0..3]=00000000 00000000 00000000 00000000 @t=26s
run.log.d:[unpackw] R1001 UnpackCompressedBuffer a0=00000000 a1=00000001 a2=00000001 a3=00800000 r31=800429A4 src[0..3]=00000000 00000000 00000000 00000000 dst[0..3]=00000000 00000000 00000000 00000000 @t=31s
run.log.d:[unpackw] R1001 UnpackCompressedBuffer a0=00000A64 a1=00000001 a2=00000001 a3=00800000 r31=00000000 src[0..3]=00000000 00000000 00000000 00000000 dst[0..3]=00000000 00000000 00000000 00000000 @t=37s
run.log.d:[unpackw] R1001 UnpackCompressedBuffer a0=000035C8 a1=00000001 a2=00000001 a3=00800000 r31=00000000 src[0..3]=00000000 00000000 00000000 00000000 dst[0..3]=00000000 00000000 00000000 00000000 @t=39s
run.log.d:[unpackw] R1001 UnpackCompressedBuffer a0=00000000 a1=00000001 a2=00000001 a3=00800000 r31=800429A4 src[0..3]=00000000 00000000 00000000 00000000 dst[0..3]=00000000 00000000 00000000 00000000 @t=44s
run.log.d:[unpackw] R1001 UnpackCompressedBuffer a0=00000A64 a1=00000001 a2=00000001 a3=00800000 r31=00000000 src[0..3]=00000000 00000000 00000000 00000000 dst[0..3]=00000000 00000000 00000000 00000000 @t=48s
run.log.d:[unpackw] R1001 UnpackCompressedBuffer a0=000035C8 a1=00000001 a2=00000001 a3=00800000 r31=00000000 src[0..3]=00000000 00000000 00000000 00000000 dst[0..3]=00000000 00000000 00000000 00000000 @t=50s
run.log.d:[unpackw] R1001 UnpackCompressedBuffer a0=00000000 a1=00000001 a2=00000001 a3=00800000 r31=800429A4 src[0..3]=00000000 00000000 00000000 00000000 dst[0..3]=00000000 00000000 00000000 00000000 @t=55s
run.log.d:[unpackw] R1001 UnpackCompressedBuffer a0=00000A64 a1=00000001 a2=00000001 a3=00800000 r31=00000000 src[0..3]=00000000 00000000 00000000 00000000 dst[0..3]=00000000 00000000 00000000 00000000 @t=59s
run.log.d:[unpackw] R1001 UnpackCompressedBuffer a0=000035C8 a1=00000001 a2=00000001 a3=00800000 r31=00000000 src[0..3]=00000000 00000000 00000000 00000000 dst[0..3]=00000000 00000000 00000000 00000000 @t=61s
run.log.d:[unpackw] R1001 UnpackCompressedBuffer a0=00000000 a1=00000001 a2=00000001 a3=00800000 r31=800429A4 src[0..3]=00000000 00000000 00000000 00000000 dst[0..3]=00000000 00000000 00000000 00000000 @t=66s
=MODMISS=
run.log.d:[fldx] R790 expansion sequence entered (via full-handoff-stamp; coordinator slot 00000000 00000000; R1002 staged f14@801D9724=00000000 gate=MISS f15@801F8724=00000000)
run.log.d:[fldx] R790 expansion sequence entered (via full-handoff-stamp; coordinator slot EBE10222 543DAE66; R1002 staged f14@801D9724=00000000 gate=MISS f15@801F8724=00000000)
run.log.d:[fldx] R790 expansion sequence entered (via full-handoff-stamp; coordinator slot EBE10222 543DAE66; R1002 staged f14@801D9724=00000000 gate=MISS f15@801F8724=00000000)
run.log.d:[fldx] R790 expansion sequence entered (via full-handoff-stamp; coordinator slot EBE10222 543DAE66; R1002 staged f14@801D9724=00000000 gate=MISS f15@801F8724=00000000)
run.log:[fldx2] R1005 RETARGET EXPANDED: file#14 LBA=108933 size=125304 staged 62 sectors, LZSS 260862 of 260862 words -> coordinator slot now: 27BDFFC8 3C038001 8C630000 2402FFFF
run.log:[fldx2] R1005 RETARGET EXPANDED: file#14 LBA=108933 size=125304 staged 62 sectors, LZSS 260862 of 260862 words -> coordinator slot now: 27BDFFC8 3C038001 8C630000 2402FFFF
run.log.d:[fldx2] R1005 RETARGET EXPANDED: file#14 LBA=108933 size=125304 staged 62 sectors, LZSS 260862 of 260862 words -> coordinator slot now: 27BDFFC8 3C038001 8C630000 2402FFFF
run.log.d:[fldx2] R1005 RETARGET EXPANDED: file#14 LBA=108933 size=125304 staged 62 sectors, LZSS 260862 of 260862 words -> coordinator slot now: 27BDFFC8 3C038001 8C630000 2402FFFF
run.log.d:[fldx2] R1005 RETARGET EXPANDED: file#14 LBA=108933 size=125304 staged 62 sectors, LZSS 260862 of 260862 words -> coordinator slot now: 27BDFFC8 3C038001 8C630000 2402FFFF
run.log.d:[fldx2] R1005 RETARGET EXPANDED: file#14 LBA=108933 size=125304 staged 62 sectors, LZSS 260862 of 260862 words -> coordinator slot now: 27BDFFC8 3C038001 8C630000 2402FFFF
=MODEXEC=
run.log:[modhdr]   stagedf14 @801D9724: 00000000 00000000 00000000 00000000
run.log:[modhdr]   stagedf15 @801F8724: 00000000 00000000 00000000 00000000
run.log:[modhdr] R1003 module-window LZSS-header candidates @t=55s:
run.log:[modhdr]   winbase @8006F000: 00000000 00000000 00000000 00000000
run.log:[modhdr]   modbase @8006FAF8: 20736477 EE7E087F 000002A0 00000101
run.log:[modhdr]   file3dst @8007F2F8: 4444200D 43323444 11100212 01354211
run.log:[modhdr]   stage2ref @8007EBF0: 20736477 7E9DA81F 00000100 00000101
run.log:[modhdr]   stagedf14 @801D9724: 00000000 00000000 00000000 00000000
run.log:[modhdr]   stagedf15 @801F8724: 00000000 00000000 00000000 00000000
run.log.d:[modhdr] R1003 module-window LZSS-header candidates @t=2s:
run.log.d:[modhdr]   winbase @8006F000: 00000000 00000000 00000000 00000000
run.log.d:[modhdr]   modbase @8006FAF8: 00000000 00000000 00000000 00000000
run.log.d:[modhdr]   file3dst @8007F2F8: 00000000 00000000 00000000 00[digestcap] R865: digest was   417388B - kept head 16KB + DEATH EVIDENCE + tail 12KB (death receipts must survive the cap - c454's EXITTAIL was cut by the middle-capper and the death went unnamed)
=WEDGECAM=
run.log:[tblw] R1197 COMMITTED w4 ea=0x8006A228 off=0x0006A228 old=00000000 arg=00000000 after=00000000 | store=MACRO-ATTRIBUTED (guest SW/SH/SB call site) line=18673 | cur_fn=80019524(LAST DISPATCHED only) | SOURCE-scan candidates separate via SRC probe
run.log:[tblw] R1197 COMMITTED w4 ea=0x8006A22C off=0x0006A22C old=00000000 arg=00000000 after=00000000 | store=MACRO-ATTRIBUTED (guest SW/SH/SB call site) line=18673 | cur_fn=80019524(LAST DISPATCHED only) | SOURCE-scan candidates separate via SRC probe
run.log:[tblw] R1197 COMMITTED w4 ea=0x8006A230 off=0x0006A230 old=00000000 arg=00000000 after=00000000 | store=MACRO-ATTRIBUTED (guest SW/SH/SB call site) line=18673 | cur_fn=80019524(LAST DISPATCHED only) | SOURCE-scan candidates separate via SRC probe
run.log:[hle-spu] reg write #1 0x1F801D80 = 0x0000
run.log:[hle-spu] reg write #2 0x1F801D82 = 0x0000
run.log:[hle-spu] reg write #3 0x1F801DAA = 0x0000
run.log:[nullbase] R978 pump null-base @80041C64 door: A228=00000000 A22C=00000000 A230=00000000 | queue 18088=00000000 1808C=8001A4B4 18098=00000000 1809C=80077E88 180A8=00000001 | irqstruct 5A200=00000000 800409E4 80040A4C | Intr=80056788 w0=00000002 | reg0=1F801800
run.log:[ringw] #1 0x8004FE08: 0x00000000 -> 0x00000800 r31=8002B168 r16=00000000 @t=1s
run.log:[ringw] #2 0x8004FE08: 0x00000800 -> 0x00001000 r31=8002B168 r16=00000000 @t=1s
run.log:[ringw] #3 0x8004FE08: 0x00001000 -> 0x00001800 r31=8002B168 r16=00000000 @t=1s
run.log:[pollkick] R1196 kick #1 serviced at A22C poll cur_fn=8004293C (r32 hits=8713733 wrap-aware | ORIGIN guest=64 host=0 | OUTCOME blocked=0 svc-ent=1 svc-ret=1)
run.log:[ringw] #4 0x8004FE08: 0x00001800 -> 0x00002000 r31=8002B168 r16=00000000 @t=1s
run.log:[pollkick] R1196 kick #2 serviced at A22C poll cur_fn=80041BA8 (r32 hits=22485740 wrap-aware | ORIGIN guest=129 host=0 | OUTCOME blocked=0 svc-ent=2 svc-ret=2)
run.log:[pollkick] R1196 kick #3 serviced at A22C poll cur_fn=8002B084 (r32 hits=414801467 wrap-aware | ORIGIN guest=192 host=0 | OUTCOME blocked=0 svc-ent=3 svc-ret=3)
run.log:[tblw] R1197 COMMITTED w4 ea=0x8006A228 off=0x0006A228 old=00000000 arg=00000000 after=00000000 | store=runtime/unknown (entry sw_active==0: direct or hook-nested runtime write, never auto-labeled a guest store) line=0 | cur_fn=800320E8(LAST DISPATCHED only) | SOURCE-scan candidates separate via SRC probe
run.log:[tblw] R1197 COMMITTED w4 ea=0x8006A22C off=0x0006A22C old=00000000 arg=00000000 after=00000000 | store=runtime/unknown (entry sw_active==0: direct or hook-nested runtime write, never auto-labeled a guest store) line=0 | cur_fn=800320E8(LAST DISPATCHED only) | SOURCE-scan candidates separate via SRC probe
run.log:[tblw] R1197 COMMITTED w4 ea=0x8006A230 off=0x0006A230 old=00000000 arg=00000000 after=00000000 | store=runtime/unknown (entry sw_active==0: direct or hook-nested runtime write, never auto-labeled a guest store) line=0 | cur_fn=800320E8(LAST DISPATCHED only) | SOURCE-scan candidates separate via SRC probe
run.log:[tblw] R1197 COMMITTED w4 ea=0x8006A228 off=0x0006A228 old=00000000 arg=00000000 after=00000000 | store=MACRO-ATTRIBUTED (guest SW/SH/SB call site) line=18673 | cur_fn=80019524(LAST DISPATCHED only) | SOURCE-scan candidates separate via SRC probe
run.log:[tblw] R1197 COMMITTED w4 ea=0x8006A22C off=0x0006A22C old=00000000 arg=00000000 after=00000000 | store=MACRO-ATTRIBUTED (guest SW/SH/SB call site) line=18673 | cur_fn=80019524(LAST DISPATCHED only) | SOURCE-scan candidates separate via SRC probe
run.log:[pollkick] R1196 kick #4 serviced at A22C poll cur_fn=80041BA8 (r32 hits=416829211 wrap-aware | ORIGIN guest=256 host=0 | OUTCOME blocked=0 svc-ent=4 svc-ret=4)
run.log:[pollkick] R1196 kick #5 serviced at A22C poll cur_fn=8002B084 (r32 hits=773226425 wrap-aware | ORIGIN guest=320 host=0 | OUTCOME blocked=0 svc-ent=5 svc-ret=5)
run.log:[pollkick] R1196 kick #7 serviced at A22C poll cur_fn=8002B084 (r32 hits=777269262 wrap-aware | ORIGIN guest=448 host=0 | OUTCOME blocked=0 svc-ent=7 svc-ret=7)
run.log:[pollkick] R1196 kick #8 serviced at A22C poll cur_fn=80041BA8 (r32 hits=777872272 wrap-aware | ORIGIN guest=512 host=0 | OUTCOME blocked=0 svc-ent=8 svc-ret=8)
run.log:[pollkick] R1196 kick #9 serviced at A22C poll cur_fn=8002B084 (r32 hits=777905831 wrap-aware | ORIGIN guest=576 host=0 | OUTCOME blocked=0 svc-ent=9 svc-ret=9)
run.log:[wedge] R1195 liveness: kick enter=50 exit=50 active=0 | notifier enter=48 exit=48 | read-spin hits r8=3196110 r16=64062 r32=937820178
run.log:[wedge] R1197 a22c origin guest=601 host=1 | outcome blocked=0 svc-ent=9 svc-ret=9 (origin x outcome INDEPENDENT - guest>0 + blocked>0 = guest reads land hb-blocked; svc-ent!=svc-ret = serviced kick never returned - Jos c489)
run.log:[wedge] R1195 host backtrace n=0 (anchor thread; symbolize vs xenogears_boot):
run.log:[wedgespin] R1195 read32 off=0x8004FE08 (NEW, cur_fn 0x800286CC depth=1 streak=5)
run.log:[wedgespin] R1195 read32 a=0x8004FDF8 (cur_fn 0x800286CC depth=1 streak=5 hits=937821662)
run.log:[wedgespin] R1195 read32 off=0x8004FDF8 (NEW, cur_fn 0x800286CC depth=1 streak=5)
run.log:[wedgespin] R1195 read32 a=0x8004FE04 (cur_fn 0x800286CC depth=1 streak=5 hits=937821663)
run.log:[wedgespin] R1195 read32 off=0x8004FE04 (NEW, cur_fn 0x800286CC depth=1 streak=5)
run.log:[wedgespin] R1195 read32 a=0x80077014 (cur_fn 0x800286CC depth=1 streak=5 hits=937821664)
run.log:[wedgespin] R1195 read32 off=0x80077014 (NEW, cur_fn 0x800286CC depth=1 streak=5)
run.log:[wedgespin] R1195 read32 off=0x80077014 (rep, cur_fn 0x800286CC depth=1 streak=5)
run.log:[wedgespin] R1195 read32 off=0x80077014 (rep, cur_fn 0x800286CC depth=1 streak=5)
run.log:[wedgespin] R1195 read32 a=0x8005F2D8 (cur_fn 0x800286CC depth=1 streak=5 hits=937821667)
run.log:[wedgespin] R1195 read32 off=0x8005F2D8 (NEW, cur_fn 0x800286CC depth=1 streak=5)
run.log:[wedgespin] R1195 read32 a=0x80077180 (cur_fn 0x800286CC depth=1 streak=5 hits=937821669)
run.log:[wedgespin] R1195 read32 off=0x80077180 (NEW, cur_fn 0x800286CC depth=1 streak=5)
run.log:[wedgespin] R1195 read32 a=0x80076F08 (cur_fn 0x800286CC depth=1 streak=5 hits=937821670)
run.log:[wedgespin] R1195 read32 off=0x80076F08 (NEW, cur_fn 0x800286CC depth=1 streak=5)
run.log:[wedgespin] R1195 read32 off=0x8004FDF8 (rep, cur_fn 0x800286CC depth=1 streak=5)
run.log:[wedgespin] R1195 read32 off=0x80077180 (rep, cur_fn 0x800286CC depth=1 streak=5)
run.log:[wedgespin] R1195 read32 off=0x80076F08 (rep, cur_fn 0x800286CC depth=1 streak=5)
run.log:[wedgespin] R1195 read32 off=0x8004FDF8 (rep, cur_fn 0x800286CC depth=1 streak=5)
run.log:[wedgespin] R1195 read32 off=0x8004FE04 (rep, cur_fn 0x800286CC depth=1 streak=5)
run.log:[wedgespin] R1195 read32 a=0x8004FDE4 (cur_fn 0x800286CC depth=1 streak=5 hits=937821677)
run.log:[wedgespin] R1195 read32 off=0x8004FDE4 (NEW, cur_fn 0x800286CC depth=1 streak=5)
run.log:[wedgespin] R1195 read32 a=0x8004FE08 (cur_fn 0x800286CC depth=1 streak=5 hits=937821678)
run.log:[wedgespin] R1195 read32 off=0x8004FE08 (rep, cur_fn 0x800286CC depth=1 streak=5)
run.log:[wedgespin] R1195 read32 a=0x00077448 (cur_fn 0x800286CC depth=1 streak=5 hits=937821680)
run.log:[wedgespin] R1195 read32 off=0x00077448 (NEW, cur_fn 0x800286CC depth=1 streak=5)
run.log:[wedgespin] R1195 read32 a=0x8007EBE8 (cur_fn 0x800286CC depth=1 streak=5 hits=937821681)
run.log:[wedgespin] R1195 read32 off=0x8007EBE8 (NEW, cur_fn 0x800286CC depth=1 streak=5)
run.log:[wedgespin] R1195 read32 a=0x800A49E0 (cur_fn 0x800286CC depth=1 streak=5 hits=937821682)
run.log:[wedgespin] R1195 read32 off=0x800A49E0 (NEW, cur_fn 0x800286CC depth=1 streak=5)
run.log:[wedgespin] R1195 read32 a=0x800AA6A8 (cur_fn 0x800286CC depth=1 streak=5 hits=937821683)
run.log:[wedgespin] R1195 read32 off=0x800AA6A8 (NEW, cur_fn 0x800286CC depth=1 streak=5)
run.log:[wedgespin] R1195 read32 a=0x800AFC90 (cur_fn 0x800286CC depth=1 streak=5 hits=937821684)
run.log:[wedgespin] R1195 read32 off=0x800AFC90 (NEW, cur_fn 0x800286CC depth=1 streak=5)
run.log:[wedgespin] R1195 read32 off=0x8004FE04 (rep, cur_fn 0x800286CC depth=1 streak=5)
run.log:[wedgespin] R1195 read32 a=0x8004FE1C (cur_fn 0x800286CC depth=1 streak=5 hits=937821686)
run.log:[wedgespin] R1195 read32 off=0x8004FE1C (NEW, cur_fn 0x800286CC depth=1 streak=5)
run.log:[wedgespin] R1195 read32 a=0x8004FDFC (cur_fn 0x800286CC depth=1 streak=5 hits=937821687)
run.log:[wedgespin] R1195 read32 off=0x8004FDFC (NEW, cur_fn 0x800286CC depth=1 streak=5)
run.log:[wedgespin] R1195 read32 a=0x801FFF34 (cur_fn 0x800286CC depth=1 streak=5 hits=937821688)
run.log:[wedgespin] R1195 read32 off=0x801FFF34 (NEW, cur_fn 0x800286CC depth=1 streak=5)
run.log:[wedgespin] R1195 read32 off=0x801FFF30 (NEW, cur_fn 0x800286CC depth=1 streak=5)
run.log:[wedgespin] R1195 read32 off=0x8004FE1C (rep, cur_fn 0x800286CC depth=1 streak=5)
run.log:[wedgespin] R1195 read32 off=0x8004FE08 (rep, cur_fn 0x800286CC depth=1 streak=5)
run.log:[wedgespin] R1195 read32 off=0x8005F2D8 (rep, cur_fn 0x800286CC depth=1 streak=5)
=DEATHREC=
--- EXITTAIL (run.log last 96) ---
[faultbudget] R1158 fault #404750336 at 0x410024F8 (storm tally: 1 line per million; signature receipted in first-4 full reports)
[faultbudget] R1158 fault #405798912 at 0x410024FC (storm tally: 1 line per million; signature receipted in first-4 full reports)
[lzss-fence] R1169 hit @0x8004FE04 above fence 0x41002500 (op#15 src=0x00000000 word0=0x41002500, 122s since arm; hits=3472883712 under R1277 run-lifetime throttle first-8-then-1-per-16M; fence = src + EXPANDED size - NOT a validated compressed-input boundary; this hit is a SUSPICION, never a proven input overrun; never retired - the fence stays armed for the rest of the run; hits attribute to the LAST armed op via the [fencelife] arm chain; diagnostic-only, this warning never suppresses the read)
[mvloop] pre-movie polling n=199229440 (mod6=0 player=0 rs0=0C16EC56 lim=4007658019 | R870 loop-id fn=800320E8 r31=80032284 padcell=FFFF4000 FE1C=00000000 | R874 DOOR: FDFC=00000000 FE48=00000000 FE30=00000000 | R878 CD-STATE: seek=239326 last_cmd=09 pend=0 sched=0 FE04=0003A6DE FDF8=00000000 A22C=00000000 A228=00000000 - spin exits when FDFC=0+LegacyCdDataWait-ret=0+FE1C=0; A22C=CD-data-arrived flag LegacyCdDataWait times out on | R894 SLICE-GATE: cntdn=452DAAEE cnt=00124342 | R894 ARCH-REQ: FDF0=00000000 FDF4=00000000 FE14=00000000)
[faultbudget] R1158 fault #406847488 at 0x410024FC (storm tally: 1 line per million; signature receipted in first-4 full reports)
[faultbudget] R1158 fault #407896064 at 0x410024F8 (storm tally: 1 line per million; signature receipted in first-4 full reports)
[faultbudget] R1158 fault #408944640 at 0x410024FC (storm tally: 1 line per million; signature receipted in first-4 full reports)
[lzss-fence] R1169 hit @0x8004FE04 above fence 0x41002500 (op#15 src=0x00000000 word0=0x41002500, 123s since arm; hits=3489660928 under R1277 run-lifetime throttle first-8-then-1-per-16M; fence = src + EXPANDED size - NOT a validated compressed-input boundary; this hit is a SUSPICION, never a proven input overrun; never retired - the fence stays armed for the rest of the run; hits attribute to the LAST armed op via the [fencelife] arm chain; diagnostic-only, this warning never suppresses the read)
[mvloop] pre-movie polling n=200278016 (mod6=0 player=0 rs0=0C16EC56 lim=4007658019 | R870 loop-id fn=800320E8 r31=80032284 padcell=FFFF4000 FE1C=00000000 | R874 DOOR: FDFC=00000000 FE48=00000000 FE30=00000000 | R878 CD-STATE: seek=239326 last_cmd=09 pend=0 sched=0 FE04=0003A6DE FDF8=00000000 A22C=00000000 A228=00000000 - spin exits when FDFC=0+LegacyCdDataWait-ret=0+FE1C=0; A22C=CD-data-arrived flag LegacyCdDataWait times out on | R894 SLICE-GATE: cntdn=452DAAEE cnt=00124342 | R894 ARCH-REQ: FDF0=00000000 FDF4=00000000 FE14=00000000)
[faultbudget] R1158 fault #409993216 at 0x410024FC (storm tally: 1 line per million; signature receipted in first-4 full reports)
[faultbudget] R1158 fault #411041792 at 0x410024F8 (storm tally: 1 line per million; signature receipted in first-4 full reports)
[faultbudget] R1158 fault #412090368 at 0x410024FC (storm tally: 1 line per million; signature receipted in first-4 full reports)
[mvloop] pre-movie polling n=201326592 (mod6=0 player=0 rs0=0C16EC56 lim=4007658019 | R870 loop-id fn=800320E8 r31=80032284 padcell=FFFF4000 FE1C=00000000 | R874 DOOR: FDFC=00000000 FE48=00000000 FE30=00000000 | R878 CD-STATE: seek=239326 last_cmd=09 pend=0 sched=0 FE04=0003A6DE FDF8=00000000 A22C=00000000 A228=00000000 - spin exits when FDFC=0+LegacyCdDataWait-ret=0+FE1C=0; A22C=CD-data-arrived flag LegacyCdDataWait times out on | R894 SLICE-GATE: cntdn=452DAAEE cnt=00124342 | R894 ARCH-REQ: FDF0=00000000 FDF4=00000000 FE14=00000000)
[lzss-fence] R1169 hit @0x80077014 above fence 0x41002500 (op#15 src=0x00000000 word0=0x41002500, 124s since arm; hits=3506438144 under R1277 run-lifetime throttle first-8-then-1-per-16M; fence = src + EXPANDED size - NOT a validated compressed-input boundary; this hit is a SUSPICION, never a proven input overrun; never retired - the fence stays armed for the rest of the run; hits attribute to the LAST armed op via the [fencelife] arm chain; diagnostic-only, this warning never suppresses the read)
[faultbudget] R1158 fault #413138944 at 0x410024FC (storm tally: 1 line per million; signature receipted in first-4 full reports)
[faultbudget] R1158 fault #414187520 at 0x410024F8 (storm tally: 1 line per million; signature receipted in first-4 full reports)
[faultbudget] R1158 fault #415236096 at 0x410024FC (storm tally: 1 line per million; signature receipted in first-4 full reports)
[mvloop] pre-movie polling n=202375168 (mod6=0 player=0 rs0=0C16EC56 lim=4007658019 | R870 loop-id fn=800320E8 r31=80032284 padcell=FFFF4100 FE1C=00000000 | R874 DOOR: FDFC=00000000 FE48=00000000 FE30=00000000 | R878 CD-STATE: seek=239326 last_cmd=09 pend=0 sched=0 FE04=0003A6DE FDF8=00000000 A22C=00000000 A228=00000000 - spin exits when FDFC=0+LegacyCdDataWait-ret=0+FE1C=0; A22C=CD-data-arrived flag LegacyCdDataWait times out on | R894 SLICE-GATE: cntdn=452DAAEE cnt=00124342 | R894 ARCH-REQ: FDF0=00000000 FDF4=00000000 FE14=00000000)
[lzss-fence] R1169 hit @0x8004FDF8 above fence 0x41002500 (op#15 src=0x00000000 word0=0x41002500, 125s since arm; hits=3523215360 under R1277 run-lifetime throttle first-8-then-1-per-16M; fence = src + EXPANDED size - NOT a validated compressed-input boundary; this hit is a SUSPICION, never a proven input overrun; never retired - the fence stays armed for the rest of the run; hits attribute to the LAST armed op via the [fencelife] arm chain; diagnostic-only, this warning never suppresses the read)
[faultbudget] R1158 fault #416284672 at 0x410024FC (storm tally: 1 line per million; signature receipted in first-4 full reports)
[padstart] R809 START press #33 injected (buf 0x800625FC = FFF74100 posture: status=00 ID=41 buttons=F7FF active-low bit3) - the menu has its player
[faultbudget] R1158 fault #417333248 at 0x410024F8 (storm tally: 1 line per million; signature receipted in first-4 full reports)
[faultbudget] R1158 fault #418381824 at 0x410024FC (storm tally: 1 line per million; signature receipted in first-4 full reports)
[parkcam] R1231 cells A228=00000000 A22C=00000000 A230=00000000 cur_fn=800320E8 | disp=(0,0 256x240) on=1 draw=(0,0)e5 | prevyes  (0,0 256x240) on=1 draw=(0,0) | winNZ=0/960 C=0 D=0
[mvloop] pre-movie polling n=203423744 (mod6=0 player=0 rs0=0C16EC56 lim=4007658019 | R870 loop-id fn=800320E8 r31=80032284 padcell=FFF74100 FE1C=00000000 | R874 DOOR: FDFC=00000000 FE48=00000000 FE30=00000000 | R878 CD-STATE: seek=239326 last_cmd=09 pend=0 sched=0 FE04=0003A6DE FDF8=00000000 A22C=00000000 A228=00000000 - spin exits when FDFC=0+LegacyCdDataWait-ret=0+FE1C=0; A22C=CD-data-arrived flag LegacyCdDataWait times out on | R894 SLICE-GATE: cntdn=452DAAEE cnt=00124342 | R894 ARCH-REQ: FDF0=00000000 FDF4=00000000 FE14=00000000)
[padstart] R809 START released (posture FFFF4100)
[lzss-fence] R1169 hit @0x8004FE1C above fence 0x41002500 (op#15 src=0x00000000 word0=0x41002500, 126s since arm; hits=3539992576 under R1277 run-lifetime throttle first-8-then-1-per-16M; fence = src + EXPANDED size - NOT a validated compressed-input boundary; this hit is a SUSPICION, never a proven input overrun; never retired - the fence stays armed for the rest of the run; hits attribute to the LAST armed op via the [fencelife] arm chain; diagnostic-only, this warning never suppresses the read)
[faultbudget] R1158 fault #419430400 at 0x410024FC (storm tally: 1 line per million; signature receipted in first-4 full reports)
[faultbudget] R1158 fault #420478976 at 0x410024F8 (storm tally: 1 line per million; signature receipted in first-4 full reports)
[faultbudget] R1158 fault #421527552 at 0x410024FC (storm tally: 1 line per million; signature receipted in first-4 full reports)
[mvloop] pre-movie polling n=204472320 (mod6=0 player=0 rs0=0C16EC56 lim=4007658019 | R870 loop-id fn=800320E8 r31=80032284 padcell=FFFF4100 FE1C=00000000 | R874 DOOR: FDFC=00000000 FE48=00000000 FE30=00000000 | R878 CD-STATE: seek=239326 last_cmd=09 pend=0 sched=0 FE04=0003A6DE FDF8=00000000 A22C=00000000 A228=00000000 - spin exits when FDFC=0+LegacyCdDataWait-ret=0+FE1C=0; A22C=CD-data-arrived flag LegacyCdDataWait times out on | R894 SLICE-GATE: cntdn=452DAAEE cnt=00124342 | R894 ARCH-REQ: FDF0=00000000 FDF4=00000000 FE14=00000000)
[lzss-fence] R1169 hit @0x8004FE08 above fence 0x41002500 (op#15 src=0x00000000 word0=0x41002500, 127s since arm; hits=3556769792 under R1277 run-lifetime throttle first-8-then-1-per-16M; fence = src + EXPANDED size - NOT a validated compressed-input boundary; this hit is a SUSPICION, never a proven input overrun; never retired - the fence stays armed for the rest of the run; hits attribute to the LAST armed op via the [fencelife] arm chain; diagnostic-only, this warning never suppresses the read)
[faultbudget] R1158 fault #422576128 at 0x410024FC (storm tally: 1 line per million; signature receipted in first-4 full reports)
[faultbudget] R1158 fault #423624704 at 0x410024F8 (storm tally: 1 line per million; signature receipted in first-4 full reports)
[faultbudget] R1158 fault #424673280 at 0x410024FC (storm tally: 1 line per million; signature receipted in first-4 full reports)
[mvloop] pre-movie polling n=205520896 (mod6=0 player=0 rs0=0C16EC56 lim=4007658019 | R870 loop-id fn=800320E8 r31=80032284 padcell=FFFF4100 FE1C=00000000 | R874 DOOR: FDFC=00000000 FE48=00000000 FE30=00000000 | R878 CD-STATE: seek=239326 last_cmd=09 pend=0 sched=0 FE04=0003A6DE FDF8=00000000 A22C=00000000 A228=00000000 - spin exits when FDFC=0+LegacyCdDataWait-ret=0+FE1C=0; A22C=CD-data-arrived flag LegacyCdDataWait times out on | R894 SLICE-GATE: cntdn=452DAAEE cnt=00124342 | R894 ARCH-REQ: FDF0=00000000 FDF4=00000000 FE14=00000000)
[lzss-fence] R1169 hit @0x8004FE1C above fence 0x41002500 (op#15 src=0x00000000 word0=0x41002500, 129s since arm; hits=3573547008 under R1277 run-lifetime throttle first-8-then-1-per-16M; fence = src + EXPANDED size - NOT a validated compressed-input boundary; this hit is a SUSPICION, never a proven input overrun; never retired - the fence stays armed for the rest of the run; hits attribute to the LAST armed op via the [fencelife] arm chain; diagnostic-only, this warning never suppresses the read)
[faultbudget] R1158 fault #425721856 at 0x410024FC (storm tally: 1 line per million; signature receipted in first-4 full reports)
[faultbudget] R1158 fault #426770432 at 0x410024F8 (storm tally: 1 line per million; signature receipted in first-4 full reports)
[wedgespin] R1195 read32 off=0x8004FE04 (NEW, cur_fn 0x800320E8 depth=1 streak=65)
[wedgespin] R1195 read32 off=0x8004FE08 (NEW, cur_fn 0x800320E8 depth=1 streak=65)
[wedgespin] R1195 read32 off=0x8004FE04 (rep, cur_fn 0x800320E8 depth=1 streak=65)
[wedgespin] R1195 read32 off=0x80077014 (NEW, cur_fn 0x800320E8 depth=1 streak=65)
[wedgespin] R1195 read32 off=0x80077014 (rep, cur_fn 0x800320E8 depth=1 streak=65)
[wedgespin] R1195 read32 off=0x80077014 (rep, cur_fn 0x800320E8 depth=1 streak=65)
[wedgespin] R1195 read32 off=0x8005F2D8 (NEW, cur_fn 0x800320E8 depth=1 streak=65)
[wedgespin] R1195 read32 off=0x80077180 (NEW, cur_fn 0x800320E8 depth=1 streak=65)
[wedgespin] R1195 read32 off=0x80076F08 (NEW, cur_fn 0x800320E8 depth=1 streak=65)
[wedgespin] R1195 read32 off=0x80077180 (rep, cur_fn 0x800320E8 depth=1 streak=65)
[wedgespin] R1195 read32 off=0x80076F08 (rep, cur_fn 0x800320E8 depth=1 streak=65)
[wedgespin] R1195 read32 off=0x8004FE04 (rep, cur_fn 0x800320E8 depth=1 streak=65)
[wedgespin] R1195 read32 off=0x8004FDE4 (NEW, cur_fn 0x800320E8 depth=1 streak=65)
[wedgespin] R1195 read32 off=0x8004FE08 (rep, cur_fn 0x800320E8 depth=1 streak=65)
[wedgespin] R1195 read32 off=0x00077448 (NEW, cur_fn 0x800320E8 depth=1 streak=65)
[wedgespin] R1195 read32 off=0x8007EBE8 (NEW, cur_fn 0x800320E8 depth=1 streak=65)
[wedgespin] R1195 read32 off=0x800A49E0 (NEW, cur_fn 0x800320E8 depth=1 streak=65)
[wedgespin] R1195 read32 off=0x800AA6A8 (NEW, cur_fn 0x800320E8 depth=1 streak=65)
[wedgespin] R1195 read32 off=0x800AFC90 (NEW, cur_fn 0x800320E8 depth=1 streak=65)
[wedgespin] R1195 read32 off=0x8004FE1C (NEW, cur_fn 0x800320E8 depth=1 streak=65)
[wedgespin] R1195 read32 off=0x410024FC (NEW, cur_fn 0x800320E8 depth=1 streak=65)
[wedgespin] R1195 read32 off=0x801FFE68 (NEW, cur_fn 0x800320E8 depth=1 streak=65)
[wedgespin] R1195 read32 off=0x410024FC (rep, cur_fn 0x800320E8 depth=1 streak=65)
[wedgespin] R1195 read32 off=0x410024F8 (NEW, cur_fn 0x800320E8 depth=1 streak=65)
[wedgespin] R1195 read32 off=0x8004FE1C (rep, cur_fn 0x800320E8 depth=1 streak=65)
[wedgespin] R1195 read32 off=0x8004FDF8 (NEW, cur_fn 0x800320E8 depth=1 streak=65)
[wedgespin] R1195 read32 off=0x8004FDF8 (rep, cur_fn 0x800320E8 depth=1 streak=65)
[wedgespin] R1195 read32 off=0x8004FE08 (rep, cur_fn 0x800320E8 depth=1 streak=65)
[wedgespin] R1195 read32 off=0x8004FDF8 (rep, cur_fn 0x800320E8 depth=1 streak=65)
[wedgespin] R1195 read32 off=0x8005F2D8 (rep, cur_fn 0x800320E8 depth=1 streak=65)
[wedgespin] R1195 read32 off=0x80077180 (rep, cur_fn 0x800320E8 depth=1 streak=65)
[wedgespin] R1195 read32 off=0x80076F08 (rep, cur_fn 0x800320E8 depth=1 streak=65)
[wedgespin] R1195 read32 off=0x8004FDE4 (rep, cur_fn 0x800320E8 depth=1 streak=65)
[wedgespin] R1195 read32 off=0x00077448 (rep, cur_fn 0x800320E8 depth=1 streak=65)
[wedgespin] R1195 read32 off=0x8007EBE8 (rep, cur_fn 0x800320E8 depth=1 streak=65)
[wedgespin] R1195 read32 off=0x800A49E0 (rep, cur_fn 0x800320E8 depth=1 streak=65)
[wedgespin] R1195 read32 off=0x800AA6A8 (rep, cur_fn 0x800320E8 depth=1 streak=65)
[wedgespin] R1195 read32 off=0x800AFC90 (rep, cur_fn 0x800320E8 depth=1 streak=65)
[wedgespin] R1195 read32 off=0x8004FE1C (rep, cur_fn 0x800320E8 depth=1 streak=65)
[wedgespin] R1195 read32 off=0x410024FC (rep, cur_fn 0x800320E8 depth=1 streak=65)
[wedgespin] R1195 read32 off=0x801FFE68 (rep, cur_fn 0x800320E8 depth=1 streak=65)
[wedgespin] R1195 read32 off=0x410024F8 (rep, cur_fn 0x800320E8 depth=1 streak=65)
[wedgespin] R1195 read32 off=0x8005F2D8 (rep, cur_fn 0x800320E8 depth=1 streak=65)
[wedgespin] R1195 read32 off=0x8004FDE4 (rep, cur_fn 0x800320E8 depth=1 streak=65)
[wedgespin] R1195 read32 off=0x00077448 (rep, cur_fn 0x800320E8 depth=1 streak=65)
[wedgespin] R1195 read32 off=0x8007EBE8 (rep, cur_fn 0x800320E8 depth=1 streak=65)
[wedgespin] R1195 read32 off=0x800A49E0 (rep, cur_fn 0x800320E8 depth=1 streak=65)
[wedgespin] R1195 read32 off=0x800AA6A8 (rep, cur_fn 0x800320E8 depth=1 streak=65)
[wedgespin] R1195 read32 off=0x800AFC90 (rep, cur_fn 0x800320E8 depth=1 streak=65)
[wedgespin] R1195 read32 off=0x801FFE68 (rep, cur_fn 0x800320E8 depth=1 streak=65)
[wedgespin] R1195 read32 off=0x410024F8 (rep, cur_fn 0x800320E8 depth=1 streak=65)
[wedgespin] R1195 read32 off=0x80057848 (NEW, cur_fn 0x800320E8 depth=1 streak=65)
[wedgespin] R1195 read32 off=0x80057848 (rep, cur_fn 0x800320E8 depth=1 streak=65)
[wedgespin] R1195 read32 off=0x80057848 (rep, cur_fn 0x800320E8 depth=1 streak=65)
[rungasp] R806 process exit status=137 (0=clean main-return; 99=kit/exitdiag door _exit; 9=fuse SIGKILL; 11/139=host SIGSEGV; 10/138=SIGBUS; 6=SIGABRT) - the silent-death class camera (c385-390: runs died at 10-32s with NO crash dump, NO exit receipt; the wait status names the door)
[wedge] R1196 executed-binary xenogears_boot_123524 sha256=df375d0286057665836490acc55da8bd740276d3454558434e1cfa2e4d25d039 dSYM=prev_run/last.dSYM
[logcap] end tail
--- asan ---
--- canaryrec ---
--- abrtrec ---
--- segvdie ---
--- segvrec ---
x800286CC depth=1 streak=5)
=FLDFRZ2=
run.log:[fldfrz2] R825 HOST watcher t=81s sectors=421 | seek=239326 | walker: FAEC=00000000 92C0=ffffffff 92BC=00000000 92D0=00000000 F0C=00000003 F10=00671253 FE1C=00000000 FE20=00000003 FDF8=00000000 FE04=0003a6de FDE4=00000008 | q10=00671253 q14=00000001 q18=000000a0
run.log:[fldfrz2] R825 HOST watcher t=96s sectors=421 | seek=239326 | walker: FAEC=00000000 92C0=ffffffff 92BC=00000000 92D0=00000000 F0C=00000003 F10=00671253 FE1C=00000000 FE20=00000003 FDF8=00000000 FE04=0003a6de FDE4=00000008 | q10=00671253 q14=00000001 q18=000000a0
run.log:[fldfrz2] R825 HOST watcher t=111s sectors=421 | seek=239326 | walker: FAEC=00000000 92C0=ffffffff 92BC=00000000 92D0=00000000 F0C=00000003 F10=00671253 FE1C=00000000 FE20=00000003 FDF8=00000000 FE04=0003a6de FDE4=00000008 | q10=00671253 q14=00000001 q18=000000a0
run.log:[fldfrz2] R825 HOST watcher t=126s sectors=421 | seek=239326 | walker: FAEC=00000000 92C0=ffffffff 92BC=00000000 92D0=00000000 F0C=00000003 F10=00671253 FE1C=00000000 FE20=00000003 FDF8=00000000 FE04=0003a6de FDE4=00000008 | q10=00671253 q14=00000001 q18=000000a0
run.log:[fldfrz2] R825 HOST watcher t=141s sectors=421 | seek=239326 | walker: FAEC=00000000 92C0=ffffffff 92BC=00000000 92D0=00000000 F0C=00000003 F10=00671253 FE1C=00000000 FE20=00000003 FDF8=00000000 FE04=0003a6de FDE4=00000008 | q10=00671253 q14=00000001 q18=000000a0
run.log:[fldfrz2] R825 HOST watcher t=156s sectors=421 | seek=239326 | walker: FAEC=00000000 92C0=ffffffff 92BC=00000000 92D0=00000000 F0C=00000003 F10=00671253 FE1C=00000000 FE20=00000003 FDF8=00000000 FE04=0003a6de FDE4=00000008 | q10=00671253 q14=00000001 q18=000000a0
run.log:[fldfrz2] R825 HOST watcher t=171s sectors=421 | seek=239326 | walker: FAEC=00000000 92C0=ffffffff 92BC=00000000 92D0=00000000 F0C=00000003 F10=00671253 FE1C=00000000 FE20=00000003 FDF8=00000000 FE04=0003a6de FDE4=00000008 | q10=00671253 q14=00000001 q18=000000a0
run.log:[fldfrz2] R825 HOST watcher t=186s sectors=421 | seek=239326 | walker: FAEC=00000000 92C0=ffffffff 92BC=00000000 92D0=00000000 F0C=00000003 F10=00671253 FE1C=00000000 FE20=00000003 FDF8=00000000 FE04=0003a6de FDE4=00000008 | q10=00671253 q14=00000001 q18=000000a0
run.log.d:[fldfrz2] R825 HOST watcher t=81s sectors=421 | seek=239326 | walker: FAEC=00000000 92C0=ffffffff 92BC=00000000 92D0=00000000 F0C=00000003 F10=00671253 FE1C=00000000 FE20=00000003 FDF8=00000000 FE04=0003a6de FDE4=00000008 | q10=00671253 q14=00000001 q18=000000a0
run.log.d:[fldfrz2] R825 HOST watcher t=96s sectors=421 | seek=239326 | walker: FAEC=00000000 92C0=ffffffff 92BC=00000000 92D0=00000000 F0C=00000003 F10=00671253 FE1C=00000000 FE20=00000003 FDF8=00000000 FE04=0003a6de FDE4=00000008 | q10=00671253 q14=00000001 q18=000000a0
=FLDFRZ=
=ABORTMSG=
run.log:[healwalk] R699 scan for cursor 0x2D2D2D2D: 2 corrupt record(s) capped - walk retries clean next boot
run.log.d:[healwalk] R699 scan for cursor 0x2D2D2D2D: 2 corrupt record(s) capped - walk retries clean next boot
=STATESTAMP=
run.log:[statestamp] R814 FULL HANDOFF STAMPED #1: FAEC=1, 92C0=-1, 92BC=1, 92D0=0, 9330=1 (walker latch - proceed posture) - walker + dispatcher + R758 walk chain take it from here
run.log:[statestamp] R821 EARLY HANDOFF at bootentry #2 (pre-walker stamp; walker's t=6s stub pass sees proceed posture)
run.log:[statestamp] R814 FULL HANDOFF STAMPED #2: FAEC=1, 92C0=-1, 92BC=1, 92D0=0, 9330=1 (walker latch - proceed posture) - walker + dispatcher + R758 walk chain take it from here
run.log:[statestamp] R821 EARLY HANDOFF at bootentry #3 (pre-walker stamp; walker's t=6s stub pass sees proceed posture)
run.log:[statestamp] R814 FULL HANDOFF STAMPED #3: FAEC=1, 92C0=-1, 92BC=1, 92D0=0, 9330=1 (walker latch - proceed posture) - walker + dispatcher + R758 walk chain take it from here
run.log:[statestamp] R821 EARLY HANDOFF at bootentry #4 (pre-walker stamp; walker's t=6s stub pass sees proceed posture)
run.log:[statestamp] R814 FULL HANDOFF STAMPED #4: FAEC=1, 92C0=-1, 92BC=1, 92D0=0, 9330=1 (walker latch - proceed posture) - walker + dispatcher + R758 walk chain take it from here
run.log:[statestamp] R821 EARLY HANDOFF at bootentry #5 (pre-walker stamp; walker's t=6s stub pass sees proceed posture)
run.log:[statestamp] R814 FULL HANDOFF STAMPED #5: FAEC=1, 92C0=-1, 92BC=1, 92D0=0, 9330=1 (walker latch - proceed posture) - walker + dispatcher + R758 walk chain take it from here
run.log.d:[statestamp] R814 FULL HANDOFF STAMPED #1: FAEC=1, 92C0=-1, 92BC=1, 92D0=0, 9330=1 (walker latch - proceed posture) - walker + dispatcher + R758 walk chain take it from here
run.log.d:[statestamp] R821 EARLY HANDOFF at bootentry #2 (pre-walker stamp; walker's t=6s stub pass sees proceed posture)
run.log.d:[statestamp] R814 FULL HANDOFF STAMPED #2: FAEC=1, 92C0=-1, 92BC=1, 92D0=0, 9330=1 (walker latch - proceed posture) - walker + dispatcher + R758 walk chain take it from here
=DEV=
run.log:[dev] write 0x1F801800 = 0x00000001
run.log:[dev] read  0x1F801803 = 0x00000000 (n=2)
run.log:[dev] write 0x1F801800 = 0x00000000
run.log:[dev] write 0x1F801803 = 0x00000000
run.log:[dev] write 0x1F801800 = 0x00000000
run.log:[dev] write 0x1F801801 = 0x00000001
run.log:[dev] read  0x1F801800 = 0x00000024 (n=7)
run.log:[dev] write 0x1F80104A = 0x00000000
run.log:[dev] write 0x1F80104A = 0x00000000
run.log:[dev] write 0x1F80104A = 0x00000000
run.log:[dev] write 0x1F80104A = 0x00000000
run.log:[dev] write 0x1F801800 = 0x00000001
run.log:[dev] read  0x1F801803 = 0x00000003 (n=13)
run.log:[dev] read  0x1F801803 = 0x00000003 (n=14)
run.log:[dev] read  0x1F801800 = 0x00000025 (n=15)
run.log:[dev] read  0x1F801801 = 0x00000002 (n=16)
run.log:[dev] read  0x1F801800 = 0x00000025 (n=17)
run.log:[dev] read  0x1F801801 = 0x00000002 (n=18)
run.log:[dev] read  0x1F801800 = 0x00000025 (n=19)
run.log:[dev] read  0x1F801801 = 0x00000002 (n=20)
run.log:[dev] read  0x1F801800 = 0x00000025 (n=21)
run.log:[dev] read  0x1F801801 = 0x00000002 (n=22)
run.log:[dev] read  0x1F801800 = 0x00000025 (n=23)
run.log:[dev] read  0x1F801801 = 0x00000002 (n=24)
run.log:[dev] read  0x1F801800 = 0x00000024 (n=50000)
run.log:[dev] read  0x1F801800 = 0x00000024 (n=100000)
run.log:[dev] read  0x1F801800 = 0x00000024 (n=150000)
run.log:[dev] read  0x1F801800 = 0x00000024 (n=200000)
run.log:[dev] read  0x1F801800 = 0x00000024 (n=250000)
run.log:[dev] read  0x1F801800 = 0x00000024 (n=300000)
run.log:[dev] write 0x1F801800 = 0x00000000
run.log.d:[dev] write 0x1F801800 = 0x00000001
run.log.d:[dev] read  0x1F801803 = 0x00000000 (n=2)
run.log.d:[dev] write 0x1F801800 = 0x00000000
run.log.d:[dev] write 0x1F801803 = 0x00000000
run.log.d:[dev] write 0x1F801800 = 0x00000000
run.log.d:[dev] write 0x1F801801 = 0x00000001
run.log.d:[dev] read  0x1F801800 = 0x00000024 (n=7)
run.log.d:[dev] write 0x1F80104A = 0x00000000
run.log.d:[dev] write 0x1F80104A = 0x00000000
run.log.d:[dev] write 0x1F80104A = 0x00000000
run.log.d:[dev] write 0x1F80104A = 0x00000000
run.log.d:[dev] write 0x1F801800 = 0x00000001
run.log.d:[dev] read  0x1F801803 = 0x00000003 (n=13)
run.log.d:[dev] read  0x1F801803 = 0x00000003 (n=14)
run.log.d:[dev] read  0x1F801800 = 0x00000025 (n=15)
run.log.d:[dev] read  0x1F801801 = 0x00000002 (n=16)
run.log.d:[dev] read  0x1F801800 = 0x00000025 (n=17)
=DIR2=
=BANKW=
[bankw] R778 BANK WRITE 800B3260 <- 801FBFF8 writer_fn=80031C58 (bank1)
[bankw] R778 BANK WRITE 800B3264 <- 840A0001 writer_fn=80031C58 (bank1)
[bankheal] R900 bank head SEEDED @allocator door #1: 800B3260 0 -> 801FBFF8, 800B3264 -> 840A0001 (the allocator's own healthy [bankw] write pattern; walk sees a real list instead of null)
[bankw] R778 BANK WRITE 800B3260 <- 801FBFF8 writer_fn=80031C58 (bank1)
[bankw] R778 BANK WRITE 800B3264 <- 840A0001 writer_fn=80031C58 (bank1)
[bankheal] R900 bank head SEEDED @allocator door #2: 800B3260 0 -> 801FBFF8, 800B3264 -> 840A0001 (the allocator's own healthy [bankw] write pattern; walk sees a real list instead of null)
[bankw] R778 BANK WRITE 800B3260 <- 801FBFF8 writer_fn=80031C58 (bank1)
[bankw] R778 BANK WRITE 800B3264 <- 840A0001 writer_fn=80031C58 (bank1)
[bankheal] R900 bank head SEEDED @allocator door #3: 800B3260 0 -> 801FBFF8, 800B3264 -> 840A0001 (the allocator's own healthy [bankw] write pattern; walk sees a real list instead of null)
[bankw] R778 BANK WRITE 800B3260 <- 801FBFF8 writer_fn=80031C58 (bank1)
[bankw] R778 BANK WRITE 800B3264 <- 840A0001 writer_fn=80031C58 (bank1)
[bankheal] R900 bank head SEEDED @allocator door #4: 800B3260 0 -> 801FBFF8, 800B3264 -> 840A0001 (the allocator's own healthy [bankw] write pattern; walk sees a real list instead of null)
[bankw] R778 BANK WRITE 800B3260 <- 801FBFF8 writer_fn=80031C58 (bank1)
[bankw] R778 BANK WRITE 800B3264 <- 840A0001 writer_fn=80031C58 (bank1)
[bankheal] R900 bank head SEEDED @allocator door #5: 800B3260 0 -> 801FBFF8, 800B3264 -> 840A0001 (the allocator's own healthy [bankw] write pattern; walk sees a real list instead of null)
=FTAB2=
[archbase] R1100 archive base cell 4FDF0 00000000 -> 80010004 (wipe class R1014/R1067 + R1133 degenerate-small class: c314 archw receipted writer v_wait 0x8004B694 storing 1, timeout[] is a stack local per decomp psyq/libetc/vsync.c - misdirected store; healthy value receipted [ftab]/[stab] every cycle)
[ftab] file#=2 base=0x80010004 off=23 gate48=0x00000000 entry=0x800100AC bytes=D2A801F0F00000 -> LBA=108754 size=61680
[ftab] file#=3 base=0x80010004 off=23 gate48=0x00000000 entry=0x800100B3 bytes=F1A801F05D0200 -> LBA=108785 size=155120
[ftab] file#=4 base=0x80010004 off=23 gate48=0x00000000 entry=0x800100BA bytes=3DA901C05C0000 -> LBA=108861 size=23744
[ftab] file#=5 base=0x80010004 off=23 gate48=0x00000000 entry=0x800100C1 bytes=49A901E0550000 -> LBA=108873 size=21984
[ftab] file#=6 base=0x80010004 off=23 gate48=0x00000000 entry=0x800100C8 bytes=54A901640A0000 -> LBA=108884 size=2660
[ftab] file#=7 base=0x80010004 off=23 gate48=0x00000000 entry=0x800100CF bytes=56A901C8350000 -> LBA=108886 size=13768
[ftab] file#=3 base=0x80010004 off=2593 gate48=0x00000000 entry=0x800146F9 bytes=D5A60358230000 -> LBA=239317 size=9048
[ftab] file#=2 base=0x80010004 off=23 gate48=0x00000000 entry=0x800100AC bytes=D2A801F0F00000 -> LBA=108754 size=61680
[ftab] file#=3 base=0x80010004 off=23 gate48=0x00000000 entry=0x800100B3 bytes=F1A801F05D0200 -> LBA=108785 size=155120
[ftab] file#=4 base=0x80010004 off=23 gate48=0x00000000 entry=0x800100BA bytes=3DA901C05C0000 -> LBA=108861 size=23744
[ftab] file#=5 base=0x80010004 off=23 gate48=0x00000000 entry=0x800100C1 bytes=49A901E0550000 -> LBA=108873 size=21984
[ftab] file#=6 base=0x80010004 off=23 gate48=0x00000000 entry=0x800100C8 bytes=54A901640A0000 -> LBA=108884 size=2660
[ftab] file#=7 base=0x80010004 off=23 gate48=0x00000000 entry=0x800100CF bytes=56A901C8350000 -> LBA=108886 size=13768
[ftab] file#=3 base=0x80010004 off=2593 gate48=0x00000000 entry=0x800146F9 bytes=D5A60358230000 -> LBA=239317 size=9048
[ftab] file#=3 base=0x80010004 off=23 gate48=0x00000000 entry=0x800100B3 bytes=F1A801F05D0200 -> LBA=108785 size=155120
[ftab] file#=4 base=0x80010004 off=23 gate48=0x00000000 entry=0x800100BA bytes=3DA901C05C0000 -> LBA=108861 size=23744
[ftab] file#=5 base=0x80010004 off=23 gate48=0x00000000 entry=0x800100C1 bytes=49A901E0550000 -> LBA=108873 size=21984
[ftab] file#=6 base=0x80010004 off=23 gate48=0x00000000 entry=0x800100C8 bytes=54A901640A0000 -> LBA=108884 size=2660
[ftab] file#=7 base=0x80010004 off=23 gate48=0x00000000 entry=0x800100CF bytes=56A901C8350000 -> LBA=108886 size=13768
[ftab] file#=3 base=0x80010004 off=2593 gate48=0x00000000 entry=0x800146F9 bytes=D5A60358230000 -> LBA=239317 size=9048
[ftab] file#=2 base=0x80010004 off=23 gate48=0x00000000 entry=0x800100AC bytes=D2A801F0F00000 -> LBA=108754 size=61680
[ftab] file#=3 base=0x80010004 off=23 gate48=0x00000000 entry=0x800100B3 bytes=F1A801F05D0200 -> LBA=108785 size=155120
[ftab] file#=4 base=0x80010004 off=23 gate48=0x00000000 entry=0x800100BA bytes=3DA901C05C0000 -> LBA=108861 size=23744
=FTAB2=
[emitgate] R1020 post-run capture hash stamped to .run.md5 (alternate gate match; c135/c136 infinite fresh-emit fix)
