[disc] R1236 disc path resolved: /Users/joshuaghoreishi/Desktop/PS7Z/PS1Games/Xenogears (USA) (Disc 1)/Xenogears (USA) (Disc 1)/Xenogears (USA) (Disc 1).bin
[disc] BIN=/Users/joshuaghoreishi/Desktop/PS7Z/PS1Games/Xenogears (USA) (Disc 1)/Xenogears (USA) (Disc 1)/Xenogears (USA) (Disc 1).bin (found)
--- build ---
run.sh build R1024
tool health: exec rc=1 magic=cffaedfe out=[usage: xenolift <psx-exe> [out.c]        xenolift --ftab <psx-exe> [--disc <disc-image>] ]
cargo: SKIPPED (Rust source content unchanged — md5 gate)
[timing] cargo build: 0s (cycle total: 0s)
emit: SKIPPED (capture hash stable — matched emit hash; R1020 gate)
[emit] R224 guard already present
[emit] R873 spuerr body stub already present
[emit] R902 walk terminator guard already present
[emit] R903 widened guard already present
[emit] R904 exact-fit guard already present
[emit] R1202 null-block free guard already present
[emit] R323 dispatch already pristine
[emit] R1394 dispatch guard already present
[emit] R752 no-churn: R758 gated bypass present and healthy - disc1.c untouched (compile cache stays valid)
overlay module: 135168 bytes mapped at 0x8006F000 (32450 nonzero words)
overlay fault-capture mapped OVER pre-menu snapshot: 135168 bytes, 31763 nonzero words (R681 real field coordinator)
overlay coordinator entry 0x80077E88 first words: 8E020050 3C04800A 2484A3F0 00021303 (R682 proof - zeros = blank-page crash recurs)
overlay stage-2 module: 135168 bytes mapped at 0x801D3000 (10707 nonzero words)
coverage: 1868816 bytes natively translated total; 449696 within the 512KB exe image (85.8%); 1419120 overlay/extra bytes; 3601 functions
reference ingest: +943 decomp symbols merged (xenogears-decomp SLUS-006.64; decomp names authoritative)
symbol map file: disc1.map (1481 named entries)
symbol map: 1481 named functions
symbol map file: disc1.map (1481 named entries)
seams: 209 hardware-touch sites across 42 functions (seams.txt - the HLE contract list v1)
wrote disc1.c
coverage: 1868816 bytes natively translated total; 449696 within the 512KB exe image (85.8%); 1419120 overlay/extra bytes; 3601 functions
seams: 209 hardware-touch sites across 42 functions (seams.txt - the HLE contract list v1)
[timing] emit: 1s (cycle total: 1s)
[emit] R923 walk cursor guard already present
[emit] R925 lzss op-count abort already present (R1011: marker now keyed to the guard CODE text - R1010 checked a string that never matched the emitted comment form R925/R926/R927, my own marker-mismatch repeat of the original bug; the guard code substring g_lzss_overrun_reads > 4096u is form-independent)
[emit] R926 signature-based abort already present (R1011 code-keyed marker)
[emit] R927 telemetry already present
[emit] R928 heap-band guards already present
[emit] R929 Vsync recursion cap already present
[emit] R933 CD callback slot heal already present
[emit] R935 freelist head heal already present
[emit] R936 DrawPrim camera already present
[emit] R1051 bodycam 8003342C already present
[emit] R1051 bodycam 800320A4 already present
[emit] R1051 bodycam 801D002C already present
[emit] R1051 bodycam 801D2FE8 already present
[emit] R1057 archlistcam 80028AC8 already present
[emit] R1106 menuchain 8001A4B4 already present
[emit] R1106 menuchain 8001A250 already present
[emit] R1106 menupunch 8001A344 already present
[emit] R1111 vsyncguard 57848 already present
[emit] R1111 vsyncguard 57844 already present
[emit] R1108 chaincam 80031B10 already present
[emit] R1108 chaincam 80031A30 already present
[emit] R1108 chaincam 80035DB0 already present
[emit] R1108 chaincam 8001996C already present
[emit] R1115 chaincam 8004293C already present
[emit] R1060 datacam 800392EC already present
[emit] R1060 datacam 80039120 already present
[emit] R1052 bodycam 80077E88 already present
[emit] R1052 bodycam 80076858 already present
[emit] R1056 taintheal 801D002C already present
[emit] R1056 taintheal 801D2FE8 already present
[ccache] R1157 compile: SKIPPED (disc1.c content hash unchanged - cached .o reused)
[ccache] R1157 compile: FRESH (runtime/runtime.c content hash changed/first build)
[ccache] R1157 compile: SKIPPED (hle/hle_gpu.c content hash unchanged - cached .o reused)
[ccache] R1157 compile: SKIPPED (hle/hle_gte.c content hash unchanged - cached .o reused)
[ccache] R1157 compile: SKIPPED (hle/hle_spu.c content hash unchanged - cached .o reused)
[ccache] R1157 compile: SKIPPED (hle/hle_mdec.c content hash unchanged - cached .o reused)
[ccache] R1157 compile: SKIPPED (hle/hle_memcard.c content hash unchanged - cached .o reused)
link: DONE
banner check: OK (runtime build R1291 in binary)
[shieldcheck] dmashield PRESENT in binary
[shieldcheck] mangleguard PRESENT in binary
[shieldcheck] ringw PRESENT in binary
[shieldcheck] reqres PRESENT in binary
[shieldcheck] carve2 PRESENT in binary
[shieldcheck] frclash PRESENT in binary
[shieldcheck] descw PRESENT in binary
[timing] compile+link: 5s (cycle total: 6s)
--- live viewer ---
--- run ---
[budget] R789 dynamic window cap: run budget 173s (compile 7s elapsed, digest margin 20s)
[prov] R1200 source archived: prev_run/runtime_last.c sha256=d44a6557b12ea7121adf33322d08a4865fc226efc814e84057fd73c1c56be085
[rungasp] R806 process exit status=137 (0=clean main-return; 99=kit/exitdiag door _exit; 9=fuse SIGKILL; 11/139=host SIGSEGV; 10/138=SIGBUS; 6=SIGABRT) - the silent-death class camera (c385-390: runs died at 10-32s with NO crash dump, NO exit receipt; the wait status names the door)
[fuse] run fuse cleared (R356: 210s hard kill — digest always generates)
[timing] 15s run: 197s (cycle total: 203s)
--- digest ---
[digest] R751 log raw 3341287B -> capped  2565364B, assembling (this line visible = if digest is still empty, the block stalled, NOT the log)
=IRQW=
run.log:[hook] 0x80068960: 00000000 -> 00000000 at fn 0x80019524 sw_line=0 sp=00000000 r16=00000000
run.log:[hook] 0x80068964: 00000000 -> 00000000 at fn 0x80019524 sw_line=0 sp=00000000 r16=00000000
run.log:[hook] 0x80068960: 00000000 -> 00010001 at fn 0x800195A4 sw_line=132488 sp=801FFFC8 r16=00000000
run.log:[hook] 0x80068960: 00010001 -> 00020002 at fn 0x80046EFC sw_line=138230 sp=801FFF78 r16=801FFFD8
run.log:[hook] 0x80068960: 00020002 -> 00030003 at fn 0x800404D4 sw_line=123608 sp=801FFF88 r16=800625FC
run.log:[hook] 0x80068960: 00030003 -> 00040004 at fn 0x800404D4 sw_line=156724 sp=801FFFB0 r16=00000001
run.log:[hook] 0x80068960: 00040004 -> 00050005 at fn 0x8004B8D8 sw_line=148338 sp=801FFF80 r16=00000000
run.log:[hook] 0x80068960: 00050005 -> 00060006 at fn 0x80019658 sw_line=150818 sp=801FFFC8 r16=800592B8
run.log:[hook] 0x80068960: 00060006 -> 00070007 at fn 0x800428AC sw_line=128365 sp=801FFF58 r16=00000001
run.log:[hook] 0x80068960: 00070007 -> 00080008 at fn 0x800415B4 sw_line=123122 sp=801FFF10 r16=00000001
run.log:[hook] 0x80068960: 00080008 -> 00090009 at fn 0x800415B4 sw_line=127338 sp=801FFF10 r16=0000000A
run.log:[hook] 0x80068960: 00090009 -> 000A000A at fn 0x80041B24 sw_line=125171 sp=801FFEB0 r16=00000005
=EMITAUDIT=
[emitaudit] disc1.c printf-family call count: 1
253810:   R988 (b8-c99): the two fprintf(stderr,...) calls that lived here were THE hidden libc print entry (EMITAUDIT c99: "disc1.c printf-family call count: 2", both this fragment) behind the 10-cycle exit-134 class (macreport: __stack_chk_fail <- __xvprintf <- vfprintf_l <- fprintf attributed to real_main). Now routed through xenolift_receipt (runtime.c, non-static wrapper over xl_format + write(2)) - ZERO libc print machinery reachable from the guest binary. */
[emitaudit] R926 target present: 0
=EXITDIAG=
=COORDERA=
run.log.d:[wedgespin] R1195 read32 off=0x8006F0C0 (NEW, cur_fn 0x80041B24 depth=2 streak=50)
run.log.d:[wedgespin] R1195 read32 off=0x8006F0C4 (NEW, cur_fn 0x80041B24 depth=2 streak=50)
run.log.d:[wedgespin] R1195 read32 off=0x8006F0C8 (NEW, cur_fn 0x80041B24 depth=2 streak=50)
run.log.d:[wedgespin] R1195 read32 off=0x8006F0CC (NEW, cur_fn 0x80041B24 depth=2 streak=50)
run.log.d:[wedgespin] R1195 read32 off=0x8006F0D0 (NEW, cur_fn 0x80041B24 depth=2 streak=50)
run.log.d:[rungasp] R806 process exit status=137 (0=clean main-return; 99=kit/exitdiag door _exit; 9=fuse SIGKILL; 11/139=host SIGSEGV; 10/138=SIGBUS; 6=SIGABRT) - the silent-death class camera (c385-390: runs died at 10-32s with NO crash dump, NO exit receipt; the wait status names the door)
run.log.d:[wedge] R1196 executed-binary xenogears_boot_124642 sha256=14938fc6fe8d47a60053bb89ea10d475bf6a473ba8125470b8efc5a5f03bef43 dSYM=prev_run/last.dSYM
run.log.d:[logcap] end tail
=SPXW=
run.log.d:[spxw] R1017 sp-window WRITE 1F8000DC <- 00000000 at fn 800392EC (total 53) @t=55s
run.log.d:[spxw] R1017 sp-window WRITE 1F8000D8 <- 00000000 at fn 800392EC (total 54) @t=55s
run.log.d:[spxw] R1017 sp-window WRITE 1F8000D4 <- 00000000 at fn 800392EC (total 55) @t=55s
run.log.d:[spxw] R1017 sp-window WRITE 1F8000D0 <- 00000000 at fn 800392EC (total 56) @t=55s
run.log.d:[spxw] R1017 sp-window WRITE 1F8000EC <- 00000000 at fn 800392EC (total 57) @t=55s
run.log.d:[spxw] R1017 sp-window WRITE 1F8000E8 <- 00000000 at fn 800392EC (total 58) @t=55s
run.log.d:[spxw] R1017 sp-window WRITE 1F8000E4 <- 00000000 at fn 800392EC (total 59) @t=55s
run.log.d:[spxw] R1017 sp-window WRITE 1F8000E0 <- 00000000 at fn 800392EC (total 60) @t=55s
run.log.d:[spxw] R1017 sp-window WRITE 1F8000FC <- 00000000 at fn 800392EC (total 61) @t=55s
run.log.d:[spxw] R1017 sp-window WRITE 1F8000F8 <- 00000000 at fn 800392EC (total 62) @t=55s
run.log.d:[spxw] R1017 sp-window WRITE 1F8000F4 <- 00000000 at fn 800392EC (total 63) @t=55s
run.log.d:[spxw] R1017 sp-window WRITE 1F8000F0 <- 00000000 at fn 800392EC (total 64) @t=55s
run.log.d:[spstub] R740 scratchpad WRITE 1F800014 <- 00000000 at fn 800392EC
run.log.d:[spstub] R740 scratchpad WRITE 1F800010 <- 00000000 at fn 800392EC
run.log.d:[spstub] R740 scratchpad WRITE 1F80002C <- 00000000 at fn 800392EC
run.log.d:[spstub] R740 scratchpad WRITE 1F800028 <- 00000000 at fn 800392EC
run.log.d:[spstub] R740 scratchpad WRITE 1F800024 <- 00000000 at fn 800392EC
run.log.d:[spstub] R740 scratchpad WRITE 1F800020 <- 00000000 at fn 800392EC
=SNDREG=
run.log.d:[sndinit] R1012 SoundHeapInitialize CALLED: start(a0)=80065B0C size(a1)=00006300 (static contract: 0x80065B0C, 0x6300) @t=39s
run.log.d:[sndinit] R966 SoundInitialize entry #5 a0=0x00000000 a1=0x00008000 r31=0x80019670 heapHead(59410)=0x00000000
run.log.d:[sndinit] R1012 SoundInitialize ENTRY: gate(957C)=0000 head(9410)=00000000 end(95E4)=00000000 size(951C)=00000000 a0=00000000 @t=55s
run.log.d:[sndinit] R1012 SoundHeapInitialize CALLED: start(a0)=80065B0C size(a1)=00006300 (static contract: 0x80065B0C, 0x6300) @t=55s
run.log.d:[sndinit] R966 SoundInitialize entry #6 a0=0x00000000 a1=0x00008000 r31=0x80019670 heapHead(59410)=0x00000000
run.log.d:[sndinit] R1012 SoundInitialize ENTRY: gate(957C)=0000 head(9410)=00000000 end(95E4)=00000000 size(951C)=00000000 a0=00000000 @t=61s
run.log.d:[sndinit] R1012 SoundHeapInitialize CALLED: start(a0)=80065B0C size(a1)=00006300 (static contract: 0x80065B0C, 0x6300) @t=61s
run.log.d:[sndinit] R966 SoundInitialize entry #7 a0=0x00000000 a1=0x00008000 r31=0x80019670 heapHead(59410)=0x00000000
run.log.d:[gpu2reg] R1013 0x800465EC ENTRY: 69A4=1F801814 69A8=1F8010A0 69AC=1F8010A4 69B0=1F8010A8 A238w0=05FFFFFF r4=8005A238 r5=02000000 @t=0s
run.log.d:[gpu2reg] R1013 @DMA2-install: 69A4=1F801814 69A8=1F8010A0 A238w0=05FFFFFF @t=0s
run.log.d:[gpu2reg] R1013 0x800465EC ENTRY: 69A4=1F801814 69A8=1F8010A0 69AC=1F8010A4 69B0=1F8010A8 A238w0=05FFFFFF r4=801FFE4C r5=00000000 @t=15s
run.log.d:[gpu2reg] R1013 @DMA2-install: 69A4=1F801814 69A8=1F8010A0 A238w0=05FFFFFF @t=15s
run.log.d:[gpu2reg] R1013 0x800465EC ENTRY: 69A4=1F801814 69A8=1F8010A0 69AC=1F8010A4 69B0=1F8010A8 A238w0=05FFFFFF r4=8005A238 r5=02000000 @t=15s
run.log.d:[gpu2reg] R1013 @DMA2-install: 69A4=1F801814 69A8=1F8010A0 A238w0=05FFFFFF @t=15s
run.log.d:[gpu2reg] R1013 0x800465EC ENTRY: 69A4=1F801814 69A8=1F8010A0 69AC=1F8010A4 69B0=1F8010A8 A238w0=05FFFFFF r4=8005A238 r5=02000000 @t=39s
run.log.d:[gpu2reg] R1013 @DMA2-install: 69A4=1F801814 69A8=1F8010A0 A238w0=05FFFFFF @t=39s
run.log.d:[gpu2reg] R1013 0x800465EC ENTRY: 69A4=1F801814 69A8=1F8010A0 69AC=1F8010A4 69B0=1F8010A8 A238w0=05FFFFFF r4=8005A238 r5=02000000 @t=55s
run.log.d:[gpu2reg] R1013 0x800465EC ENTRY: 69A4=1F801814 69A8=1F8010A0 69AC=1F8010A4 69B0=1F8010A8 A238w0=05FFFFFF r4=801FFF14 r5=00000000 @t=60s
=GATEMISS=
run.log:[cardgate] R1018 card gate serviced: A0(0x72) v0=1 a0=8005890C a1=800578A8 a2=FFFFFFFF (psyq libapi.h:110 card-init family; c132 gatemiss receipts) @t=15s
run.log:[cardgate] R1018 card gate serviced: B0(0x4A) v0=1 a0=00000001 a1=00000004 a2=8005A1C4 (psyq libapi.h:110 card-init family; c132 gatemiss receipts) @t=15s
run.log:[cardgate] R1018 card gate serviced: B0(0x4B) v0=1 a0=00000001 a1=00000004 a2=8005A1C4 (psyq libapi.h:110 card-init family; c132 gatemiss receipts) @t=15s
run.log:[cardgate] R1018 card gate serviced: A0(0x70) v0=1 a0=00000002 a1=00000004 a2=8005A1C4 (psyq libapi.h:110 card-init family; c132 gatemiss receipts) @t=15s
run.log.d:[cardgate] R1018 card gate serviced: A0(0x72) v0=1 a0=8005890C a1=800578A8 a2=00000000 (psyq libapi.h:110 card-init family; c132 gatemiss receipts) @t=0s
run.log.d:[cardgate] R1018 card gate serviced: B0(0x4A) v0=1 a0=00000001 a1=00000004 a2=8005A1C4 (psyq libapi.h:110 card-init family; c132 gatemiss receipts) @t=0s
run.log.d:[cardgate] R1018 card gate serviced: B0(0x4B) v0=1 a0=00000001 a1=00000004 a2=8005A1C4 (psyq libapi.h:110 card-init family; c132 gatemiss receipts) @t=0s
run.log.d:[cardgate] R1018 card gate serviced: A0(0x70) v0=1 a0=00000002 a1=00000004 a2=8005A1C4 (psyq libapi.h:110 card-init family; c132 gatemiss receipts) @t=0s
run.log.d:[cardgate] R1018 card gate serviced: A0(0x72) v0=1 a0=8005890C a1=800578A8 a2=FFFFFFFF (psyq libapi.h:110 card-init family; c132 gatemiss receipts) @t=15s
run.log.d:[cardgate] R1018 card gate serviced: B0(0x4A) v0=1 a0=00000001 a1=00000004 a2=8005A1C4 (psyq libapi.h:110 card-init family; c132 gatemiss receipts) @t=15s
run.log.d:[cardgate] R1018 card gate serviced: B0(0x4B) v0=1 a0=00000001 a1=00000004 a2=8005A1C4 (psyq libapi.h:110 card-init family; c132 gatemiss receipts) @t=15s
run.log.d:[cardgate] R1018 card gate serviced: A0(0x70) v0=1 a0=00000002 a1=00000004 a2=8005A1C4 (psyq libapi.h:110 card-init family; c132 gatemiss receipts) @t=15s
=COORDW=
run.log:[coordw] R1000 entry 0x80077E88: 01100231 4F0000F1 4F204F20 34A02020 at fn 0x80019524 r31=80019B98 (old EBE10222) @t=81s
run.log:[coordw] R1000 entry 0x80077E88: EBE10222 543DAE66 3FFCCCE1 B142E144 at fn 0x800286CC r31=80028A74 (old 01100231) @t=83s
run.log:[coordw] R1000 entry 0x80077E88: 12000044 20FFEFF0 F00E1220 311F23FB at fn 0x800286CC r31=80028A74 (old EBE10222) @t=85s
run.log.d:[coordw] R1000 entry 0x80077E88: 00000000 00000000 00000000 00000000 at fn 0x80019524 r31=00000000 (old DEAD0000) @t=0s
run.log.d:[coordw] R1000 entry 0x80077E88: 27BDFFC8 3C038001 8C630000 2402FFFF at fn 0x800286CC r31=80028A74 (old 00000000) @t=1s
run.log.d:[coordw] R1000 entry 0x80077E88: 12000044 20FFEFF0 F00E1220 311F23FB at fn 0x800286CC r31=80028A74 (old 27BDFFC8) @t=2s
run.log.d:[coordw] R1000 entry 0x80077E88: 00000000 00000000 00000000 00000000 at fn 0x80019524 r31=80032284 (old 12000044) @t=15s
run.log.d:[coordw] R1000 entry 0x80077E88: EBE10222 543DAE66 3FFCCCE1 B142E144 at fn 0x80041534 r31=8002B168 (old 00000000) @t=15s
run.log.d:[coordw] R1000 entry 0x80077E88: 0AE44D90 BD360904 163B0272 0DEF0210 at fn 0x800413AC r31=8002B158 (old EBE10222) @t=15s
run.log.d:[coordw] R1000 entry 0x80077E88: 00000000 00000000 00000000 00000000 at fn 0x80019524 r31=80032284 (old 27BDFFC8) @t=39s
run.log.d:[coordw] R1000 entry 0x80077E88: 27BDFFC8 3C038001 8C630000 2402FFFF at fn 0x800286CC r31=80028A74 (old 00000000) @t=39s
run.log.d:[coordw] R1000 entry 0x80077E88: EBE10222 543DAE66 3FFCCCE1 B142E144 at fn 0x800286CC r31=80028A74 (old 27BDFFC8) @t=41s
run.log.d:[coordw] R1000 entry 0x80077E88: 12000044 20FFEFF0 F00E1220 311F23FB at fn 0x800286CC r31=80028A74 (old EBE10222) @t=43s
run.log.d:[coordw] R1000 entry 0x80077E88: 00000000 00000000 00000000 00000000 at fn 0x80019524 r31=80039120 (old 12000044) @t=55s
run.log.d:[coordw] R1000 entry 0x80077E88: EBE10222 543DAE66 3FFCCCE1 B142E144 at fn 0x80041534 r31=8002B168 (old 00000000) @t=55s
run.log.d:[coordw] R1000 entry 0x80077E88: 01100231 4F0000F1 4F204F20 34A02020 at fn 0x80019524 r31=80019B98 (old EBE10222) @t=68s
run.log.d:[coordw] R1000 entry 0x80077E88: EBE10222 543DAE66 3FFCCCE1 B142E144 at fn 0x800286CC r31=80028A74 (old 01100231) @t=70s
run.log.d:[coordw] R1000 entry 0x80077E88: 01100231 4F0000F1 4F204F20 34A02020 at fn 0x80019524 r31=80019B98 (old EBE10222) @t=81s
run.log.d:[coordw] R1000 entry 0x80077E88: EBE10222 543DAE66 3FFCCCE1 B142E144 at fn 0x800286CC r31=80028A74 (old 01100231) @t=83s
run.log.d:[coordw] R1000 entry 0x80077E88: 12000044 20FFEFF0 F00E1220 311F23FB at fn 0x800286CC r31=80028A74 (old EBE10222) @t=85s
=UNPACKW=
run.log:[unpackw] R1001 UnpackCompressedBuffer a0=800B0704 a1=801F4E80 a2=00C00000 a3=FE1FFFFF r31=80019828 src[0..3]=00000000 00003520 0004DC00 0080016C dst[0..3]=00000035 000000DC 0000016C 0000023C @t=55s
run.log:[unpackw] R1001 UnpackCompressedBuffer a0=0000D000 a1=00000001 a2=00000001 a3=00800000 r31=800429A4 src[0..3]=00000000 00000000 00000000 00000000 dst[0..3]=00000000 00000000 00000000 00000000 @t=60s
run.log:[unpackw] R1001 UnpackCompressedBuffer a0=800AFC98 a1=801FA634 a2=0CC78D40 a3=FE1FFFFF r31=800197D0 src[0..3]=00000000 0E013A00 7400FE00 0051E014 dst[0..3]=000E013A 147400FE 00000051 00000010 @t=61s
run.log:[unpackw] R1001 UnpackCompressedBuffer a0=800B0704 a1=801F4E80 a2=C6C0CBA5 a3=FE1FFFFF r31=80019828 src[0..3]=00000000 00003520 0004DC00 0080016C dst[0..3]=00000035 000000DC 0000016C 0000023C @t=61s
run.log:[unpackw] R1001 UnpackCompressedBuffer a0=8004EABC a1=801F3634 a2=00200000 a3=FE1FFFFF r31=80019D74 src[0..3]=00000000 000010A0 00040800 8000082C dst[0..3]=00000010 00000008 0000002C 01E00000 @t=66s
run.log:[unpackw] R1001 UnpackCompressedBuffer a0=801EF300 a1=8006FAF0 a2=800566F8 a3=80018DFC r31=80019B98 src[0..3]=00020200 6E006152 206D6F64 04646F4D dst[0..3]=8007EB61 84000000 00007453 01000804 @t=68s
run.log.d:[unpackw] R1001 UnpackCompressedBuffer a0=00000A64 a1=00000001 a2=00000001 a3=00800000 r31=00000000 src[0..3]=00000000 00000000 00000000 00000000 dst[0..3]=00000000 00000000 00000000 00000000 @t=8s
run.log.d:[unpackw] R1001 UnpackCompressedBuffer a0=000035C8 a1=00000001 a2=00000001 a3=00800000 r31=00000000 src[0..3]=00000000 00000000 00000000 00000000 dst[0..3]=00000000 00000000 00000000 00000000 @t=10s
run.log.d:[unpackw] R1001 UnpackCompressedBuffer a0=00000000 a1=00000001 a2=00000001 a3=00800000 r31=800429A4 src[0..3]=00000000 00000000 00000000 00000000 dst[0..3]=00000000 00000000 00000000 00000000 @t=15s
run.log.d:[unpackw] R1001 UnpackCompressedBuffer a0=800AFC98 a1=801FA634 a2=00C00000 a3=FE1FFFFF r31=800197D0 src[0..3]=00000000 0E013A00 7400FE00 0051E014 dst[0..3]=000E013A 147400FE 00000051 00000010 @t=55s
run.log.d:[unpackw] R1001 UnpackCompressedBuffer a0=800B0704 a1=801F4E80 a2=00C00000 a3=FE1FFFFF r31=80019828 src[0..3]=00000000 00003520 0004DC00 0080016C dst[0..3]=00000035 000000DC 0000016C 0000023C @t=55s
run.log.d:[unpackw] R1001 UnpackCompressedBuffer a0=0000D000 a1=00000001 a2=00000001 a3=00800000 r31=800429A4 src[0..3]=00000000 00000000 00000000 00000000 dst[0..3]=00000000 00000000 00000000 00000000 @t=60s
run.log.d:[unpackw] R1001 UnpackCompressedBuffer a0=800AFC98 a1=801FA634 a2=0CC78D40 a3=FE1FFFFF r31=800197D0 src[0..3]=00000000 0E013A00 7400FE00 0051E014 dst[0..3]=000E013A 147400FE 00000051 00000010 @t=61s
run.log.d:[unpackw] R1001 UnpackCompressedBuffer a0=800B0704 a1=801F4E80 a2=C6C0CBA5 a3=FE1FFFFF r31=80019828 src[0..3]=00000000 00003520 0004DC00 0080016C dst[0..3]=00000035 000000DC 0000016C 0000023C @t=61s
run.log.d:[unpackw] R1001 UnpackCompressedBuffer a0=8004EABC a1=801F3634 a2=00200000 a3=FE1FFFFF r31=80019D74 src[0..3]=00000000 000010A0 00040800 8000082C dst[0..3]=00000010 00000008 0000002C 01E00000 @t=66s
run.log.d:[unpackw] R1001 UnpackCompressedBuffer a0=801EF300 a1=8006FAF0 a2=800566F8 a3=80018DFC r31=80019B98 src[0..3]=00020200 6E006152 206D6F64 04646F4D dst[0..3]=8007EB61 84000000 00007453 01000804 @t=68s
=MODMISS=
run.log:[fldx] R790 expansion sequence entered (via full-handoff-stamp; coordinator slot EBE10222 543DAE66; R1002 staged f14@801D9724=00000000 gate=MISS f15@801F8724=01180118)
run.log.d:[fldx] R790 expansion sequence entered (via full-handoff-stamp; coordinator slot 00000000 00000000; R1002 staged f14@801D9724=00000000 gate=MISS f15@801F8724=00000000)
run.log.d:[fldx] R790 expansion sequence entered (via full-handoff-stamp; coordinator slot 00000000 00000000; R1002 staged f14@801D9724=00000000 gate=MISS f15@801F8724=00000000)
run.log.d:[fldx] R790 expansion sequence entered (via full-handoff-stamp; coordinator slot EBE10222 543DAE66; R1002 staged f14@801D9724=00000000 gate=MISS f15@801F8724=01180118)
run.log:[fldx2] R1005 RETARGET EXPANDED: file#14 LBA=108933 size=125304 staged 62 sectors, LZSS 260862 of 260862 words -> coordinator slot now: 27BDFFC8 3C038001 8C630000 2402FFFF
run.log:[fldx2] R1005 RETARGET EXPANDED: file#14 LBA=108933 size=125304 staged 62 sectors, LZSS 260862 of 260862 words -> coordinator slot now: 27BDFFC8 3C038001 8C630000 2402FFFF
run.log.d:[fldx2] R1005 RETARGET EXPANDED: file#14 LBA=108933 size=125304 staged 62 sectors, LZSS 260862 of 260862 words -> coordinator slot now: 27BDFFC[digestcap] R865: digest was   408802B - kept head 16KB + DEATH EVIDENCE + tail 12KB (death receipts must survive the cap - c454's EXITTAIL was cut by the middle-capper and the death went unnamed)
=WEDGECAM=
run.log:[tblw] R1197 COMMITTED w4 ea=0x8006A228 off=0x0006A228 old=00000000 arg=00000000 after=00000000 | store=MACRO-ATTRIBUTED (guest SW/SH/SB call site) line=18673 | cur_fn=80019524(LAST DISPATCHED only) | SOURCE-scan candidates separate via SRC probe
run.log:[tblw] R1197 COMMITTED w4 ea=0x8006A22C off=0x0006A22C old=00000000 arg=00000000 after=00000000 | store=MACRO-ATTRIBUTED (guest SW/SH/SB call site) line=18673 | cur_fn=80019524(LAST DISPATCHED only) | SOURCE-scan candidates separate via SRC probe
run.log:[tblw] R1197 COMMITTED w4 ea=0x8006A230 off=0x0006A230 old=00000000 arg=00000000 after=00000000 | store=MACRO-ATTRIBUTED (guest SW/SH/SB call site) line=18673 | cur_fn=80019524(LAST DISPATCHED only) | SOURCE-scan candidates separate via SRC probe
run.log:[hle-spu] reg write #1 0x1F801D80 = 0x0000
run.log:[hle-spu] reg write #2 0x1F801D82 = 0x0000
run.log:[hle-spu] reg write #3 0x1F801DAA = 0x0000
run.log:[nullbase] R978 pump null-base @80041C64 door: A228=00000000 A22C=00000000 A230=00000000 | queue 18088=00000000 1808C=8001A4B4 18098=00000000 1809C=80077E88 180A8=00000001 | irqstruct 5A200=00000000 800409E4 80040A4C | Intr=80056788 w0=00000002 | reg0=1F801800
run.log:[ringw] #1 0x8004FE08: 0x00000000 -> 0x00000800 r31=8002B168 r16=00000000 @t=0s
run.log:[ringw] #2 0x8004FE08: 0x00000800 -> 0x00001000 r31=8002B168 r16=00000000 @t=0s
run.log:[ringw] #3 0x8004FE08: 0x00001000 -> 0x00001800 r31=8002B168 r16=00000000 @t=0s
run.log:[pollkick] R1196 kick #1 serviced at A22C poll cur_fn=8004293C (r32 hits=8713732 wrap-aware | ORIGIN guest=64 host=0 | OUTCOME blocked=0 svc-ent=1 svc-ret=1)
run.log:[ringw] #4 0x8004FE08: 0x00001800 -> 0x00002000 r31=8002B168 r16=00000000 @t=0s
run.log:[pollkick] R1196 kick #2 serviced at A22C poll cur_fn=80041BA8 (r32 hits=22485739 wrap-aware | ORIGIN guest=129 host=0 | OUTCOME blocked=0 svc-ent=2 svc-ret=2)
run.log:[pollkick] R1196 kick #3 serviced at A22C poll cur_fn=8002B084 (r32 hits=413865328 wrap-aware | ORIGIN guest=192 host=0 | OUTCOME blocked=0 svc-ent=3 svc-ret=3)
run.log:[tblw] R1197 COMMITTED w4 ea=0x8006A228 off=0x0006A228 old=00000000 arg=00000000 after=00000000 | store=runtime/unknown (entry sw_active==0: direct or hook-nested runtime write, never auto-labeled a guest store) line=0 | cur_fn=800320E8(LAST DISPATCHED only) | SOURCE-scan candidates separate via SRC probe
run.log:[tblw] R1197 COMMITTED w4 ea=0x8006A22C off=0x0006A22C old=00000000 arg=00000000 after=00000000 | store=runtime/unknown (entry sw_active==0: direct or hook-nested runtime write, never auto-labeled a guest store) line=0 | cur_fn=800320E8(LAST DISPATCHED only) | SOURCE-scan candidates separate via SRC probe
run.log:[tblw] R1197 COMMITTED w4 ea=0x8006A230 off=0x0006A230 old=00000000 arg=00000000 after=00000000 | store=runtime/unknown (entry sw_active==0: direct or hook-nested runtime write, never auto-labeled a guest store) line=0 | cur_fn=800320E8(LAST DISPATCHED only) | SOURCE-scan candidates separate via SRC probe
run.log:[tblw] R1197 COMMITTED w4 ea=0x8006A228 off=0x0006A228 old=00000000 arg=00000000 after=00000000 | store=MACRO-ATTRIBUTED (guest SW/SH/SB call site) line=18673 | cur_fn=80019524(LAST DISPATCHED only) | SOURCE-scan candidates separate via SRC probe
run.log:[tblw] R1197 COMMITTED w4 ea=0x8006A22C off=0x0006A22C old=00000000 arg=00000000 after=00000000 | store=MACRO-ATTRIBUTED (guest SW/SH/SB call site) line=18673 | cur_fn=80019524(LAST DISPATCHED only) | SOURCE-scan candidates separate via SRC probe
run.log:[pollkick] R1196 kick #4 serviced at A22C poll cur_fn=80041BA8 (r32 hits=415892087 wrap-aware | ORIGIN guest=256 host=0 | OUTCOME blocked=0 svc-ent=4 svc-ret=4)
run.log:[pollkick] R1196 kick #5 serviced at A22C poll cur_fn=80041BA8 (r32 hits=416844550 wrap-aware | ORIGIN guest=320 host=0 | OUTCOME blocked=0 svc-ent=5 svc-ret=5)
run.log:[pollkick] R1196 kick #6 serviced at A22C poll cur_fn=8004247C (r32 hits=418663833 wrap-aware | ORIGIN guest=384 host=0 | OUTCOME blocked=0 svc-ent=6 svc-ret=6)
run.log:[pollkick] R1196 kick #12 serviced at A22C poll cur_fn=800286CC (r32 hits=1010539538 wrap-aware | ORIGIN guest=767 host=1 | OUTCOME blocked=0 svc-ent=12 svc-ret=12)
run.log:[hle-mdec] reg write #1 0x1F801828 = 0x00000000
run.log:[hle-mdec] reg write #2 0x1F801824 = 0x00000000
run.log:[hle-mdec] reg write #3 0x1F801820 = 0x00000000
run.log:[wedge] R1195 liveness: kick enter=90 exit=90 active=0 | notifier enter=86 exit=86 | read-spin hits r8=9010704 r16=2248890 r32=1571629005
run.log:[wedge] R1197 a22c origin guest=1365 host=2 | outcome blocked=0 svc-ent=21 svc-ret=21 (origin x outcome INDEPENDENT - guest>0 + blocked>0 = guest reads land hb-blocked; svc-ent!=svc-ret = serviced kick never returned - Jos c489)
run.log:[wedge] R1195 host backtrace n=0 (anchor thread; symbolize vs xenogears_boot):
run.log:[wedgespin] R1195 read32 off=0x801FFF7C (NEW, cur_fn 0x800286CC depth=1 streak=10)
run.log:[wedgespin] R1195 read32 off=0x801FFF78 (NEW, cur_fn 0x800286CC depth=1 streak=10)
run.log:[wedgespin] R1195 read32 off=0x8004FE04 (NEW, cur_fn 0x800286CC depth=1 streak=10)
run.log:[wedgespin] R1195 read32 off=0x8004FDF8 (NEW, cur_fn 0x800286CC depth=1 streak=10)
run.log:[wedgespin] R1195 read32 off=0x8004FE04 (rep, cur_fn 0x800286CC depth=1 streak=10)
run.log:[wedgespin] R1195 read32 off=0x8004FDF8 (rep, cur_fn 0x800286CC depth=1 streak=10)
run.log:[wedgespin] R1195 read32 off=0x8004FDF8 (rep, cur_fn 0x800286CC depth=1 streak=10)
run.log:[wedgespin] R1195 read32 off=0x8004FE04 (rep, cur_fn 0x800286CC depth=1 streak=10)
run.log:[wedgespin] R1195 read32 off=0x8004FDFC (NEW, cur_fn 0x800286CC depth=1 streak=10)
run.log:[wedgespin] R1195 read32 off=0x801FFF7C (rep, cur_fn 0x800286CC depth=1 streak=10)
run.log:[wedgespin] R1195 read32 off=0x801FFF78 (rep, cur_fn 0x800286CC depth=1 streak=10)
run.log:[wedgespin] R1195 read32 off=0x8004FDFC (rep, cur_fn 0x800286CC depth=1 streak=10)
run.log:[wedgespin] R1195 read32 off=0x801FFF7C (rep, cur_fn 0x800286CC depth=1 streak=10)
run.log:[wedgespin] R1195 read32 off=0x801FFF78 (rep, cur_fn 0x800286CC depth=1 streak=10)
run.log:[wedgespin] R1195 read32 off=0x8004FDFC (rep, cur_fn 0x800286CC depth=1 streak=10)
run.log:[wedgespin] R1195 read32 off=0x80057848 (rep, cur_fn 0x800286CC depth=1 streak=10)
run.log:[wedgespin] R1195 read32 off=0x80057848 (rep, cur_fn 0x800286CC depth=1 streak=10)
run.log:[wedgespin] R1195 read32 off=0x800564A8 (NEW, cur_fn 0x80041B24 depth=2 streak=5)
run.log:[wedgespin] R1195 read32 off=0x8006F000 (NEW, cur_fn 0x80041B24 depth=2 streak=5)
run.log:[wedgespin] R1195 read32 off=0x8006F004 (NEW, cur_fn 0x80041B24 depth=2 streak=5)
run.log:[wedgespin] R1195 read32 off=0x8006F008 (NEW, cur_fn 0x80041B24 depth=2 streak=5)
run.log:[wedgespin] R1195 read32 off=0x8006F00C (NEW, cur_fn 0x80041B24 depth=2 streak=5)
run.log:[wedgespin] R1195 read32 off=0x8006F010 (NEW, cur_fn 0x80041B24 depth=2 streak=5)
run.log:[wedgespin] R1195 read32 off=0x8006F014 (NEW, cur_fn 0x80041B24 depth=2 streak=5)
run.log:[wedgespin] R1195 read32 off=0x8006F018 (NEW, cur_fn 0x80041B24 depth=2 streak=5)
run.log:[wedgespin] R1195 read32 off=0x8006F01C (NEW, cur_fn 0x80041B24 depth=2 streak=5)
run.log:[wedgespin] R1195 read32 off=0x8006F020 (NEW, cur_fn 0x80041B24 depth=2 streak=5)
run.log:[wedgespin] R1195 read32 off=0x8006F024 (NEW, cur_fn 0x80041B24 depth=2 streak=5)
run.log:[wedgespin] R1195 read32 off=0x8006F028 (NEW, cur_fn 0x80041B24 depth=2 streak=5)
run.log:[wedgespin] R1195 read32 off=0x8006F02C (NEW, cur_fn 0x80041B24 depth=2 streak=5)
run.log:[wedgespin] R1195 read32 off=0x8006F030 (NEW, cur_fn 0x80041B24 depth=2 streak=5)
run.log:[wedgespin] R1195 read32 off=0x8006F034 (NEW, cur_fn 0x80041B24 depth=2 streak=5)
run.log:[wedgespin] R1195 read32 off=0x8006F038 (NEW, cur_fn 0x80041B24 depth=2 streak=5)
run.log:[wedgespin] R1195 read32 off=0x8006F03C (NEW, cur_fn 0x80041B24 depth=2 streak=5)
run.log:[wedgespin] R1195 read32 off=0x8006F040 (NEW, cur_fn 0x80041B24 depth=2 streak=5)
run.log:[wedgespin] R1195 read32 off=0x8006F044 (NEW, cur_fn 0x80041B24 depth=2 streak=5)
run.log:[wedgespin] R1195 read32 off=0x8006F048 (NEW, cur_fn 0x80041B24 depth=2 streak=5)
run.log:[wedgespin] R1195 read32 off=0x8006F04C (NEW, cur_fn 0x80041B24 depth=2 streak=5)
run.log:[wedgespin] R1195 read32 off=0x8006F050 (NEW, cur_fn 0x80041B24 depth=2 streak=5)
run.log:[wedgespin] R1195 read32 off=0x8006F054 (NEW, cur_fn 0x80041B24 depth=2 streak=5)
run.log:[wedgespin] R1195 read32 off=0x8006F058 (NEW, cur_fn 0x80041B24 depth=2 streak=5)
run.log:[wedgespin] R1195 read32 off=0x8006F05C (NEW, cur_fn 0x80041B24 depth=2 streak=5)
run.log:[wedgespin] R1195 read32 off=0x8006F060 (NEW, cur_fn 0x80041B24 depth=2 streak=5)
=DEATHREC=
--- EXITTAIL (run.log last 96) ---
[wedgespin] R1195 read32 off=0x8006F0AC (NEW, cur_fn 0x80041B24 depth=2 streak=40)
[wedgespin] R1195 read32 off=0x8006F0B0 (NEW, cur_fn 0x80041B24 depth=2 streak=40)
[wedgespin] R1195 read32 off=0x8006F0B4 (NEW, cur_fn 0x80041B24 depth=2 streak=40)
[wedgespin] R1195 read32 off=0x8006F0B8 (NEW, cur_fn 0x80041B24 depth=2 streak=40)
[wedgespin] R1195 read32 off=0x8006F0BC (NEW, cur_fn 0x80041B24 depth=2 streak=40)
[wedgespin] R1195 read32 off=0x8006F0C0 (NEW, cur_fn 0x80041B24 depth=2 streak=40)
[wedgespin] R1195 read32 off=0x8006F0C4 (NEW, cur_fn 0x80041B24 depth=2 streak=40)
[wedgespin] R1195 read32 off=0x8006F0C8 (NEW, cur_fn 0x80041B24 depth=2 streak=40)
[wedgespin] R1195 read32 off=0x8006F0CC (NEW, cur_fn 0x80041B24 depth=2 streak=40)
[wedgespin] R1195 read32 off=0x8006F0D0 (NEW, cur_fn 0x80041B24 depth=2 streak=40)
[fldfrz2] R825 HOST watcher t=171s sectors=570 | seek=109158 | walker: FAEC=00000000 92C0=00000000 92BC=00000000 92D0=00000000 F0C=00000005 F10=00331724 FE1C=00000006 FE20=00000003 FDF8=00003818 FE04=0001aa66 FDE4=00000021 | q10=00331724 q14=00000001 q18=000000a0
[wedgespin] R1195 read32 off=0x800564A8 (NEW, cur_fn 0x80041B24 depth=2 streak=45)
[wedgespin] R1195 read32 off=0x8006F000 (NEW, cur_fn 0x80041B24 depth=2 streak=45)
[wedgespin] R1195 read32 off=0x8006F004 (NEW, cur_fn 0x80041B24 depth=2 streak=45)
[wedgespin] R1195 read32 off=0x8006F008 (NEW, cur_fn 0x80041B24 depth=2 streak=45)
[wedgespin] R1195 read32 off=0x8006F00C (NEW, cur_fn 0x80041B24 depth=2 streak=45)
[wedgespin] R1195 read32 off=0x8006F010 (NEW, cur_fn 0x80041B24 depth=2 streak=45)
[wedgespin] R1195 read32 off=0x8006F014 (NEW, cur_fn 0x80041B24 depth=2 streak=45)
[wedgespin] R1195 read32 off=0x8006F018 (NEW, cur_fn 0x80041B24 depth=2 streak=45)
[wedgespin] R1195 read32 off=0x8006F01C (NEW, cur_fn 0x80041B24 depth=2 streak=45)
[wedgespin] R1195 read32 off=0x8006F020 (NEW, cur_fn 0x80041B24 depth=2 streak=45)
[wedgespin] R1195 read32 off=0x8006F024 (NEW, cur_fn 0x80041B24 depth=2 streak=45)
[wedgespin] R1195 read32 off=0x8006F028 (NEW, cur_fn 0x80041B24 depth=2 streak=45)
[wedgespin] R1195 read32 off=0x8006F02C (NEW, cur_fn 0x80041B24 depth=2 streak=45)
[wedgespin] R1195 read32 off=0x8006F030 (NEW, cur_fn 0x80041B24 depth=2 streak=45)
[wedgespin] R1195 read32 off=0x8006F034 (NEW, cur_fn 0x80041B24 depth=2 streak=45)
[wedgespin] R1195 read32 off=0x8006F038 (NEW, cur_fn 0x80041B24 depth=2 streak=45)
[wedgespin] R1195 read32 off=0x8006F03C (NEW, cur_fn 0x80041B24 depth=2 streak=45)
[wedgespin] R1195 read32 off=0x8006F040 (NEW, cur_fn 0x80041B24 depth=2 streak=45)
[wedgespin] R1195 read32 off=0x8006F044 (NEW, cur_fn 0x80041B24 depth=2 streak=45)
[wedgespin] R1195 read32 off=0x8006F048 (NEW, cur_fn 0x80041B24 depth=2 streak=45)
[wedgespin] R1195 read32 off=0x8006F04C (NEW, cur_fn 0x80041B24 depth=2 streak=45)
[wedgespin] R1195 read32 off=0x8006F050 (NEW, cur_fn 0x80041B24 depth=2 streak=45)
[wedgespin] R1195 read32 off=0x8006F054 (NEW, cur_fn 0x80041B24 depth=2 streak=45)
[wedgespin] R1195 read32 off=0x8006F058 (NEW, cur_fn 0x80041B24 depth=2 streak=45)
[wedgespin] R1195 read32 off=0x8006F05C (NEW, cur_fn 0x80041B24 depth=2 streak=45)
[wedgespin] R1195 read32 off=0x8006F060 (NEW, cur_fn 0x80041B24 depth=2 streak=45)
[wedgespin] R1195 read32 off=0x8006F064 (NEW, cur_fn 0x80041B24 depth=2 streak=45)
[fldfrz2] R825 HOST watcher t=186s sectors=570 | seek=109158 | walker: FAEC=00000000 92C0=00000000 92BC=00000000 92D0=00000000 F0C=00000005 F10=00331724 FE1C=00000006 FE20=00000003 FDF8=00003818 FE04=0001aa66 FDE4=00000021 | q10=00331724 q14=00000001 q18=000000a0
[wedgespin] R1195 read32 off=0x800564A8 (rep, cur_fn 0x80041B24 depth=2 streak=50)
[wedgespin] R1195 read32 off=0x8006F000 (rep, cur_fn 0x80041B24 depth=2 streak=50)
[wedgespin] R1195 read32 off=0x8006F004 (rep, cur_fn 0x80041B24 depth=2 streak=50)
[wedgespin] R1195 read32 off=0x8006F008 (rep, cur_fn 0x80041B24 depth=2 streak=50)
[wedgespin] R1195 read32 off=0x8006F00C (rep, cur_fn 0x80041B24 depth=2 streak=50)
[wedgespin] R1195 read32 off=0x8006F010 (rep, cur_fn 0x80041B24 depth=2 streak=50)
[wedgespin] R1195 read32 off=0x8006F014 (rep, cur_fn 0x80041B24 depth=2 streak=50)
[wedgespin] R1195 read32 off=0x8006F018 (rep, cur_fn 0x80041B24 depth=2 streak=50)
[wedgespin] R1195 read32 off=0x8006F01C (rep, cur_fn 0x80041B24 depth=2 streak=50)
[wedgespin] R1195 read32 off=0x8006F020 (rep, cur_fn 0x80041B24 depth=2 streak=50)
[wedgespin] R1195 read32 off=0x8006F024 (rep, cur_fn 0x80041B24 depth=2 streak=50)
[wedgespin] R1195 read32 off=0x8006F028 (rep, cur_fn 0x80041B24 depth=2 streak=50)
[wedgespin] R1195 read32 off=0x8006F02C (rep, cur_fn 0x80041B24 depth=2 streak=50)
[wedgespin] R1195 read32 off=0x8006F030 (rep, cur_fn 0x80041B24 depth=2 streak=50)
[wedgespin] R1195 read32 off=0x8006F034 (rep, cur_fn 0x80041B24 depth=2 streak=50)
[wedgespin] R1195 read32 off=0x8006F038 (rep, cur_fn 0x80041B24 depth=2 streak=50)
[wedgespin] R1195 read32 off=0x8006F03C (rep, cur_fn 0x80041B24 depth=2 streak=50)
[wedgespin] R1195 read32 off=0x8006F040 (rep, cur_fn 0x80041B24 depth=2 streak=50)
[wedgespin] R1195 read32 off=0x8006F044 (rep, cur_fn 0x80041B24 depth=2 streak=50)
[wedgespin] R1195 read32 off=0x8006F048 (rep, cur_fn 0x80041B24 depth=2 streak=50)
[wedgespin] R1195 read32 off=0x8006F04C (rep, cur_fn 0x80041B24 depth=2 streak=50)
[wedgespin] R1195 read32 off=0x8006F050 (rep, cur_fn 0x80041B24 depth=2 streak=50)
[wedgespin] R1195 read32 off=0x8006F054 (rep, cur_fn 0x80041B24 depth=2 streak=50)
[wedgespin] R1195 read32 off=0x8006F058 (rep, cur_fn 0x80041B24 depth=2 streak=50)
[wedgespin] R1195 read32 off=0x8006F05C (rep, cur_fn 0x80041B24 depth=2 streak=50)
[wedgespin] R1195 read32 off=0x8006F060 (rep, cur_fn 0x80041B24 depth=2 streak=50)
[wedgespin] R1195 read32 off=0x8006F064 (rep, cur_fn 0x80041B24 depth=2 streak=50)
[wedgespin] R1195 read32 off=0x8006F068 (NEW, cur_fn 0x80041B24 depth=2 streak=50)
[wedgespin] R1195 read32 off=0x8006F06C (NEW, cur_fn 0x80041B24 depth=2 streak=50)
[wedgespin] R1195 read32 off=0x8006F070 (NEW, cur_fn 0x80041B24 depth=2 streak=50)
[wedgespin] R1195 read32 off=0x8006F074 (NEW, cur_fn 0x80041B24 depth=2 streak=50)
[wedgespin] R1195 read32 off=0x8006F078 (NEW, cur_fn 0x80041B24 depth=2 streak=50)
[wedgespin] R1195 read32 off=0x8006F07C (NEW, cur_fn 0x80041B24 depth=2 streak=50)
[wedgespin] R1195 read32 off=0x8006F080 (NEW, cur_fn 0x80041B24 depth=2 streak=50)
[wedgespin] R1195 read32 off=0x8006F084 (NEW, cur_fn 0x80041B24 depth=2 streak=50)
[wedgespin] R1195 read32 off=0x8006F088 (NEW, cur_fn 0x80041B24 depth=2 streak=50)
[wedgespin] R1195 read32 off=0x8006F08C (NEW, cur_fn 0x80041B24 depth=2 streak=50)
[wedgespin] R1195 read32 off=0x8006F090 (NEW, cur_fn 0x80041B24 depth=2 streak=50)
[wedgespin] R1195 read32 off=0x8006F094 (NEW, cur_fn 0x80041B24 depth=2 streak=50)
[wedgespin] R1195 read32 off=0x8006F098 (NEW, cur_fn 0x80041B24 depth=2 streak=50)
[wedgespin] R1195 read32 off=0x8006F09C (NEW, cur_fn 0x80041B24 depth=2 streak=50)
[wedgespin] R1195 read32 off=0x8006F0A0 (NEW, cur_fn 0x80041B24 depth=2 streak=50)
[wedgespin] R1195 read32 off=0x8006F0A4 (NEW, cur_fn 0x80041B24 depth=2 streak=50)
[wedgespin] R1195 read32 off=0x8006F0A8 (NEW, cur_fn 0x80041B24 depth=2 streak=50)
[wedgespin] R1195 read32 off=0x8006F0AC (NEW, cur_fn 0x80041B24 depth=2 streak=50)
[wedgespin] R1195 read32 off=0x8006F0B0 (NEW, cur_fn 0x80041B24 depth=2 streak=50)
[wedgespin] R1195 read32 off=0x8006F0B4 (NEW, cur_fn 0x80041B24 depth=2 streak=50)
[wedgespin] R1195 read32 off=0x8006F0B8 (NEW, cur_fn 0x80041B24 depth=2 streak=50)
[wedgespin] R1195 read32 off=0x8006F0BC (NEW, cur_fn 0x80041B24 depth=2 streak=50)
[wedgespin] R1195 read32 off=0x8006F0C0 (NEW, cur_fn 0x80041B24 depth=2 streak=50)
[wedgespin] R1195 read32 off=0x8006F0C4 (NEW, cur_fn 0x80041B24 depth=2 streak=50)
[wedgespin] R1195 read32 off=0x8006F0C8 (NEW, cur_fn 0x80041B24 depth=2 streak=50)
[wedgespin] R1195 read32 off=0x8006F0CC (NEW, cur_fn 0x80041B24 depth=2 streak=50)
[wedgespin] R1195 read32 off=0x8006F0D0 (NEW, cur_fn 0x80041B24 depth=2 streak=50)
[rungasp] R806 process exit status=137 (0=clean main-return; 99=kit/exitdiag door _exit; 9=fuse SIGKILL; 11/139=host SIGSEGV; 10/138=SIGBUS; 6=SIGABRT) - the silent-death class camera (c385-390: runs died at 10-32s with NO crash dump, NO exit receipt; the wait status names the door)
[wedge] R1196 executed-binary xenogears_boot_124642 sha256=14938fc6fe8d47a60053bb89ea10d475bf6a473ba8125470b8efc5a5f03bef43 dSYM=prev_run/last.dSYM
[logcap] end tail
--- asan ---
--- canaryrec ---
--- abrtrec ---
--- segvdie ---
--- segvrec ---
R825 HOST watcher t=126s sectors=570 | seek=109158 | walker: FAEC=00000000 92C0=00000000 92BC=00000000 92D0=00000000 F0C=00000005 F10=00331724 FE1C=00000006 FE20=00000003 FDF8=00003818 FE04=0001aa66 FDE4=00000021 | q10=00331724 q14=00000001 q18=000000a0
run.log:[fldfrz2] R825 HOST watcher t=141s sectors=570 | seek=109158 | walker: FAEC=00000000 92C0=00000000 92BC=00000000 92D0=00000000 F0C=00000005 F10=00331724 FE1C=00000006 FE20=00000003 FDF8=00003818 FE04=0001aa66 FDE4=00000021 | q10=00331724 q14=00000001 q18=000000a0
run.log:[fldfrz2] R825 HOST watcher t=156s sectors=570 | seek=109158 | walker: FAEC=00000000 92C0=00000000 92BC=00000000 92D0=00000000 F0C=00000005 F10=00331724 FE1C=00000006 FE20=00000003 FDF8=00003818 FE04=0001aa66 FDE4=00000021 | q10=00331724 q14=00000001 q18=000000a0
run.log:[fldfrz2] R825 HOST watcher t=171s sectors=570 | seek=109158 | walker: FAEC=00000000 92C0=00000000 92BC=00000000 92D0=00000000 F0C=00000005 F10=00331724 FE1C=00000006 FE20=00000003 FDF8=00003818 FE04=0001aa66 FDE4=00000021 | q10=00331724 q14=00000001 q18=000000a0
run.log:[fldfrz2] R825 HOST watcher t=186s sectors=570 | seek=109158 | walker: FAEC=00000000 92C0=00000000 92BC=00000000 92D0=00000000 F0C=00000005 F10=00331724 FE1C=00000006 FE20=00000003 FDF8=00003818 FE04=0001aa66 FDE4=00000021 | q10=00331724 q14=00000001 q18=000000a0
run.log.d:[fldfrz2] R825 HOST watcher t=54s sectors=254 | seek=108884 | walker: FAEC=00000000 92C0=00000000 92BC=00000000 92D0=00000000 F0C=00000000 F10=00000000 FE1C=00000000 FE20=00000000 FDF8=00000000 FE04=00000000 FDE4=00000000 | q10=00000000 q14=00000000 q18=00000000
run.log.d:[fldfrz2] R825 HOST watcher t=96s sectors=570 | seek=109158 | walker: FAEC=00000000 92C0=00000000 92BC=00000000 92D0=00000000 F0C=00000005 F10=00331724 FE1C=00000006 FE20=00000003 FDF8=00003818 FE04=0001aa66 FDE4=00000021 | q10=00331724 q14=00000001 q18=000000a0
=FLDFRZ=
=ABORTMSG=
run.log:[healwalk] R699 scan for cursor 0x2D2D2D2D: 2 corrupt record(s) capped - walk retries clean next boot
run.log.d:[healwalk] R699 scan for cursor 0x2D2D2D2D: 2 corrupt record(s) capped - walk retries clean next boot
=STATESTAMP=
run.log:[statestamp] R814 FULL HANDOFF STAMPED #1: FAEC=1, 92C0=-1, 92BC=1, 92D0=0, 9330=1 (walker latch - proceed posture) - walker + dispatcher + R758 walk chain take it from here
run.log:[statestamp] R821 EARLY HANDOFF at bootentry #2 (pre-walker stamp; walker's t=6s stub pass sees proceed posture)
run.log:[statestamp] R821 EARLY HANDOFF at bootentry #4 (pre-walker stamp; walker's t=6s stub pass sees proceed posture)
run.log:[statestamp] R814 FULL HANDOFF STAMPED #4: FAEC=1, 92C0=-1, 92BC=1, 92D0=0, 9330=1 (walker latch - proceed posture) - walker + dispatcher + R758 walk chain take it from here
run.log:[statestamp] R821 EARLY HANDOFF at bootentry #5 (pre-walker stamp; walker's t=6s stub pass sees proceed posture)
run.log:[statestamp] R814 FULL HANDOFF STAMPED #5: FAEC=1, 92C0=-1, 92BC=1, 92D0=0, 9330=1 (walker latch - proceed posture) - walker + dispatcher + R758 walk chain take it from here
run.log.d:[statestamp] R814 FULL HANDOFF STAMPED #1: FAEC=1, 92C0=-1, 92BC=1, 92D0=0, 9330=1 (walker latch - proceed posture) - walker + dispatcher + R758 walk chain take it from here
run.log.d:[statestamp] R821 EARLY HANDOFF at bootentry #2 (pre-walker stamp; walker's t=6s stub pass sees proceed posture)
run.log.d:[statestamp] R821 EARLY HANDOFF at bootentry #4 (pre-walker stamp; walker's t=6s stub pass sees proceed posture)
run.log.d:[statestamp] R814 FULL HANDOFF STAMPED #4: FAEC=1, 92C0=-1, 92BC=1, 92D0=0, 9330=1 (walker latch - proceed posture) - walker + dispatcher + R758 walk chain take it from here
run.log.d:[statestamp] R821 EARLY HANDOFF at bootentry #5 (pre-walker stamp; walker's t=6s stub pass sees proceed posture)
run.log.d:[statestamp] R814 FULL HANDOFF STAMPED #5: FAEC=1, 92C0=-1, 92BC=1, 92D0=0, 9330=1 (walker latch - proceed posture) - walker + dispatcher + R758 walk chain take it from here
=DEV=
run.log:[dev] write 0x1F801800 = 0x00000001
run.log:[dev] read  0x1F801803 = 0x00000000 (n=2)
run.log:[dev] write 0x1F801800 = 0x00000000
run.log:[dev] write 0x1F801803 = 0x00000000
run.log:[dev] write 0x1F801800 = 0x00000000
run.log:[dev] write 0x1F801801 = 0x00000001
run.log:[dev] read  0x1F801800 = 0x00000024 (n=7)
run.log:[dev] write 0x1F80104A = 0x00000000
run.log:[dev] write 0x1F80104A = 0x00000000
run.log:[dev] write 0x1F80104A = 0x00000000
run.log:[dev] write 0x1F80104A = 0x00000000
run.log:[dev] write 0x1F801800 = 0x00000001
run.log:[dev] read  0x1F801803 = 0x00000003 (n=13)
run.log:[dev] read  0x1F801803 = 0x00000003 (n=14)
run.log:[dev] read  0x1F801800 = 0x00000025 (n=15)
run.log:[dev] read  0x1F801801 = 0x00000002 (n=16)
run.log:[dev] read  0x1F801800 = 0x00000025 (n=17)
run.log:[dev] read  0x1F801801 = 0x00000002 (n=18)
run.log:[dev] read  0x1F801800 = 0x00000025 (n=19)
run.log:[dev] read  0x1F801801 = 0x00000002 (n=20)
run.log:[dev] read  0x1F801800 = 0x00000025 (n=21)
run.log:[dev] read  0x1F801801 = 0x00000002 (n=22)
run.log:[dev] read  0x1F801800 = 0x00000025 (n=23)
run.log:[dev] read  0x1F801801 = 0x00000002 (n=24)
run.log:[dev] read  0x1F801800 = 0x00000024 (n=100000)
run.log:[dev] read  0x1F801800 = 0x00000024 (n=150000)
run.log:[dev] read  0x1F801800 = 0x00000024 (n=200000)
run.log:[dev] read  0x1F801800 = 0x00000024 (n=250000)
run.log:[dev] read  0x1F801800 = 0x00000024 (n=300000)
run.log:[dev] read  0x1F801800 = 0x00000024 (n=350000)
run.log:[dev] read  0x1F801800 = 0x00000024 (n=400000)
run.log:[dev] read  0x1F801800 = 0x00000024 (n=450000)
run.log:[dev] read  0x1F801800 = 0x00000024 (n=500000)
run.log:[dev] read  0x1F801800 = 0x00000024 (n=550000)
run.log:[dev] read  0x1F801800 = 0x00000024 (n=600000)
run.log:[dev] read  0x1F801800 = 0x00000024 (n=650000)
run.log:[dev] read  0x1F801800 = 0x00000024 (n=700000)
run.log:[dev] read  0x1F801800 = 0x00000024 (n=750000)
run.log:[dev] read  0x1F801800 = 0x00000024 (n=800000)
run.log:[dev] read  0x1F801800 = 0x00000024 (n=850000)
run.log:[dev] read  0x1F801800 = 0x00000024 (n=900000)
run.log:[dev] read  0x1F801800 = 0x00000024 (n=950000)
run.log:[dev] read  0x1F801800 = 0x00000024 (n=1000000)
run.log:[dev] read  0x1F801800 = 0x00000024 (n=1050000)
run.log:[dev] read  0x1F801800 = 0x00000024 (n=1100000)
run.log:[dev] read  0x1F801800 = 0x00000024 (n=1150000)
run.log:[dev] read  0x1F801800 = 0x00000024 (n=1200000)
run.log:[dev] read  0x1F801800 = 0x00000024 (n=1250000)
=DIR2=
=BANKW=
[bankw] R778 BANK WRITE 800B3260 <- 801FBFF8 writer_fn=80031C58 (bank1)
[bankw] R778 BANK WRITE 800B3264 <- 840A0001 writer_fn=80031C58 (bank1)
[bankheal] R900 bank head SEEDED @allocator door #1: 800B3260 0 -> 801FBFF8, 800B3264 -> 840A0001 (the allocator's own healthy [bankw] write pattern; walk sees a real list instead of null)
[bankw] R778 BANK WRITE 800B3260 <- 801FBFF8 writer_fn=80031C58 (bank1)
[bankw] R778 BANK WRITE 800B3264 <- 840A0001 writer_fn=80031C58 (bank1)
[bankheal] R900 bank head SEEDED @allocator door #4: 800B3260 0 -> 801FBFF8, 800B3264 -> 840A0001 (the allocator's own healthy [bankw] write pattern; walk sees a real list instead of null)
[bankw] R778 BANK WRITE 800B3260 <- 801FBFF8 writer_fn=80031C58 (bank1)
[bankw] R778 BANK WRITE 800B3264 <- 840A0001 writer_fn=80031C58 (bank1)
[bankheal] R900 bank head SEEDED @allocator door #5: 800B3260 0 -> 801FBFF8, 800B3264 -> 840A0001 (the allocator's own healthy [bankw] write pattern; walk sees a real list instead of null)
[bankw] R778 BANK WRITE 800B3CCC <- 801FA634 writer_fn=80031E6C (bank1)
[bankw] R778 BANK WRITE 800B3CCC <- 801F4E80 writer_fn=80031DA8 (bank1)
[bankw] R778 BANK WRITE 800B3CCC <- 801F2B20 writer_fn=80031DA8 (bank1)
[bankw] R778 BANK WRITE 800B3260 <- 801FBFF8 writer_fn=80031C58 (bank1)
[bankw] R778 BANK WRITE 800B3264 <- 840A0001 writer_fn=80031C58 (bank1)
[bankheal] R900 bank head SEEDED @allocator door #6: 800B3260 0 -> 801FBFF8, 800B3264 -> 840A0001 (the allocator's own healthy [bankw] write pattern; walk sees a real list instead of null)
[bankw] R778 BANK WRITE 800B3CCC <- 801FA634 writer_fn=80031E6C (bank1)
[bankw] R778 BANK WRITE 800B3CCC <- 801F4E80 writer_fn=80031DA8 (bank1)
[bankw] R778 BANK WRITE 800B3CCC <- 801F2B20 writer_fn=80031DA8 (bank1)
[bankw] R778 BANK WRITE 800B3CD0 <- 84000000 writer_fn=800320E8 (bank1)
[bankw] R778 BANK WRITE 800B3CCC <- 801EF300 writer_fn=80031DA8 (bank1)
[bankw] R778 BANK WRITE 800B3260 <- 801FBFF8 writer_fn=80031C58 (bank1)
[bankw] R778 BANK WRITE 800B3264 <- 840A0001 writer_fn=80031C58 (bank1)
[bankheal] R900 bank head SEEDED @allocator door #7: 800B3260 0 -> 801FBFF8, 800B3264 -> 840A0001 (the allocator's own healthy [bankw] write pattern; walk sees a real list instead of null)
=FTAB2=
[archbase] R1100 archive base cell 4FDF0 00000000 -> 80010004 (wipe class R1014/R1067 + R1133 degenerate-small class: c314 archw receipted writer v_wait 0x8004B694 storing 1, timeout[] is a stack local per decomp psyq/libetc/vsync.c - misdirected store; healthy value receipted [ftab]/[stab] every cycle)
[ftab] file#=2 base=0x80010004 off=23 gate48=0x00000000 entry=0x800100AC bytes=D2A801F0F00000 -> LBA=108754 size=61680
[ftab] file#=3 base=0x80010004 off=23 gate48=0x00000000 entry=0x800100B3 bytes=F1A801F05D0200 -> LBA=108785 size=155120
[ftab] file#=4 base=0x80010004 off=23 gate48=0x00000000 entry=0x800100BA bytes=3DA901C05C0000 -> LBA=108861 size=23744
[ftab] file#=5 base=0x80010004 off=23 gate48=0x00000000 entry=0x800100C1 bytes=49A901E0550000 -> LBA=108873 size=21984
[ftab] file#=6 base=0x80010004 off=23 gate48=0x00000000 entry=0x800100C8 bytes=54A901640A0000 -> LBA=108884 size=2660
[ftab] file#=7 base=0x80010004 off=23 gate48=0x00000000 entry=0x800100CF bytes=56A901C8350000 -> LBA=108886 size=13768
[ftab] file#=3 base=0x80010004 off=2593 gate48=0x00000000 entry=0x800146F9 bytes=D5A60358230000 -> LBA=239317 size=9048
[ftab] file#=2 base=0x80010004 off=23 gate48=0x00000000 entry=0x800100AC bytes=D2A801F0F00000 -> LBA=108754 size=61680
[ftab] file#=3 base=0x80010004 off=23 gate48=0x00000000 entry=0x800100B3 bytes=F1A801F05D0200 -> LBA=108785 size=155120
[ftab] file#=2 base=0x80010004 off=23 gate48=0x00000000 entry=0x800100AC bytes=D2A801F0F00000 -> LBA=108754 size=61680
[ftab] file#=3 base=0x80010004 off=23 gate48=0x00000000 entry=0x800100B3 bytes=F1A801F05D0200 -> LBA=108785 size=155120
[ftab] file#=4 base=0x80010004 off=23 gate48=0x00000000 entry=0x800100BA bytes=3DA901C05C0000 -> LBA=108861 size=23744
[archbase] R1100 archive base cell 4FDF0 00000000 -> 80010004 (wipe class R1014/R1067 + R1133 degenerate-small class: c314 archw receipted writer v_wait 0x8004B694 storing 1, timeout[] is a stack local per decomp psyq/libetc/vsync.c - misdirected store; healthy value receipted [ftab]/[stab] every cycle)
[ftab] size-lookup fn_80028738(file#=18) caller=0x80019A48
[ftab] FAT neighborhood (base=0x80010004 off=23)
[ftab] file#=1: LBA=108754 size=-6  <== DIRECTORY MARKER
[ftab] file#=2: LBA=108754 size=61680
[ftab] file#=3: LBA=108785 size=155120
[ftab] file#=4: LBA=108861 size=23744
[ftab] file#=5: LBA=108873 size=21984
[ftab] file#=6: LBA=108884 size=2660
[ftab] file#=7: LBA=108886 size=13768
[ftab] file#=8: LBA=0 size=0
[ftab] file#=9: LBA=0 size=0
[ftab] file#=10: LBA=0 size=0
[ftab] file#=11: LBA=0 size=0
[ftab] file#=12: LBA=108893 size=-6  <== DIRECTORY MARKER
[ftab] file#=13: LBA=108893 size=80284
[ftab] file#=14: LBA=108933 size=125304
[ftab] file#=15: LBA=108995 size=92180
[ftab] file#=16: LBA=109041 size=166564
[ftab] file#=17: LBA=109123 size=70944
[ftab] file#=18: LBA=109158 size=14360
[ftab] size-lookup fn_80028738(file#=18) caller=0x8002960C
[ftab] size-lookup fn_80028738(file#=18) caller=0x800288FC
[ftab] READ ISSUED fn_80029690(file#=18 dst=0x801EF300 a2=0x00000000 a3=0x00000000) LBA cell FE04=0x0001AA66 size cell FDF8=14360
[ftab] size-lookup fn_80028738(file#=18) caller=0x80019A48
[ftab] size-lookup fn_80028738(file#=18) caller=0x8002960C
[ftab] size-lookup fn_80028738(file#=18) caller=0x800288FC
=FTAB2=
[emitgate] R1020 post-run capture hash stamped to .run.md5 (alternate gate match; c135/c136 infinite fresh-emit fix)
