[disc] R1236 disc path resolved: /Users/joshuaghoreishi/Desktop/PS7Z/PS1Games/Xenogears (USA) (Disc 1)/Xenogears (USA) (Disc 1)/Xenogears (USA) (Disc 1).bin
[disc] BIN=/Users/joshuaghoreishi/Desktop/PS7Z/PS1Games/Xenogears (USA) (Disc 1)/Xenogears (USA) (Disc 1)/Xenogears (USA) (Disc 1).bin (found)
--- build ---
run.sh build R1024
tool health: exec rc=1 magic=cffaedfe out=[usage: xenolift <psx-exe> [out.c]        xenolift --ftab <psx-exe> [--disc <disc-image>] ]
cargo: SKIPPED (Rust source content unchanged — md5 gate)
[timing] cargo build: 0s (cycle total: 0s)
emit: SKIPPED (capture hash stable — matched emit hash; R1020 gate)
[emit] R224 guard already present
[emit] R873 spuerr body stub already present
[emit] R902 walk terminator guard already present
[emit] R903 widened guard already present
[emit] R904 exact-fit guard already present
[emit] R1202 null-block free guard already present
[emit] R323 dispatch already pristine
[emit] R1394 dispatch guard already present
[emit] R752 no-churn: R758 gated bypass present and healthy - disc1.c untouched (compile cache stays valid)
overlay module: 135168 bytes mapped at 0x8006F000 (32450 nonzero words)
overlay fault-capture mapped OVER pre-menu snapshot: 135168 bytes, 31763 nonzero words (R681 real field coordinator)
overlay coordinator entry 0x80077E88 first words: 8E020050 3C04800A 2484A3F0 00021303 (R682 proof - zeros = blank-page crash recurs)
overlay stage-2 module: 135168 bytes mapped at 0x801D3000 (10707 nonzero words)
coverage: 1868816 bytes natively translated total; 449696 within the 512KB exe image (85.8%); 1419120 overlay/extra bytes; 3601 functions
reference ingest: +943 decomp symbols merged (xenogears-decomp SLUS-006.64; decomp names authoritative)
symbol map file: disc1.map (1481 named entries)
symbol map: 1481 named functions
symbol map file: disc1.map (1481 named entries)
seams: 209 hardware-touch sites across 42 functions (seams.txt - the HLE contract list v1)
wrote disc1.c
coverage: 1868816 bytes natively translated total; 449696 within the 512KB exe image (85.8%); 1419120 overlay/extra bytes; 3601 functions
seams: 209 hardware-touch sites across 42 functions (seams.txt - the HLE contract list v1)
[timing] emit: 1s (cycle total: 1s)
[emit] R923 walk cursor guard already present
[emit] R925 lzss op-count abort already present (R1011: marker now keyed to the guard CODE text - R1010 checked a string that never matched the emitted comment form R925/R926/R927, my own marker-mismatch repeat of the original bug; the guard code substring g_lzss_overrun_reads > 4096u is form-independent)
[emit] R926 signature-based abort already present (R1011 code-keyed marker)
[emit] R927 telemetry already present
[emit] R928 heap-band guards already present
[emit] R929 Vsync recursion cap already present
[emit] R933 CD callback slot heal already present
[emit] R935 freelist head heal already present
[emit] R936 DrawPrim camera already present
[emit] R1051 bodycam 8003342C already present
[emit] R1051 bodycam 800320A4 already present
[emit] R1051 bodycam 801D002C already present
[emit] R1051 bodycam 801D2FE8 already present
[emit] R1057 archlistcam 80028AC8 already present
[emit] R1106 menuchain 8001A4B4 already present
[emit] R1106 menuchain 8001A250 already present
[emit] R1106 menupunch 8001A344 already present
[emit] R1111 vsyncguard 57848 already present
[emit] R1111 vsyncguard 57844 already present
[emit] R1108 chaincam 80031B10 already present
[emit] R1108 chaincam 80031A30 already present
[emit] R1108 chaincam 80035DB0 already present
[emit] R1108 chaincam 8001996C already present
[emit] R1115 chaincam 8004293C already present
[emit] R1060 datacam 800392EC already present
[emit] R1060 datacam 80039120 already present
[emit] R1052 bodycam 80077E88 already present
[emit] R1052 bodycam 80076858 already present
[emit] R1056 taintheal 801D002C already present
[emit] R1056 taintheal 801D2FE8 already present
[ccache] R1157 compile: SKIPPED (disc1.c content hash unchanged - cached .o reused)
[ccache] R1157 compile: FRESH (runtime/runtime.c content hash changed/first build)
[ccache] R1157 compile: SKIPPED (hle/hle_gpu.c content hash unchanged - cached .o reused)
[ccache] R1157 compile: SKIPPED (hle/hle_gte.c content hash unchanged - cached .o reused)
[ccache] R1157 compile: SKIPPED (hle/hle_spu.c content hash unchanged - cached .o reused)
[ccache] R1157 compile: SKIPPED (hle/hle_mdec.c content hash unchanged - cached .o reused)
[ccache] R1157 compile: SKIPPED (hle/hle_memcard.c content hash unchanged - cached .o reused)
link: DONE
banner check: OK (runtime build R1291 in binary)
[shieldcheck] dmashield PRESENT in binary
[shieldcheck] mangleguard PRESENT in binary
[shieldcheck] ringw PRESENT in binary
[shieldcheck] reqres PRESENT in binary
[shieldcheck] carve2 PRESENT in binary
[shieldcheck] frclash PRESENT in binary
[shieldcheck] descw PRESENT in binary
[timing] compile+link: 5s (cycle total: 6s)
--- live viewer ---
--- run ---
[budget] R789 dynamic window cap: run budget 173s (compile 7s elapsed, digest margin 20s)
[prov] R1200 source archived: prev_run/runtime_last.c sha256=8546817c9472298eaf919e4fff9f2e361e5fcbfd439d8cbe5a34655cac365fae
[rungasp] R806 process exit status=99 (0=clean main-return; 99=kit/exitdiag door _exit; 9=fuse SIGKILL; 11/139=host SIGSEGV; 10/138=SIGBUS; 6=SIGABRT) - the silent-death class camera (c385-390: runs died at 10-32s with NO crash dump, NO exit receipt; the wait status names the door)
[fuse] run fuse cleared (R356: 210s hard kill — digest always generates)
[macreport] R833 no macOS crash report found in last 15 min (find DiagnosticReports empty)
./run.sh: line 1527: 39867 Terminated: 15          ( sleep $FUSE; kill -9 $RUNPID 2> /dev/null )
[timing] 15s run: 80s (cycle total: 86s)
--- digest ---
[digest] R751 log raw 91B -> capped      282B, assembling (this line visible = if digest is still empty, the block stalled, NOT the log)
=IRQW=
=EMITAUDIT=
[emitaudit] disc1.c printf-family call count: 1
253810:   R988 (b8-c99): the two fprintf(stderr,...) calls that lived here were THE hidden libc print entry (EMITAUDIT c99: "disc1.c printf-family call count: 2", both this fragment) behind the 10-cycle exit-134 class (macreport: __stack_chk_fail <- __xvprintf <- vfprintf_l <- fprintf attributed to real_main). Now routed through xenolift_receipt (runtime.c, non-static wrapper over xl_format + write(2)) - ZERO libc print machinery reachable from the guest binary. */
[emitaudit] R926 target present: 0
=EXITDIAG=
=COORDERA=
run.log:[macreport] R833 no macOS crash report found in last 15 min (find DiagnosticReports empty)
run.log:[logcap] R751 unconditional cap: raw log 91B - keeping first 16k + last 16k LINES
run.log:[macreport] R833 no macOS crash report found in last 15 min (find DiagnosticReports empty)
run.log:[logcap] end tail
run.log.d:[macreport] R833 no macOS crash report found in last 15 min (find DiagnosticReports empty)
run.log.d:[logcap] R751 unconditional cap: raw log 91B - keeping first 16k + last 16k LINES
run.log.d:[macreport] R833 no macOS crash report found in last 15 min (find DiagnosticReports empty)
run.log.d:[logcap] end tail
=SPXW=
=SNDREG=
=GATEMISS=
=COORDW=
=UNPACKW=
=MODMISS=
=MODEXEC=
=GPULIVE=
=ARCHREQ=
=TITLEERA=
=LOGOPAINT=
=SPLASHGATE=
=SPLASHPACE=
=TPAGEFIX=
=SPLASHUP=
=LOADCAM=
=ENVVT=
=FLUSH14=
=PRIMSUB=
=PRIMX=
=GPUCLS=
=SPSTUB=
=SPCTX=
=CDCB=
=FLHEAD=
=GPUFIN=
=DRAWCAM=
=STKBAND=
=FILE25W=
=HEAPFIX=
=DMASHIELD=
=FLDSEC=
stage2: promotion REFUSED (R1324 vtable sanity: 0 ptr-class head words - string/garbage era; keeping previous capture)
=BUILD=
[macreport] R833 no macOS crash report found in last 15 min (find DiagnosticReports empty)
overlay module: 135168 bytes mapped at 0x8006F000 (32450 nonzero words)
overlay fault-capture mapped OVER pre-menu snapshot: 135168 bytes, 31763 nonzero words (R681 real field coordinator)
overlay coordinator entry 0x80077E88 first words: 8E020050 3C04800A 2484A3F0 00021303 (R682 proof - zeros = blank-page crash recurs)
overlay stage-2 module: 135168 bytes mapped at 0x801D3000 (10707 nonzero words)
[disc] SLUS EXE LOAD LINE MISSING — disc read suspect
=TIMING= cycle seconds: 88 (download+unzip excluded)
=WD=
=TICK=
fd-ticks: 0 wl-ticks: 0 reads-done: 0 pairs: 0 forces: 0 convs-used: 0 reprimes: 0 kicks: 0 rspops: 0
=WHEAL=
=WALKHEAD=
=WALKNODE=
=WALKTERM=
=WALKSRC=
=WALKIDX=
=ASYCTX=
=BOUNDARYREL=
=COVERAGE=
translated_bytes 1868816
image_bytes 524288
in_image_bytes 449696
overlay_extra_bytes 1419120
translated_functions 3601
=SEAMINV=
mmio_page_base_hits 209
seam_functions 42
=FLDDEC=
=ETCBEAT=
=SEEKDONE=
=SCREEN=
=SCREENASCII=
[ascii] display 256x240@(0,0) -> 96x36 cells | nonzero 0/61440 = 0%
                                                                                                
                                                                                                
                                                                                                
                                                                                                
                                                                                                
                                                                                                
                                                                                                
                                                                                                
                                                                                                
                                                                                                
                                                                                                
                                                                                                
                                                                                                
                                                                                                
                                                                                                
                                                                                                
                                                                                                
                                                                                                
                                                                                                
                                                                                                
                                                                                                
                                                                                                
                                                                                                
                                                                                                
                                                                                                
                                                                                                
                                                                                                
                                                                                                
                                                                                                
                                                                                                
                                                                                                
                                                                                                
                                                                                                
                                                                                                
                                                                                                
                                                                                                
[ascii] vram.png + screen.png refreshed on Mac (open xenolift/screen.png to see the real image)
=FAULTCTX=
=FHSITE=
=ASCIIW=
=MCW=
=RECTGUARD=
=B2X=
=F15DISC=
=BOOT2=
=MODTRACE=
=DESKDIAL=
=MOUNTWALK=
=LOOPW=
=DESCW2=
=PHASE=
=F5DOOR=
=F5DUMP=
[f5dump] walk complete - match lines above if found; silence after this = no ISO file claims LBA 108873
=EXITTAIL=
--- run.log last 96 ---
[macreport] R833 no macOS crash report found in last 15 min (find DiagnosticReports empty)
[logcap] R751 unconditional cap: raw log 91B - keeping first 16k + last 16k LINES
[macreport] R833 no macOS crash report found in last 15 min (find DiagnosticReports empty)
[logcap] end tail
=MACREPORT=
run.log:[macreport] R833 no macOS crash report found in last 15 min (find DiagnosticReports empty)
run.log:[macreport] R833 no macOS crash report found in last 15 min (find DiagnosticReports empty)
run.log.d:[macreport] R833 no macOS crash report found in last 15 min (find DiagnosticReports empty)
run.log.d:[macreport] R833 no macOS crash report found in last 15 min (find DiagnosticReports empty)
=CBCALL=
=ADV599=
=ASSISTS=
=MNTACC-F=
=ENDREL=
=PARKCEN=
=TRAIL=
=COUNTS=
cbcall_total=0 f15serve_total=0 r607assert_total=0 rsdump_total=0 fdconv_total=0 spinconv=0 r612release=0 r613post=0 walkfrontier= descw2_writes=0
=CBCALL-T=
=MNTACC-T=
=STEPPER-T=
=RSW-T=
=STEPPER-F=
=L0TAB=
=SMTR=
-- R323 churn trampoline (bounces = recursion collapsed at thread base) --
-- R325 countdown timeline (skip countdown 77014 transitions) --
-- R327 assist verdict --
-- cd-dma activity (tail = latest) --
-- R328 sector-fetch (tail = latest) --
-- R329 state-7 seek-issuer (head) --
-- assist verdicts --
-- assist refire counts --
rdcomp=0 seek7=0 seek7x=0
-- R332 counter writers (hook tail) --
-- R333 watcher: FE1C (tail) --
-- R333 watcher: counters (tail) --
-- R333 watcher: FE20 (tail) --
-- sm7 sampled entries (tail) --
-- NEW movie-era dma (tail) --
=HOT=
-- state-11 dispatcher (never runs? watch here) --
-- answer pops after restore --
-- vsync heartbeat --
-- stress ring --
-- toc routing --
-- cdf tail --
=F15W=
=GATEW=
=MNTACC=
=RSW=
-- stuck era (tail) --
=BRK=
=FLDBELL=
=CBHEAL=
=CBW=
=CBDMA=
=LATCHW=
=BOOT=
=DEC=
=REFDEC=
stream 0: missing dec_input_0.bin or overlay_dump_0.bin
stream 1: missing dec_input_1.bin or overlay_dump_1.bin
=INS=
=ADV=
=OVL=
=BOOTMAIN=
=OVL2=
=CD2=
=CD3=
=CD5=
=PK=
=MOUNTW=
=MTRANS=
=FLDCB=
=STEPPER=
=STATEW=
=F15STREAM=
=CBCALL-DUP=
=ADV599-DUP=
=F15CONT=
=STEPPER=
=R598ADV=
=F14NODE=
=FLDD=
=FLDH=
=FRC=
=FLDI=
=FLD2SIG=
=FLDFRZ2=
=FLDFRZ=
=FLDFRZ2=
=FLDFIN=
=LIFTCTL=
=FLDFIN3=
=FLDBELL2=
=FLDBELL3=
=FLDBELL4=
=F14PUMP=
=ACKCAM=
=F15PUMP=
=F15TRACE=
=F15T2=
=STREAMCB=
=FE34FIX=
=DIRLOOP=
=SM10=
=DEFIB=
=WDSHEAL=
=FRONTW=
=SKIPGATE=
=STGW=
=FLDPUMP=
=FLDR=
=CD6=
=CD4=
=KICK=
=ZRF=
=STRSCAN=
=STRSEC=
=STRMAP=
=FE04W=
=FE04T=
=FESEED=
=ZSR=
=PADIN=
=CFGPTR=
=TOCR=
=TOCR=
=H4=
=SMFC=
=STRESS=
=WDSDIFF=
=WDROP=
=MANGLE=
=BINCHK=
[binchk] LBA 108561 data[0:16] 4345444D 7365725F 61623A74 706F2064
[binchk] LBA 108599 data[0:16] 03FF03FF 00010009 03FF03FF 00010009
[binchk] LBA 108605 data[0:16] 544F4F42 63203D20 6D6F7264 4C535C3A
=FTAB=
=STAB=
=CHAIN=
=ARC=
=SMROUTE=
[lad2] summary:
0
=SLOT=
[slot] tail:
=GATE=
=PARK=
=MOVIE=
=MOD6=
=PHASECB=
=MVLOOP=
=GSTATE=
=GDISP=
=GTE=
=NEWREAD=
=CTX=
=SPURAM=
-rw-r--r--  1 joshuaghoreishi  staff  524288 Sep 19 13:11 spu_ram.bin
=SPUDMA=
=ADPCM=
[adpcm] scanned 32768 16-byte blocks; 4551 ADPCM-valid; 46 contiguous streams
[adpcm] loop-start flags: 42, loop-end flags: 43
[adpcm] stream @0x00B90 len 85 blk (1360B) hdr shift=2 filt=3 flags=6
[adpcm] stream @0x010F0 len 158 blk (2528B) hdr shift=12 filt=0 flags=2
[adpcm] stream @0x01AE0 len 83 blk (1328B) hdr shift=2 filt=3 flags=2
[adpcm] stream @0x02020 len 62 blk (992B) hdr shift=6 filt=3 flags=2
[adpcm] stream @0x02410 len 33 blk (528B) hdr shift=0 filt=0 flags=6
[adpcm] stream @0x02630 len 73 blk (1168B) hdr shift=4 filt=3 flags=2
[adpcm] stream @0x02AD0 len 68 blk (1088B) hdr shift=1 filt=3 flags=2
[adpcm] stream @0x02F20 len 180 blk (2880B) hdr shift=1 filt=3 flags=2
[adpcm] stream @0x03A70 len 112 blk (1792B) hdr shift=5 filt=3 flags=2
[adpcm] stream @0x04180 len 278 blk (4448B) hdr shift=1 filt=0 flags=2
[adpcm] stream @0x052F0 len 95 blk (1520B) hdr shift=0 filt=0 flags=6
[adpcm] stream @0x058F0 len 119 blk (1904B) hdr shift=12 filt=0 flags=2
[adpcm] stream @0x06080 len 15 blk (240B) hdr shift=2 filt=2 flags=2
[adpcm] stream @0x06180 len 278 blk (4448B) hdr shift=1 filt=0 flags=2
[adpcm] stream @0x072F0 len 95 blk (1520B) hdr shift=0 filt=0 flags=6
[adpcm] stream @0x078F0 len 119 blk (1904B) hdr shift=12 filt=0 flags=2
=HLE=
=GPU=
prims-log-lines: 0 render-defers: 0
=VIEW= live viewer status:
macOS Terminal not detected: open a tab and run: python3 xenoview.py
=GPU=
vram.png (1024x512) + screen.png (256x240 @ 0,0) written
screen.png 259 bytes
vram.png 3409 bytes
=STATEFREQ=
=DISP2=
=ERR=
=STACKCLOB=
=CELL=
=ALLOC=
alloc count: 0
=CLEAR=
=FL=
=ENQ=
=LATCH=
=TOC=
=CDF=
=FLOOD= (last 200KB of log, line shapes)
   2 [macreport] RN no macOS crash report f
   1 [logcap] end tail
   1 [logcap] RN unconditional cap: raw log
=CD=
=TICK=
fd-ticks: 0 wl-ticks: 0 reads-done: 0 pairs: 0 forces: 0 convs-used: 0 reprimes-used: 0 kicks-used: 0
=DMA=
=EVT=
=WD=
=CDSTATE=
=DISP=
=LOAD=
=TASK=
=BM=
=HAND=
=SPFIX=
=TAKE=
=WALK=
=RELOC=
=FAULTREGS=
=FKFD=
=STGZERO=
=FKCTX=
=FONTBT=
=FKUNLD=
=CTXW=
=CTXB=
=MIDW=
=BTW=
=CARVE2=
=DESCW=
=REQSW=
=RINGW=
=REQRES=
=BTW2=
=FRCLASH=
=ROOTW=
=RECDUMP=
=DECHIST=
=EMW=
=FKHBT=
fault-kit blocks: 0
=TAIL=
=DONE=
=POSTRES=
=STAGE2=
=CRASH=
-rw-r--r--  1 joshuaghoreishi  staff  135168 Sep 18 07:02 stage2_region.bin
=PRECRASH=
[macreport] R833 no macOS crash report found in last 15 min (find DiagnosticReports empty)
[logcap] R751 unconditional cap: raw log 91B - keeping first 16k + last 16k LINES
[macreport] R833 no macOS crash report found in last 15 min (find DiagnosticReports empty)
[logcap] end tail
=CRASHDUP=
=DRVPTR=
=CBREG=
=ARMST=
=FLDCON=
=FLDRING=
=FLDHALT=
=FLD=
-- zrf summary --
0
(field-era lines:        0 total)
=CTPX=
=ZRFM=
=CMDTL=
=DIRACK=
-- rspop latest --
=PH2=
=MODSRC=
### WINDOW L_8002A394 (@line 66218, 41 lines) ###
L_8002A38C:;
{
L_8002A390:;
/* nop */
return;
}
}
/* ---------- 0x8002A394 (function) ---------- */
static void xenolift_fn_8002A394_ArchiveCdSeekToFile(void)
{
L_8002A394:;
r[29] = r[29] + (int32_t)(int16_t)0xFFE8;
L_8002A398:;
SW(r[29] + (int32_t)(int16_t)0x0014, r[31]);
L_8002A39C:;
{
uint32_t __c = ((int32_t)r[4] <= 0) ? 1u : 0u;
L_8002A3A0:;
SW(r[29] + (int32_t)(int16_t)0x0010, r[16]);
if (__c) goto L_8002A3E8;
}
L_8002A3A4:;
{
r[31] = 0x8002A3AC;
L_8002A3A8:;
/* nop */
xenolift_fn_800289D0_ArchiveDecodeSector();
}
L_8002A3AC:;
r[4] = r[2] + r[0];
L_8002A3B0:;
r[16] = 0x8006u << 16;
L_8002A3B4:;
r[16] = r[16] + (int32_t)(int16_t)0x9F10;
L_8002A3B8:;
{
r[31] = 0x8002A3C0;
L_8002A3BC:;
r[5] = r[16] + r[0];
xenolift_fn_80041430_CdIntToPos();
... WINDOW TRUNCATED (R426 digest diet - static code, window fully shipped+read c179-c183)
### WINDOW L_8002B0AC (@line 68593, 41 lines) ###
r[2] = 0x8005u << 16;
L_8002B09C:;
r[2] = LW(r[2] + (int32_t)(int16_t)0xFE34);
L_8002B0A0:;
/* nop */
L_8002B0A4:;
{
uint32_t __c = ((int32_t)r[2] > 0) ? 1u : 0u;
L_8002B0A8:;
/* nop */
if (__c) goto L_8002B1D4;
}
L_8002B0AC:;
r[3] = 0x8005u << 16;
L_8002B0B0:;
r[3] = LW(r[3] + (int32_t)(int16_t)0xFDF8);
L_8002B0B4:;
/* nop */
L_8002B0B8:;
r[2] = ((int32_t)r[3] < (int32_t)(int16_t)0x0800 ? 1u : 0u);
L_8002B0BC:;
{
uint32_t __c = (r[2] != r[0]) ? 1u : 0u;
L_8002B0C0:;
/* nop */
if (__c) goto L_8002B0E4;
}
L_8002B0C4:;
r[4] = 0x8006u << 16;
L_8002B0C8:;
r[4] = r[4] + (int32_t)(int16_t)0x9EF8;
L_8002B0CC:;
{
r[31] = 0x8002B0D4;
L_8002B0D0:;
r[5] = r[0] | 0x0003u;
xenolift_fn_800413AC_CdGetSector();
}
L_8002B0D4:;
r[4] = 0x8005u << 16;
... WINDOW TRUNCATED (R426 digest diet - static code, window fully shipped+read c179-c183)
### WINDOW L_8002B084 (@line 68567, 41 lines) ###
L_8002B07C:;
{
L_8002B080:;
/* nop */
return;
}
}
/* ---------- 0x8002B084 (function) ---------- */
static void xenolift_fn_8002B084_ArchiveCurrentFileReadyCallback___Copies_each_ready_sector_into_the_current_archive_destination__advances_its_destination_and_remaining_byte_state__and_retries_or_finalizes_the_read_(void)
{
L_8002B084:;
r[29] = r[29] + (int32_t)(int16_t)0xFFE8;
L_8002B088:;
r[4] = r[4] & 0x00FFu;
L_8002B08C:;
r[2] = r[0] | 0x0001u;
L_8002B090:;
{
uint32_t __c = (r[4] != r[2]) ? 1u : 0u;
L_8002B094:;
SW(r[29] + (int32_t)(int16_t)0x0010, r[31]);
if (__c) goto L_8002B204;
}
L_8002B098:;
r[2] = 0x8005u << 16;
L_8002B09C:;
r[2] = LW(r[2] + (int32_t)(int16_t)0xFE34);
L_8002B0A0:;
/* nop */
L_8002B0A4:;
{
uint32_t __c = ((int32_t)r[2] > 0) ? 1u : 0u;
L_8002B0A8:;
/* nop */
if (__c) goto L_8002B1D4;
}
L_8002B0AC:;
r[3] = 0x8005u << 16;
L_8002B0B0:;
r[3] = LW(r[3] + (int32_t)(int16_t)0xFDF8);
... WINDOW TRUNCATED (R426 digest diet - static code, window fully shipped+read c179-c183)
### WINDOW L_8002B168 (@line 68716, 41 lines) ###
}
L_8002B158:;
r[4] = 0x8006u << 16;
L_8002B15C:;
r[4] = r[4] + (int32_t)(int16_t)0x9EF8;
L_8002B160:;
{
r[31] = 0x8002B168;
L_8002B164:;
/* nop */
xenolift_fn_80041534_CdPosToInt();
}
L_8002B168:;
r[3] = 0x8005u << 16;
L_8002B16C:;
r[3] = LW(r[3] + (int32_t)(int16_t)0xFE04);
L_8002B170:;
/* nop */
L_8002B174:;
{
uint32_t __c = (r[2] == r[3]) ? 1u : 0u;
L_8002B178:;
r[2] = r[2] + (int32_t)(int16_t)0x0001;
if (__c) goto L_8002B19C;
}
L_8002B17C:;
r[2] = 0x8005u << 16;
L_8002B180:;
r[2] = LW(r[2] + (int32_t)(int16_t)0xFDE4);
L_8002B184:;
/* nop */
L_8002B188:;
r[2] = r[2] + (int32_t)(int16_t)0x0001;
L_8002B18C:;
r[1] = 0x8005u << 16;
L_8002B190:;
SW(r[1] + (int32_t)(int16_t)0xFDE4, r[2]);
L_8002B194:;
{
L_8002B198:;
... WINDOW TRUNCATED (R426 digest diet - static code, window fully shipped+read c179-c183)
### WINDOW L_8002B2E0 (@line 68943, 41 lines) ###
/* nop */
xenolift_fn_80040FB4_CdSyncCallback();
}
L_8002B2D4:;
r[4] = r[0] | 0x0001u;
L_8002B2D8:;
{
r[31] = 0x8002B2E0;
L_8002B2DC:;
r[5] = r[0] + r[0];
xenolift_fn_8004111C_CdControlF();
}
L_8002B2E0:;
r[31] = LW(r[29] + (int32_t)(int16_t)0x0010);
L_8002B2E4:;
r[29] = r[29] + (int32_t)(int16_t)0x0018;
L_8002B2E8:;
{
L_8002B2EC:;
/* nop */
return;
}
}
/* ---------- 0x8002B2F0 (function) ---------- */
static void xenolift_fn_8002B2F0_ArchiveStreamReadyCallback___Receives_standard_CD_sectors_into_sequenced_ring_sections_then_advances_counters_and_pauses_or_retries_as_required_(void)
{
L_8002B2F0:;
r[29] = r[29] + (int32_t)(int16_t)0xFFD8;
L_8002B2F4:;
r[4] = r[4] & 0x00FFu;
L_8002B2F8:;
r[2] = r[0] | 0x0001u;
L_8002B2FC:;
SW(r[29] + (int32_t)(int16_t)0x0024, r[31]);
L_8002B300:;
SW(r[29] + (int32_t)(int16_t)0x0020, r[18]);
L_8002B304:;
SW(r[29] + (int32_t)(int16_t)0x001C, r[17]);
L_8002B308:;
{
... WINDOW TRUNCATED (R426 digest diet - static code, window fully shipped+read c179-c183)
### WINDOW L_8002B2F0 (@line 68959, 41 lines) ###
L_8002B2E8:;
{
L_8002B2EC:;
/* nop */
return;
}
}
/* ---------- 0x8002B2F0 (function) ---------- */
static void xenolift_fn_8002B2F0_ArchiveStreamReadyCallback___Receives_standard_CD_sectors_into_sequenced_ring_sections_then_advances_counters_and_pauses_or_retries_as_required_(void)
{
L_8002B2F0:;
r[29] = r[29] + (int32_t)(int16_t)0xFFD8;
L_8002B2F4:;
r[4] = r[4] & 0x00FFu;
L_8002B2F8:;
r[2] = r[0] | 0x0001u;
L_8002B2FC:;
SW(r[29] + (int32_t)(int16_t)0x0024, r[31]);
L_8002B300:;
SW(r[29] + (int32_t)(int16_t)0x0020, r[18]);
L_8002B304:;
SW(r[29] + (int32_t)(int16_t)0x001C, r[17]);
L_8002B308:;
{
uint32_t __c = (r[4] != r[2]) ? 1u : 0u;
L_8002B30C:;
SW(r[29] + (int32_t)(int16_t)0x0018, r[16]);
if (__c) goto L_8002B4D8;
}
L_8002B310:;
r[2] = 0x8005u << 16;
L_8002B314:;
r[2] = LW(r[2] + (int32_t)(int16_t)0xFE34);
L_8002B318:;
/* nop */
L_8002B31C:;
{
uint32_t __c = ((int32_t)r[2] <= 0) ? 1u : 0u;
L_8002B320:;
/* nop */
... WINDOW TRUNCATED (R426 digest diet - static code, window fully shipped+read c179-c183)
### WINDOW L_8002B19C (@line 68747, 41 lines) ###
L_8002B188:;
r[2] = r[2] + (int32_t)(int16_t)0x0001;
L_8002B18C:;
r[1] = 0x8005u << 16;
L_8002B190:;
SW(r[1] + (int32_t)(int16_t)0xFDE4, r[2]);
L_8002B194:;
{
L_8002B198:;
/* nop */
goto L_8002B204;
}
L_8002B19C:;
r[1] = 0x8005u << 16;
L_8002B1A0:;
SW(r[1] + (int32_t)(int16_t)0xFE04, r[2]);
L_8002B1A4:;
r[2] = 0x8005u << 16;
L_8002B1A8:;
r[2] = LW(r[2] + (int32_t)(int16_t)0xFE08);
L_8002B1AC:;
r[3] = 0x8005u << 16;
L_8002B1B0:;
r[3] = LW(r[3] + (int32_t)(int16_t)0xFDF8);
L_8002B1B4:;
r[2] = r[2] + (int32_t)(int16_t)0x0800;
L_8002B1B8:;
r[3] = r[3] + (int32_t)(int16_t)0xF800;
L_8002B1BC:;
r[1] = 0x8005u << 16;
L_8002B1C0:;
SW(r[1] + (int32_t)(int16_t)0xFE08, r[2]);
L_8002B1C4:;
r[1] = 0x8005u << 16;
L_8002B1C8:;
SW(r[1] + (int32_t)(int16_t)0xFDF8, r[3]);
L_8002B1CC:;
{
uint32_t __c = ((int32_t)r[3] > 0) ? 1u : 0u;
L_8002B1D0:;
... WINDOW TRUNCATED (R426 digest diet - static code, window fully shipped+read c179-c183)
### WINDOW L_8002B1D4 (@line 68778, 41 lines) ###
SW(r[1] + (int32_t)(int16_t)0xFE08, r[2]);
L_8002B1C4:;
r[1] = 0x8005u << 16;
L_8002B1C8:;
SW(r[1] + (int32_t)(int16_t)0xFDF8, r[3]);
L_8002B1CC:;
{
uint32_t __c = ((int32_t)r[3] > 0) ? 1u : 0u;
L_8002B1D0:;
/* nop */
if (__c) goto L_8002B2E0;
}
L_8002B1D4:;
{
r[31] = 0x8002B1DC;
L_8002B1D8:;
r[4] = r[0] + r[0];
xenolift_fn_80040FCC_CdReadyCallback();
}
L_8002B1DC:;
r[4] = 0x8005u << 16;
L_8002B1E0:;
r[4] = LW(r[4] + (int32_t)(int16_t)0xFE38);
L_8002B1E4:;
r[1] = 0x8005u << 16;
L_8002B1E8:;
SW(r[1] + (int32_t)(int16_t)0xFDF8, r[0]);
L_8002B1EC:;
{
r[31] = 0x8002B1F4;
L_8002B1F0:;
/* nop */
xenolift_fn_8002A394_ArchiveCdSeekToFile();
}
L_8002B1F4:;
r[1] = 0x8005u << 16;
L_8002B1F8:;
SW(r[1] + (int32_t)(int16_t)0xFDFC, r[0]);
L_8002B1FC:;
{
... WINDOW TRUNCATED (R426 digest diet - static code, window fully shipped+read c179-c183)
### WINDOW L_8002A68C (@line 66739, 41 lines) ###
L_8002A684:;
{
L_8002A688:;
/* nop */
return;
}
}
/* ---------- 0x8002A68C (function) ---------- */
static void xenolift_fn_8002A68C_ArchiveCdDriveCommandHandler(void)
{
L_8002A68C:;
r[3] = 0x8005u << 16;
L_8002A690:;
r[3] = LW(r[3] + (int32_t)(int16_t)0xFE1C);
xenolift_fn_8002A694(); /* fallthrough */
return;
}
/* ---------- 0x8002A694 (function) ---------- */
static void xenolift_fn_8002A694(void)
{
L_8002A694:;
r[29] = r[29] + (int32_t)(int16_t)0xFFE8;
L_8002A698:;
r[2] = (r[3] < (uint32_t)(int32_t)(int16_t)0x000D ? 1u : 0u);
L_8002A69C:;
{
uint32_t __c = (r[2] == r[0]) ? 1u : 0u;
L_8002A6A0:;
SW(r[29] + (int32_t)(int16_t)0x0010, r[31]);
if (__c) { xenolift_fn_8002AC14(); return; }
}
L_8002A6A4:;
r[2] = r[3] << 2;
L_8002A6A8:;
r[1] = 0x8002u << 16;
L_8002A6AC:;
r[1] = r[1] + r[2];
L_8002A6B0:;
r[2] = LW(r[1] + (int32_t)(int16_t)0x88F4);
L_8002A6B4:;
... WINDOW TRUNCATED (R426 digest diet - static code, window fully shipped+read c179-c183)
### WINDOW L_8002AAF0 (@line 67504, 41 lines) ###
{
L_8002AAEC:;
r[5] = r[0] + r[0];
xenolift_fn_8002AC0C();
return;
}
}
/* ---------- 0x8002AAF0 (function) ---------- */
static void xenolift_fn_8002AAF0(void)
{
L_8002AAF0:;
r[3] = r[4] & 0x00FFu;
L_8002AAF4:;
r[2] = r[0] | 0x0002u;
L_8002AAF8:;
{
uint32_t __c = (r[3] != r[2]) ? 1u : 0u;
L_8002AAFC:;
r[2] = r[0] | 0x000Au;
if (__c) { xenolift_fn_8002ABFC(); return; }
}
L_8002AB00:;
r[2] = LBU(r[5] + (int32_t)(int16_t)0x0000);
L_8002AB04:;
/* nop */
L_8002AB08:;
r[2] = r[2] & 0x0010u;
L_8002AB0C:;
{
uint32_t __c = (r[2] != r[0]) ? 1u : 0u;
L_8002AB10:;
r[2] = r[0] | 0x000Au;
if (__c) { xenolift_fn_8002ABFC(); return; }
}
L_8002AB14:;
r[2] = r[0] | 0x000Bu;
L_8002AB18:;
r[1] = 0x8005u << 16;
L_8002AB1C:;
SW(r[1] + (int32_t)(int16_t)0xFE1C, r[2]);
... WINDOW TRUNCATED (R426 digest diet - static code, window fully shipped+read c179-c183)
### WINDOW L_8002AB28 (@line 67547, 41 lines) ###
{
L_8002AB24:;
r[4] = r[0] | 0x0013u;
xenolift_fn_8002AC08();
return;
}
}
/* ---------- 0x8002AB28 (function) ---------- */
static void xenolift_fn_8002AB28(void)
{
L_8002AB28:;
r[3] = r[4] & 0x00FFu;
L_8002AB2C:;
r[2] = r[0] | 0x0002u;
L_8002AB30:;
{
uint32_t __c = (r[3] != r[2]) ? 1u : 0u;
L_8002AB34:;
r[2] = r[0] | 0x000Au;
if (__c) { xenolift_fn_8002ABFC(); return; }
}
L_8002AB38:;
r[2] = 0x8005u << 16;
L_8002AB3C:;
r[2] = LW(r[2] + (int32_t)(int16_t)0xFE20);
L_8002AB40:;
/* nop */
L_8002AB44:;
r[3] = r[2] + (int32_t)(int16_t)0xFFFF;
L_8002AB48:;
r[2] = (r[3] < (uint32_t)(int32_t)(int16_t)0x0006 ? 1u : 0u);
L_8002AB4C:;
{
uint32_t __c = (r[2] == r[0]) ? 1u : 0u;
L_8002AB50:;
r[2] = r[3] << 2;
if (__c) { xenolift_fn_8002AC14(); return; }
}
L_8002AB54:;
r[1] = 0x8002u << 16;
... WINDOW TRUNCATED (R426 digest diet - static code, window fully shipped+read c179-c183)
### WINDOW L_80041CA0 (@line 126326, 41 lines) ###
r[2] = LBU(r[2] + (int32_t)(int16_t)0x0000);
L_80041C90:;
/* nop */
L_80041C94:;
r[17] = r[2] & 0x0003u;
L_80041C98:;
{
r[31] = 0x80041CA0;
L_80041C9C:;
/* nop */
xenolift_fn_800415B4_getintr();
}
L_80041CA0:;
r[16] = r[2] + r[0];
L_80041CA4:;
{
uint32_t __c = (r[16] == r[0]) ? 1u : 0u;
L_80041CA8:;
r[2] = r[16] & 0x0004u;
if (__c) goto L_80041D18;
}
L_80041CAC:;
{
uint32_t __c = (r[2] == r[0]) ? 1u : 0u;
L_80041CB0:;
r[2] = r[16] & 0x0002u;
if (__c) goto L_80041CE0;
}
L_80041CB4:;
r[2] = 0x8005u << 16;
L_80041CB8:;
r[2] = xenolift_cdcb_slot(0x800564ACu);
L_80041CBC:;
/* nop */
L_80041CC0:;
{
uint32_t __c = (r[2] == r[0]) ? 1u : 0u;
L_80041CC4:;
/* nop */
if (__c) goto L_80041CDC;
... WINDOW TRUNCATED (R426 digest diet - static code, window fully shipped+read c179-c183)
### WINDOW L_80031DA8 (@line 85313, 41 lines) ###
{
L_80031DA4:;
r[10] = (r[4] == 0u) ? 0x801FBFF8u : (r[4] + (int32_t)(int16_t)0xFFF8); /* R903 widened terminator guard */
xenolift_fn_80031C58();
return;
}
}
/* ---------- 0x80031DA8 (split chunk) ---------- */
static void xenolift_fn_80031DA8(void)
{
L_80031DA8:;
{
uint32_t __c = (r[6] == r[0]) ? 1u : 0u;
L_80031DAC:;
r[2] = r[0] | 0x0001u;
if (__c) goto L_80031DC8;
}
L_80031DB0:;
r[2] = LW(r[28] + (int32_t)(int16_t)0x01C0);
L_80031DB4:;
/* nop */
L_80031DB8:;
{
uint32_t __c = (r[2] != r[0]) ? 1u : 0u;
L_80031DBC:;
r[2] = r[0] + r[0];
if (__c) { xenolift_fn_80031F58(); return; }
}
L_80031DC0:;
{
r[31] = 0x80031DC8;
L_80031DC4:;
r[4] = r[0] | 0x0082u;
xenolift_fn_80019ACC_MainLoop();
}
L_80031DC8:;
{
uint32_t __c = (r[16] != r[2]) ? 1u : 0u;
L_80031DCC:;
r[10] = 0xFE1Fu << 16;
... WINDOW TRUNCATED (R426 digest diet - static code, window fully shipped+read c179-c183)
### WINDOW L_80019ACC (@line 22517, 41 lines) ###
{
L_80019AC8:;
/* nop */
xenolift_fn_80019ACC_MainLoop(); /* fallthrough */
return;
}
/* ---------- 0x80019ACC (function) ---------- */
static void xenolift_fn_80019ACC_MainLoop(void)
{
L_80019ACC:;
r[29] = r[29] + (int32_t)(int16_t)0xFFD0;
xenolift_fn_80019AD0(); /* fallthrough */
return;
}
/* ---------- 0x80019AD0 (function) ---------- */
static void xenolift_fn_80019AD0(void)
{
L_80019AD0:;
SW(r[29] + (int32_t)(int16_t)0x0028, r[31]);
xenolift_fn_80019AD4(); /* fallthrough */
return;
}
/* ---------- 0x80019AD4 (function) ---------- */
static void xenolift_fn_80019AD4(void)
{
L_80019AD4:;
SW(r[29] + (int32_t)(int16_t)0x0024, r[17]);
xenolift_fn_80019AD8(); /* fallthrough */
return;
}
/* ---------- 0x80019AD8 (function) ---------- */
static void xenolift_fn_80019AD8(void)
{
L_80019AD8:;
{
uint32_t __c = (r[4] == r[0]) ? 1u : 0u;
SW(r[29] + (int32_t)(int16_t)0x0020, r[16]);
if (__c) { xenolift_fn_80019AF8(); return; }
}
xenolift_fn_80019AE0(); /* fallthrough */
... WINDOW TRUNCATED (R426 digest diet - static code, window fully shipped+read c179-c183)
### WINDOW L_80019B40 (@line 22839, 41 lines) ###
r[31] = 0x80019B44;
r[4] = r[4] + (int32_t)(int16_t)0x0800;
xenolift_fn_80031B10_HeapRelocate();
}
xenolift_fn_80019B44(); /* fallthrough */
return;
}
/* ---------- 0x80019B40 (function) ---------- */
static void xenolift_fn_80019B40(void)
{
L_80019B40:;
r[4] = r[4] + (int32_t)(int16_t)0x0800;
xenolift_fn_80019B44(); /* fallthrough */
return;
}
/* ---------- 0x80019B44 (function) ---------- */
static void xenolift_fn_80019B44(void)
{
L_80019B44:;
{
r[31] = 0x80019B4C;
/* nop */
xenolift_fn_80019C7C_HeapResetUser();
}
xenolift_fn_80019B4C(); /* fallthrough */
return;
}
/* ---------- 0x80019B48 (function) ---------- */
static void xenolift_fn_80019B48(void)
{
L_80019B48:;
/* nop */
xenolift_fn_80019B4C(); /* fallthrough */
return;
}
/* ---------- 0x80019B4C (function) ---------- */
static void xenolift_fn_80019B4C(void)
{
L_80019B4C:;
r[2] = LW(r[17] + (int32_t)(int16_t)0x000C);
... WINDOW TRUNCATED (R426 digest diet - static code, window fully shipped+read c179-c183)
### WINDOW L_80019F74 (@line 24013, 41 lines) ###
r[2] = r[0] | 0x01E0u;
L_80019F64:;
SH(r[29] + (int32_t)(int16_t)0x0110, r[0]);
L_80019F68:;
SH(r[29] + (int32_t)(int16_t)0x0112, r[0]);
L_80019F6C:;
{
r[31] = 0x80019F74;
L_80019F70:;
SH(r[29] + (int32_t)(int16_t)0x0116, r[2]);
xenolift_fn_80044764_ClearImage();
}
L_80019F74:;
{
L_80019F78:;
/* nop */
xenolift_park_tick();
goto L_80019F74;
}
L_80019F7C:;
{
r[31] = 0x80019F84;
L_80019F80:;
r[16] = r[0] | 0x00F0u;
xenolift_fn_800322B4_HeapForceFreeAllBlocks();
}
L_80019F84:;
r[4] = r[29] + (int32_t)(int16_t)0x0030;
L_80019F88:;
r[5] = r[0] + r[0];
L_80019F8C:;
r[6] = r[0] + r[0];
L_80019F90:;
r[7] = r[0] | 0x0180u;
L_80019F94:;
{
r[31] = 0x80019F9C;
L_80019F98:;
SW(r[29] + (int32_t)(int16_t)0x0010, r[16]);
xenolift_fn_80043928_SetDefDrawEnv();
... WINDOW TRUNCATED (R426 digest diet - static code, window fully shipped+read c179-c183)
[modsrc] done: 0 sections, 656 chars
=FVP=
=MPAD=
=MINPUT=
=RCB=
=SNDREBOOT=
=SPGUARD=
=WILDCODE=
=WILDCTX=
=CRASHKIT=
[crash] resolver: host_pc/host_base missing from crash kit output
=STAB2=
=FMT=
=BADCODE=
=MODBASE=
=STAGE2P=
=FLDX=
=OVLGATE=
=MISALIGN=
=FAULTGATE=
=JSRC=
=WALKMAP=
=ZBAND=
=F16HDR=
=F17INS=
=READALL=
=MPAD=
=BWALK=
=BOOTWALK=
=CRASH2=
=LASTLOG=
[macreport] R833 no macOS crash report found in last 15 min (find DiagnosticReports empty)
[logcap] R751 unconditional cap: raw log 91B - keeping first 16k + last 16k LINES
[macreport] R833 no macOS crash report found in last 15 min (find DiagnosticReports empty)
[logcap] end tail
=DEPTH=
=SEGvREC=
=RUNGASP=
=JUMPREC=
=FONTW=
=MVDOOR=
=PADSTART=
=SIGWATCH=
=SIOPAD=
=PADRDW=
=CBMOD=
=CBMOD2=
=BYPASSREC=
=SDOOR=
=WFDUMP=
=BANKHEAL=
=ARCHGUARD=
=CANARYREC=
=ABRTREC=
=SEGVDIE=
=DASHFIX=
=SPUERR=
=SPUDONE=
=KICKDUE=
=WEDGECAM=
=FLDFRZ2=
=FLDFRZ=
=ABORTMSG=
=STATESTAMP=
=DEV=
=DIR2=
=BANKW=
=FTAB2=
=FTAB2=
[emitgate] R1020 post-run capture hash stamped to .run.md5 (alternate gate match; c135/c136 infinite fresh-emit fix)
