[disc] R1236 disc path resolved: /Users/joshuaghoreishi/Desktop/PS7Z/PS1Games/Xenogears (USA) (Disc 1)/Xenogears (USA) (Disc 1)/Xenogears (USA) (Disc 1).bin
[disc] BIN=/Users/joshuaghoreishi/Desktop/PS7Z/PS1Games/Xenogears (USA) (Disc 1)/Xenogears (USA) (Disc 1)/Xenogears (USA) (Disc 1).bin (found)
--- build ---
run.sh build R1024
tool health: exec rc=1 magic=cffaedfe out=[usage: xenolift <psx-exe> [out.c]        xenolift --ftab <psx-exe> [--disc <disc-image>] ]
cargo: SKIPPED (Rust source content unchanged — md5 gate)
[timing] cargo build: 0s (cycle total: 0s)
emit: SKIPPED (capture hash stable — matched emit hash; R1020 gate)
[emit] R224 guard already present
[emit] R873 spuerr body stub already present
[emit] R902 walk terminator guard already present
[emit] R903 widened guard already present
[emit] R904 exact-fit guard already present
[emit] R1202 null-block free guard already present
[emit] R323 dispatch already pristine
[emit] R1394 dispatch guard already present
[emit] R752 no-churn: R758 gated bypass present and healthy - disc1.c untouched (compile cache stays valid)
overlay module: 135168 bytes mapped at 0x8006F000 (32450 nonzero words)
overlay fault-capture mapped OVER pre-menu snapshot: 135168 bytes, 31763 nonzero words (R681 real field coordinator)
overlay coordinator entry 0x80077E88 first words: 8E020050 3C04800A 2484A3F0 00021303 (R682 proof - zeros = blank-page crash recurs)
overlay stage-2 module: 135168 bytes mapped at 0x801D3000 (10707 nonzero words)
coverage: 1868816 bytes natively translated total; 449696 within the 512KB exe image (85.8%); 1419120 overlay/extra bytes; 3601 functions
reference ingest: +943 decomp symbols merged (xenogears-decomp SLUS-006.64; decomp names authoritative)
symbol map file: disc1.map (1481 named entries)
symbol map: 1481 named functions
symbol map file: disc1.map (1481 named entries)
seams: 209 hardware-touch sites across 42 functions (seams.txt - the HLE contract list v1)
wrote disc1.c
coverage: 1868816 bytes natively translated total; 449696 within the 512KB exe image (85.8%); 1419120 overlay/extra bytes; 3601 functions
seams: 209 hardware-touch sites across 42 functions (seams.txt - the HLE contract list v1)
[timing] emit: 1s (cycle total: 1s)
[emit] R923 walk cursor guard already present
[emit] R925 lzss op-count abort already present (R1011: marker now keyed to the guard CODE text - R1010 checked a string that never matched the emitted comment form R925/R926/R927, my own marker-mismatch repeat of the original bug; the guard code substring g_lzss_overrun_reads > 4096u is form-independent)
[emit] R926 signature-based abort already present (R1011 code-keyed marker)
[emit] R927 telemetry already present
[emit] R928 heap-band guards already present
[emit] R929 Vsync recursion cap already present
[emit] R933 CD callback slot heal already present
[emit] R935 freelist head heal already present
[emit] R936 DrawPrim camera already present
[emit] R1051 bodycam 8003342C already present
[emit] R1051 bodycam 800320A4 already present
[emit] R1051 bodycam 801D002C already present
[emit] R1051 bodycam 801D2FE8 already present
[emit] R1057 archlistcam 80028AC8 already present
[emit] R1106 menuchain 8001A4B4 already present
[emit] R1106 menuchain 8001A250 already present
[emit] R1106 menupunch 8001A344 already present
[emit] R1111 vsyncguard 57848 already present
[emit] R1111 vsyncguard 57844 already present
[emit] R1108 chaincam 80031B10 already present
[emit] R1108 chaincam 80031A30 already present
[emit] R1108 chaincam 80035DB0 already present
[emit] R1108 chaincam 8001996C already present
[emit] R1115 chaincam 8004293C already present
[emit] R1060 datacam 800392EC already present
[emit] R1060 datacam 80039120 already present
[emit] R1052 bodycam 80077E88 already present
[emit] R1052 bodycam 80076858 already present
[emit] R1056 taintheal 801D002C already present
[emit] R1056 taintheal 801D2FE8 already present
[ccache] R1157 compile: SKIPPED (disc1.c content hash unchanged - cached .o reused)
[ccache] R1157 compile: FRESH (runtime/runtime.c content hash changed/first build)
[ccache] R1157 compile: SKIPPED (hle/hle_gpu.c content hash unchanged - cached .o reused)
[ccache] R1157 compile: SKIPPED (hle/hle_gte.c content hash unchanged - cached .o reused)
[ccache] R1157 compile: SKIPPED (hle/hle_spu.c content hash unchanged - cached .o reused)
[ccache] R1157 compile: SKIPPED (hle/hle_mdec.c content hash unchanged - cached .o reused)
[ccache] R1157 compile: SKIPPED (hle/hle_memcard.c content hash unchanged - cached .o reused)
link: DONE
banner check: OK (runtime build R1291 in binary)
[shieldcheck] dmashield PRESENT in binary
[shieldcheck] mangleguard PRESENT in binary
[shieldcheck] ringw PRESENT in binary
[shieldcheck] reqres PRESENT in binary
[shieldcheck] carve2 PRESENT in binary
[shieldcheck] frclash PRESENT in binary
[shieldcheck] descw PRESENT in binary
[timing] compile+link: 5s (cycle total: 6s)
--- live viewer ---
--- run ---
[budget] R789 dynamic window cap: run budget 173s (compile 7s elapsed, digest margin 20s)
[prov] R1200 source archived: prev_run/runtime_last.c sha256=b98c656c1c673a7e639328a1cc28c4a44e33ffba34463e372401e2ebf4112f54
[rungasp] R806 process exit status=137 (0=clean main-return; 99=kit/exitdiag door _exit; 9=fuse SIGKILL; 11/139=host SIGSEGV; 10/138=SIGBUS; 6=SIGABRT) - the silent-death class camera (c385-390: runs died at 10-32s with NO crash dump, NO exit receipt; the wait status names the door)
[fuse] run fuse cleared (R356: 210s hard kill — digest always generates)
[timing] 15s run: 197s (cycle total: 203s)
--- digest ---
[digest] R751 log raw 2798543B -> capped  2708028B, assembling (this line visible = if digest is still empty, the block stalled, NOT the log)
=IRQW=
run.log:[hook] 0x80068960: 00000000 -> 00000000 at fn 0x80019524 sw_line=0 sp=00000000 r16=00000000
run.log:[hook] 0x80068964: 00000000 -> 00000000 at fn 0x80019524 sw_line=0 sp=00000000 r16=00000000
run.log:[hook] 0x80068960: 00000000 -> 00010001 at fn 0x800195A4 sw_line=132488 sp=801FFFC8 r16=00000000
run.log:[hook] 0x80068960: 00010001 -> 00020002 at fn 0x80046EFC sw_line=138230 sp=801FFF78 r16=801FFFD8
run.log:[hook] 0x80068960: 00020002 -> 00030003 at fn 0x800404D4 sw_line=123608 sp=801FFF88 r16=800625FC
run.log:[hook] 0x80068960: 00030003 -> 00040004 at fn 0x800404D4 sw_line=156724 sp=801FFFB0 r16=00000001
run.log:[hook] 0x80068960: 00040004 -> 00050005 at fn 0x8004B8D8 sw_line=148338 sp=801FFF80 r16=00000000
run.log:[hook] 0x80068960: 00050005 -> 00060006 at fn 0x80019658 sw_line=150818 sp=801FFFC8 r16=800592B8
run.log:[hook] 0x80068960: 00060006 -> 00070007 at fn 0x800428AC sw_line=128365 sp=801FFF58 r16=00000001
run.log:[hook] 0x80068960: 00070007 -> 00080008 at fn 0x800415B4 sw_line=123122 sp=801FFF10 r16=00000001
run.log:[hook] 0x80068960: 00080008 -> 00090009 at fn 0x800415B4 sw_line=127338 sp=801FFF10 r16=0000000A
run.log:[hook] 0x80068960: 00090009 -> 000A000A at fn 0x80041B24 sw_line=125171 sp=801FFEB0 r16=00000005
=EMITAUDIT=
[emitaudit] disc1.c printf-family call count: 1
253810:   R988 (b8-c99): the two fprintf(stderr,...) calls that lived here were THE hidden libc print entry (EMITAUDIT c99: "disc1.c printf-family call count: 2", both this fragment) behind the 10-cycle exit-134 class (macreport: __stack_chk_fail <- __xvprintf <- vfprintf_l <- fprintf attributed to real_main). Now routed through xenolift_receipt (runtime.c, non-static wrapper over xl_format + write(2)) - ZERO libc print machinery reachable from the guest binary. */
[emitaudit] R926 target present: 0
=EXITDIAG=
=COORDERA=
run.log.d:[faultbudget] R1158 fault #478150656 at 0x410024FC (storm tally: 1 line per million; signature receipted in first-4 full reports)
run.log.d:[faultbudget] R1158 fault #479199232 at 0x410024FC (storm tally: 1 line per million; signature receipted in first-4 full reports)
run.log.d:[lzss-fence] R1169 hit @0x8004FDF8 above fence 0x41002500 (op#13 src=0x00000000 word0=0x41002500, 147s since arm; hits=3070230528 under R1277 run-lifetime throttle first-8-then-1-per-16M; fence = src + EXPANDED size - NOT a validated compressed-input boundary; this hit is a SUSPICION, never a proven input overrun; never retired - the fence stays armed for the rest of the run; hits attribute to the LAST armed op via the [fencelife] arm chain; diagnostic-only, this warning never suppresses the read)
run.log.d:[mvloop] pre-movie polling n=204472320 (mod6=0 player=0 rs0=0C16EC56 lim=4007658019 | R870 loop-id fn=800320E8 r31=80032284 padcell=FFFF4000 FE1C=00000000 | R874 DOOR: FDFC=00000000 FE48=00000000 FE30=00000000 | R878 CD-STATE: seek=239326 last_cmd=09 pend=0 sched=0 FE04=0003A6DE FDF8=00000000 A22C=00000000 A228=00000000 - spin exits when FDFC=0+LegacyCdDataWait-ret=0+FE1C=0; A22C=CD-data-arrived flag LegacyCdDataWait times out on | R894 SLICE-GATE: cntdn=452DAAEE cnt=00124342 | R894 ARCH-REQ: FDF0=00000000 FDF4=00000000 FE14=00000000)
run.log.d:[faultbudget] R1158 fault #480247808 at 0x410024F8 (storm tally: 1 line per million; signature receipted in first-4 full reports)
run.log.d:[rungasp] R806 process exit status=137 (0=clean main-return; 99=kit/exitdiag door _exit; 9=fuse SIGKILL; 11/139=host SIGSEGV; 10/138=SIGBUS; 6=SIGABRT) - the silent-death class camera (c385-390: runs died at 10-32s with NO crash dump, NO exit receipt; the wait status names the door)
run.log.d:[wedge] R1196 executed-binary xenogears_boot_142105 sha256=97839dea0441d2a0170715a534327d2c6112c5063bd692bb4bd35af7e680bbef dSYM=prev_run/last.dSYM
run.log.d:[logcap] end tail
=SPXW=
=SNDREG=
run.log.d:[sndinit] R1012 SoundInitialize ENTRY: gate(957C)=0000 head(9410)=00000000 end(95E4)=00000000 size(951C)=00000000 a0=00000000 @t=26s
run.log.d:[sndinit] R1012 SoundHeapInitialize CALLED: start(a0)=80065B0C size(a1)=00006300 (static contract: 0x80065B0C, 0x6300) @t=26s
run.log.d:[sndinit] R966 SoundInitialize entry #4 a0=0x00000000 a1=0x00008000 r31=0x80019670 heapHead(59410)=0x00000000
run.log.d:[sndinit] R1012 SoundInitialize ENTRY: gate(957C)=0000 head(9410)=00000000 end(95E4)=00000000 size(951C)=00000000 a0=00000000 @t=31s
run.log.d:[sndinit] R1012 SoundHeapInitialize CALLED: start(a0)=80065B0C size(a1)=00006300 (static contract: 0x80065B0C, 0x6300) @t=31s
run.log.d:[sndinit] R966 SoundInitialize entry #5 a0=0x00000000 a1=0x00008000 r31=0x80019670 heapHead(59410)=0x00000000
run.log.d:[sndinit] R1012 SoundInitialize ENTRY: gate(957C)=0000 head(9410)=00000000 end(95E4)=00000000 size(951C)=00000000 a0=00000000 @t=36s
run.log.d:[sndinit] R1012 SoundHeapInitialize CALLED: start(a0)=80065B0C size(a1)=00006300 (static contract: 0x80065B0C, 0x6300) @t=36s
run.log.d:[gpu2reg] R1013 0x800465EC ENTRY: 69A4=1F801814 69A8=1F8010A0 69AC=1F8010A4 69B0=1F8010A8 A238w0=05FFFFFF r4=8005A238 r5=02000000 @t=0s
run.log.d:[gpu2reg] R1013 @DMA2-install: 69A4=1F801814 69A8=1F8010A0 A238w0=05FFFFFF @t=0s
run.log.d:[gpu2reg] R1013 0x800465EC ENTRY: 69A4=1F801814 69A8=1F8010A0 69AC=1F8010A4 69B0=1F8010A8 A238w0=05FFFFFF r4=801FFE4C r5=00000000 @t=11s
run.log.d:[gpu2reg] R1013 @DMA2-install: 69A4=1F801814 69A8=1F8010A0 A238w0=05FFFFFF @t=11s
run.log.d:[gpu2reg] R1013 0x800465EC ENTRY: 69A4=1F801814 69A8=1F8010A0 69AC=1F8010A4 69B0=1F8010A8 A238w0=05FFFFFF r4=8005A238 r5=02000000 @t=11s
run.log.d:[gpu2reg] R1013 @DMA2-install: 69A4=1F801814 69A8=1F8010A0 A238w0=05FFFFFF @t=11s
run.log.d:[gpu2reg] R1013 0x800465EC ENTRY: 69A4=1F801814 69A8=1F8010A0 69AC=1F8010A4 69B0=1F8010A8 A238w0=05FFFFFF r4=8005A238 r5=02000000 @t=31s
run.log.d:[gpu2reg] R1013 @DMA2-install: 69A4=1F801814 69A8=1F8010A0 A238w0=05FFFFFF @t=31s
run.log.d:[gpu2reg] R1013 0x800465EC ENTRY: 69A4=1F801814 69A8=1F8010A0 69AC=1F8010A4 69B0=1F8010A8 A238w0=05FFFFFF r4=8005A238 r5=02000000 @t=36s
run.log.d:[gpu2reg] R1013 0x800465EC ENTRY: 69A4=1F801814 69A8=1F8010A0 69AC=1F8010A4 69B0=1F8010A8 A238w0=05FFFFFF r4=801FFE4C r5=00000000 @t=47s
=GATEMISS=
run.log:[cardgate] R1018 card gate serviced: A0(0x72) v0=1 a0=8005890C a1=800578A8 a2=FFFFFFFF (psyq libapi.h:110 card-init family; c132 gatemiss receipts) @t=11s
run.log:[cardgate] R1018 card gate serviced: B0(0x4A) v0=1 a0=00000001 a1=00000004 a2=8005A1C4 (psyq libapi.h:110 card-init family; c132 gatemiss receipts) @t=11s
run.log:[cardgate] R1018 card gate serviced: B0(0x4B) v0=1 a0=00000001 a1=00000004 a2=8005A1C4 (psyq libapi.h:110 card-init family; c132 gatemiss receipts) @t=11s
run.log:[cardgate] R1018 card gate serviced: A0(0x70) v0=1 a0=00000002 a1=00000004 a2=8005A1C4 (psyq libapi.h:110 card-init family; c132 gatemiss receipts) @t=11s
run.log.d:[cardgate] R1018 card gate serviced: A0(0x72) v0=1 a0=8005890C a1=800578A8 a2=00000000 (psyq libapi.h:110 card-init family; c132 gatemiss receipts) @t=0s
run.log.d:[cardgate] R1018 card gate serviced: B0(0x4A) v0=1 a0=00000001 a1=00000004 a2=8005A1C4 (psyq libapi.h:110 card-init family; c132 gatemiss receipts) @t=0s
run.log.d:[cardgate] R1018 card gate serviced: B0(0x4B) v0=1 a0=00000001 a1=00000004 a2=8005A1C4 (psyq libapi.h:110 card-init family; c132 gatemiss receipts) @t=0s
run.log.d:[cardgate] R1018 card gate serviced: A0(0x70) v0=1 a0=00000002 a1=00000004 a2=8005A1C4 (psyq libapi.h:110 card-init family; c132 gatemiss receipts) @t=0s
run.log.d:[cardgate] R1018 card gate serviced: A0(0x72) v0=1 a0=8005890C a1=800578A8 a2=FFFFFFFF (psyq libapi.h:110 card-init family; c132 gatemiss receipts) @t=11s
run.log.d:[cardgate] R1018 card gate serviced: B0(0x4A) v0=1 a0=00000001 a1=00000004 a2=8005A1C4 (psyq libapi.h:110 card-init family; c132 gatemiss receipts) @t=11s
run.log.d:[cardgate] R1018 card gate serviced: B0(0x4B) v0=1 a0=00000001 a1=00000004 a2=8005A1C4 (psyq libapi.h:110 card-init family; c132 gatemiss receipts) @t=11s
run.log.d:[cardgate] R1018 card gate serviced: A0(0x70) v0=1 a0=00000002 a1=00000004 a2=8005A1C4 (psyq libapi.h:110 card-init family; c132 gatemiss receipts) @t=11s
=COORDW=
run.log:[coordw] R1000 entry 0x80077E88: 27BDFFC8 3C038001 8C630000 2402FFFF at fn 0x800286CC r31=80028A74 (old EBE10222) @t=26s
run.log:[coordw] R1000 entry 0x80077E88: 00000000 00000000 00000000 00000000 at fn 0x80019524 r31=8001BA8C (old 27BDFFC8) @t=31s
run.log:[coordw] R1000 entry 0x80077E88: EBE10222 543DAE66 3FFCCCE1 B142E144 at fn 0x80041534 r31=8002B168 (old 00000000) @t=31s
run.log:[coordw] R1000 entry 0x80077E88: 27BDFFC8 3C038001 8C630000 2402FFFF at fn 0x800286CC r31=80028A74 (old EBE10222) @t=31s
run.log:[coordw] R1000 entry 0x80077E88: 00000000 00000000 00000000 00000000 at fn 0x80019524 r31=8001BA8C (old 27BDFFC8) @t=36s
run.log:[coordw] R1000 entry 0x80077E88: EBE10222 543DAE66 3FFCCCE1 B142E144 at fn 0x80041534 r31=8002B168 (old 00000000) @t=36s
run.log.d:[coordw] R1000 entry 0x80077E88: 00000000 00000000 00000000 00000000 at fn 0x80019524 r31=00000000 (old DEAD0000) @t=0s
run.log.d:[coordw] R1000 entry 0x80077E88: 27BDFFC8 3C038001 8C630000 2402FFFF at fn 0x800286CC r31=80028A74 (old 00000000) @t=1s
run.log.d:[coordw] R1000 entry 0x80077E88: 12000044 20FFEFF0 F00E1220 311F23FB at fn 0x800286CC r31=80028A74 (old 27BDFFC8) @t=3s
run.log.d:[coordw] R1000 entry 0x80077E88: 00000000 00000000 00000000 00000000 at fn 0x80019524 r31=80032284 (old 12000044) @t=11s
run.log.d:[coordw] R1000 entry 0x80077E88: EBE10222 543DAE66 3FFCCCE1 B142E144 at fn 0x80041534 r31=8002B168 (old 00000000) @t=11s
run.log.d:[coordw] R1000 entry 0x80077E88: 27BDFFC8 3C038001 8C630000 2402FFFF at fn 0x800286CC r31=80028A74 (old EBE10222) @t=11s
run.log.d:[coordw] R1000 entry 0x80077E88: 12000044 20FFEFF0 F00E1220 311F23FB at fn 0x800286CC r31=80028A74 (old 27BDFFC8) @t=13s
run.log.d:[coordw] R1000 entry 0x80077E88: EBE10222 543DAE66 3FFCCCE1 B142E144 at fn 0x80041534 r31=8002B168 (old 00000000) @t=26s
run.log.d:[coordw] R1000 entry 0x80077E88: 27BDFFC8 3C038001 8C630000 2402FFFF at fn 0x800286CC r31=80028A74 (old EBE10222) @t=26s
run.log.d:[coordw] R1000 entry 0x80077E88: 00000000 00000000 00000000 00000000 at fn 0x80019524 r31=8001BA8C (old 27BDFFC8) @t=31s
run.log.d:[coordw] R1000 entry 0x80077E88: EBE10222 543DAE66 3FFCCCE1 B142E144 at fn 0x80041534 r31=8002B168 (old 00000000) @t=31s
run.log.d:[coordw] R1000 entry 0x80077E88: 27BDFFC8 3C038001 8C630000 2402FFFF at fn 0x800286CC r31=80028A74 (old EBE10222) @t=31s
run.log.d:[coordw] R1000 entry 0x80077E88: 00000000 00000000 00000000 00000000 at fn 0x80019524 r31=8001BA8C (old 27BDFFC8) @t=36s
run.log.d:[coordw] R1000 entry 0x80077E88: EBE10222 543DAE66 3FFCCCE1 B142E144 at fn 0x80041534 r31=8002B168 (old 00000000) @t=36s
=UNPACKW=
run.log:[unpackw] R1001 UnpackCompressedBuffer a0=800B0704 a1=801F4E80 a2=00C00000 a3=FE1FFFFF r31=80019828 src[0..3]=00000000 00003520 0004DC00 0080016C dst[0..3]=00000035 000000DC 0000016C 0000023C @t=31s
run.log:[unpackw] R1001 UnpackCompressedBuffer a0=00000A64 a1=00000001 a2=00000001 a3=00800000 r31=00000000 src[0..3]=00000000 00000000 00000000 00000000 dst[0..3]=00000000 00000000 00000000 00000000 @t=40s
run.log:[unpackw] R1001 UnpackCompressedBuffer a0=000035C8 a1=00000001 a2=00000001 a3=00800000 r31=00000000 src[0..3]=00000000 00000000 00000000 00000000 dst[0..3]=00000000 00000000 00000000 00000000 @t=42s
run.log:[unpackw] R1001 UnpackCompressedBuffer a0=00000000 a1=00000001 a2=00000001 a3=00800000 r31=800429A4 src[0..3]=00000000 00000000 00000000 00000000 dst[0..3]=00000000 00000000 00000000 00000000 @t=47s
run.log.d:[unpackw] R1001 UnpackCompressedBuffer a0=00000A64 a1=00000001 a2=00000001 a3=00800000 r31=00000000 src[0..3]=00000000 00000000 00000000 00000000 dst[0..3]=00000000 00000000 00000000 00000000 @t=9s
run.log.d:[unpackw] R1001 UnpackCompressedBuffer a0=000035C8 a1=00000001 a2=00000001 a3=00800000 r31=00000000 src[0..3]=00000000 00000000 00000000 00000000 dst[0..3]=00000000 00000000 00000000 00000000 @t=11s
run.log.d:[unpackw] R1001 UnpackCompressedBuffer a0=00000003 a1=00000001 a2=00000001 a3=00800000 r31=800429A4 src[0..3]=00000000 00000000 00000000 00000000 dst[0..3]=00000000 00000000 00000000 00000000 @t=11s
run.log.d:[unpackw] R1001 UnpackCompressedBuffer a0=00000A64 a1=00000001 a2=00000001 a3=00800000 r31=00000000 src[0..3]=00000000 00000000 00000000 00000000 dst[0..3]=00000000 00000000 00000000 00000000 @t=19s
run.log.d:[unpackw] R1001 UnpackCompressedBuffer a0=000035C8 a1=00000001 a2=00000001 a3=00800000 r31=00000000 src[0..3]=00000000 00000000 00000000 00000000 dst[0..3]=00000000 00000000 00000000 00000000 @t=21s
run.log.d:[unpackw] R1001 UnpackCompressedBuffer a0=800AFC98 a1=801FA634 a2=00C00000 a3=FE1FFFFF r31=800197D0 src[0..3]=00000000 0E013A00 7400FE00 0051E014 dst[0..3]=000E013A 147400FE 00000051 00000010 @t=26s
run.log.d:[unpackw] R1001 UnpackCompressedBuffer a0=800B0704 a1=801F4E80 a2=00C00000 a3=FE1FFFFF r31=80019828 src[0..3]=00000000 00003520 0004DC00 0080016C dst[0..3]=00000035 000000DC 0000016C 0000023C @t=26s
run.log.d:[unpackw] R1001 UnpackCompressedBuffer a0=800AFC98 a1=801FA634 a2=00C00000 a3=FE1FFFFF r31=800197D0 src[0..3]=00000000 0E013A00 7400FE00 0051E014 dst[0..3]=000E013A 147400FE 00000051 00000010 @t=31s
run.log.d:[unpackw] R1001 UnpackCompressedBuffer a0=800B0704 a1=801F4E80 a2=00C00000 a3=FE1FFFFF r31=80019828 src[0..3]=00000000 00003520 0004DC00 0080016C dst[0..3]=00000035 000000DC 0000016C 0000023C @t=31s
run.log.d:[unpackw] R1001 UnpackCompressedBuffer a0=00000A64 a1=00000001 a2=00000001 a3=00800000 r31=00000000 src[0..3]=00000000 00000000 00000000 00000000 dst[0..3]=00000000 00000000 00000000 00000000 @t=40s
run.log.d:[unpackw] R1001 UnpackCompressedBuffer a0=000035C8 a1=00000001 a2=00000001 a3=00800000 r31=00000000 src[0..3]=00000000 00000000 00000000 00000000 dst[0..3]=00000000 00000000 00000000 00000000 @t=42s
run.log.d:[unpackw] R1001 UnpackCompressedBuffer a0=00000000 a1=00000001 a2=00000001 a3=00800000 r31=800429A4 src[0..3]=00000000 00000000 00000000 00000000 dst[0..3]=00000000 00000000 00000000 00000000 @t=47s
=MODMISS=
run.log.d:[fldx] R790 expansion sequence entered (via full-handoff-stamp; coordinator slot EBE10222 543DAE66; R1002 staged f14@801D9724=00000000 gate=MISS f15@801F8724=00000000)
run.log.d:[fldx] R790 expansion sequence entered (via full-handoff-stamp; coordinator slot EBE10222 543DAE66; R1002 staged f14@801D9724=00000000 gate=MISS f15@801F8724=01180118)
run.log.d:[fldx] R790 expansion sequence entered (via full-handoff-stamp; coordinator slot EBE10222 543DAE66; R1002 staged f14@801D9724=00000000 gate=MISS f15@801F8724=01180118)
run.log.d:[fldx] R790 expansion sequence entered (via full-handoff-stamp; coordinator slot EBE10222 543DAE66; R1002 staged f14@801D9724=00000000 gate=MISS f15@801F8724=00000000)
run.log:[fldx2] R1005 RETARGET EXPANDED: file#14 LBA=108933 size=125304 staged 62 sectors, LZSS 260862 of 260862 words -> coordinator slot now: 27BDFFC8 3C038001 8C630000 2402FFFF
run.log:[fldx2] R1005 RETARGET EXPANDED: file#14 LBA=108933 size=125304 staged 62 sectors, LZSS 260862 of 260862 words -> coordinator slot now: 27BDFFC8 3C038001 8C630000 2402FFFF
run.log.d:[fldx2] R1005 RETARGET EXPANDED: file#14 LBA=108933 size=125304 staged 62 sectors, LZSS 260862 of 260862 words -> coordinator slot now: 27BDFFC8 3C038001 8C630000 2402FFFF
run.log.d:[fldx2] R1005 RETARGET EXPANDED: file#14 LBA=108933 size=125304 staged 62 sectors, LZSS 260862 of 260862 words -> coordinator slot now: 27BDFFC8 3C038001 8C630000 2402FFFF
run.log.d:[fldx2] R1005 RETARGET EXPANDED: file#14 LBA=108933 size=125304 staged 62 sectors, LZSS 260862 of 260862 words -> coordinator slot now: 27BDFFC8 3C038001 8C630000 2402FFFF
run.log.d:[fldx2] R1005 RETARGET EXPANDED: file#14 LBA=108933 size=125304 staged 62 sectors, LZSS 260862 of 260862 words -> coordinator slot no[digestcap] R865: digest was   435165B - kept head 16KB + DEATH EVIDENCE + tail 12KB (death receipts must survive the cap - c454's EXITTAIL was cut by the middle-capper and the death went unnamed)
=WEDGECAM=
run.log:[tblw] R1197 COMMITTED w4 ea=0x8006A228 off=0x0006A228 old=00000000 arg=00000000 after=00000000 | store=MACRO-ATTRIBUTED (guest SW/SH/SB call site) line=18673 | cur_fn=80019524(LAST DISPATCHED only) | SOURCE-scan candidates separate via SRC probe
run.log:[tblw] R1197 COMMITTED w4 ea=0x8006A22C off=0x0006A22C old=00000000 arg=00000000 after=00000000 | store=MACRO-ATTRIBUTED (guest SW/SH/SB call site) line=18673 | cur_fn=80019524(LAST DISPATCHED only) | SOURCE-scan candidates separate via SRC probe
run.log:[tblw] R1197 COMMITTED w4 ea=0x8006A230 off=0x0006A230 old=00000000 arg=00000000 after=00000000 | store=MACRO-ATTRIBUTED (guest SW/SH/SB call site) line=18673 | cur_fn=80019524(LAST DISPATCHED only) | SOURCE-scan candidates separate via SRC probe
run.log:[hle-spu] reg write #1 0x1F801D80 = 0x0000
run.log:[hle-spu] reg write #2 0x1F801D82 = 0x0000
run.log:[hle-spu] reg write #3 0x1F801DAA = 0x0000
run.log:[nullbase] R978 pump null-base @80041C64 door: A228=00000000 A22C=00000000 A230=00000000 | queue 18088=00000000 1808C=8001A4B4 18098=00000000 1809C=80077E88 180A8=00000001 | irqstruct 5A200=00000000 800409E4 80040A4C | Intr=80056788 w0=00000002 | reg0=1F801800
run.log:[ringw] #1 0x8004FE08: 0x00000000 -> 0x00000800 r31=8002B168 r16=00000000 @t=0s
run.log:[ringw] #2 0x8004FE08: 0x00000800 -> 0x00001000 r31=8002B168 r16=00000000 @t=0s
run.log:[ringw] #3 0x8004FE08: 0x00001000 -> 0x00001800 r31=8002B168 r16=00000000 @t=0s
run.log:[pollkick] R1196 kick #1 serviced at A22C poll cur_fn=8004293C (r32 hits=8714032 wrap-aware | ORIGIN guest=64 host=0 | OUTCOME blocked=0 svc-ent=1 svc-ret=1)
run.log:[ringw] #4 0x8004FE08: 0x00001800 -> 0x00002000 r31=8002B168 r16=00000000 @t=0s
run.log:[pollkick] R1196 kick #2 serviced at A22C poll cur_fn=80041BA8 (r32 hits=22486503 wrap-aware | ORIGIN guest=129 host=0 | OUTCOME blocked=0 svc-ent=2 svc-ret=2)
run.log:[pollkick] R1196 kick #3 serviced at A22C poll cur_fn=80041BA8 (r32 hits=275212385 wrap-aware | ORIGIN guest=192 host=0 | OUTCOME blocked=0 svc-ent=3 svc-ret=3)
run.log:[tblw] R1197 COMMITTED w4 ea=0x8006A228 off=0x0006A228 old=00000000 arg=00000000 after=00000000 | store=runtime/unknown (entry sw_active==0: direct or hook-nested runtime write, never auto-labeled a guest store) line=0 | cur_fn=800320E8(LAST DISPATCHED only) | SOURCE-scan candidates separate via SRC probe
run.log:[tblw] R1197 COMMITTED w4 ea=0x8006A22C off=0x0006A22C old=00000000 arg=00000000 after=00000000 | store=runtime/unknown (entry sw_active==0: direct or hook-nested runtime write, never auto-labeled a guest store) line=0 | cur_fn=800320E8(LAST DISPATCHED only) | SOURCE-scan candidates separate via SRC probe
run.log:[tblw] R1197 COMMITTED w4 ea=0x8006A230 off=0x0006A230 old=00000000 arg=00000000 after=00000000 | store=runtime/unknown (entry sw_active==0: direct or hook-nested runtime write, never auto-labeled a guest store) line=0 | cur_fn=800320E8(LAST DISPATCHED only) | SOURCE-scan candidates separate via SRC probe
run.log:[tblw] R1197 COMMITTED w4 ea=0x8006A228 off=0x0006A228 old=00000000 arg=00000000 after=00000000 | store=MACRO-ATTRIBUTED (guest SW/SH/SB call site) line=18673 | cur_fn=80019524(LAST DISPATCHED only) | SOURCE-scan candidates separate via SRC probe
run.log:[tblw] R1197 COMMITTED w4 ea=0x8006A22C off=0x0006A22C old=00000000 arg=00000000 after=00000000 | store=MACRO-ATTRIBUTED (guest SW/SH/SB call site) line=18673 | cur_fn=80019524(LAST DISPATCHED only) | SOURCE-scan candidates separate via SRC probe
run.log:[pollkick] R1196 kick #4 serviced at A22C poll cur_fn=80041BA8 (r32 hits=277173223 wrap-aware | ORIGIN guest=257 host=0 | OUTCOME blocked=0 svc-ent=4 svc-ret=4)
run.log:[pollkick] R1196 kick #5 serviced at A22C poll cur_fn=8002B084 (r32 hits=279051921 wrap-aware | ORIGIN guest=320 host=0 | OUTCOME blocked=0 svc-ent=5 svc-ret=5)
run.log:[pollkick] R1196 kick #6 serviced at A22C poll cur_fn=800286CC (r32 hits=326594420 wrap-aware | ORIGIN guest=384 host=0 | OUTCOME blocked=0 svc-ent=6 svc-ret=6)
run.log:[pollkick] R1196 kick #7 serviced at A22C poll cur_fn=80041BA8 (r32 hits=639717892 wrap-aware | ORIGIN guest=448 host=0 | OUTCOME blocked=0 svc-ent=7 svc-ret=7)
run.log:[pollkick] R1196 kick #8 serviced at A22C poll cur_fn=8002B084 (r32 hits=641412376 wrap-aware | ORIGIN guest=512 host=0 | OUTCOME blocked=0 svc-ent=8 svc-ret=8)
run.log:[pollkick] R1196 kick #9 serviced at A22C poll cur_fn=8002B084 (r32 hits=642377265 wrap-aware | ORIGIN guest=576 host=0 | OUTCOME blocked=0 svc-ent=9 svc-ret=9)
run.log:[pollkick] R1196 kick #10 serviced at A22C poll cur_fn=8002B084 (r32 hits=642666898 wrap-aware | ORIGIN guest=640 host=0 | OUTCOME blocked=0 svc-ent=10 svc-ret=10)
run.log:[pollkick] R1196 kick #11 serviced at A22C poll cur_fn=80041BA8 (r32 hits=644856802 wrap-aware | ORIGIN guest=704 host=0 | OUTCOME blocked=0 svc-ent=11 svc-ret=11)
run.log:[pollkick] R1196 kick #12 serviced at A22C poll cur_fn=80041BA8 (r32 hits=788382661 wrap-aware | ORIGIN guest=768 host=0 | OUTCOME blocked=0 svc-ent=12 svc-ret=12)
run.log:[wedge] R1195 liveness: kick enter=59 exit=59 active=0 | notifier enter=56 exit=56 | read-spin hits r8=4855134 r16=2226049 r32=986499612
run.log:[wedge] R1197 a22c origin guest=1210 host=1 | outcome blocked=0 svc-ent=18 svc-ret=18 (origin x outcome INDEPENDENT - guest>0 + blocked>0 = guest reads land hb-blocked; svc-ent!=svc-ret = serviced kick never returned - Jos c489)
run.log:[wedge] R1195 host backtrace n=0 (anchor thread; symbolize vs xenogears_boot):
run.log:[wedgespin] R1195 read32 a=0x80077014 (cur_fn 0x800286CC depth=1 streak=5 hits=986500513)
run.log:[wedgespin] R1195 read32 off=0x80077014 (NEW, cur_fn 0x800286CC depth=1 streak=5)
run.log:[wedgespin] R1195 read32 off=0x80077014 (rep, cur_fn 0x800286CC depth=1 streak=5)
run.log:[wedgespin] R1195 read32 off=0x80077014 (rep, cur_fn 0x800286CC depth=1 streak=5)
run.log:[wedgespin] R1195 read32 a=0x8005F2D8 (cur_fn 0x800286CC depth=1 streak=5 hits=986500516)
run.log:[wedgespin] R1195 read32 off=0x8005F2D8 (NEW, cur_fn 0x800286CC depth=1 streak=5)
run.log:[wedgespin] R1195 read32 a=0x80077180 (cur_fn 0x800286CC depth=1 streak=5 hits=986500518)
run.log:[wedgespin] R1195 read32 off=0x80077180 (NEW, cur_fn 0x800286CC depth=1 streak=5)
run.log:[wedgespin] R1195 read32 a=0x80076F08 (cur_fn 0x800286CC depth=1 streak=5 hits=986500519)
run.log:[wedgespin] R1195 read32 off=0x80076F08 (NEW, cur_fn 0x800286CC depth=1 streak=5)
run.log:[wedgespin] R1195 read32 a=0x8004FDF8 (cur_fn 0x800286CC depth=1 streak=5 hits=986500520)
run.log:[wedgespin] R1195 read32 off=0x8004FDF8 (NEW, cur_fn 0x800286CC depth=1 streak=5)
run.log:[wedgespin] R1195 read32 off=0x80077180 (rep, cur_fn 0x800286CC depth=1 streak=5)
run.log:[wedgespin] R1195 read32 off=0x80076F08 (rep, cur_fn 0x800286CC depth=1 streak=5)
run.log:[wedgespin] R1195 read32 off=0x8004FDF8 (rep, cur_fn 0x800286CC depth=1 streak=5)
run.log:[wedgespin] R1195 read32 a=0x8004FE04 (cur_fn 0x800286CC depth=1 streak=5 hits=986500525)
run.log:[wedgespin] R1195 read32 off=0x8004FE04 (NEW, cur_fn 0x800286CC depth=1 streak=5)
run.log:[wedgespin] R1195 read32 a=0x8004FDE4 (cur_fn 0x800286CC depth=1 streak=5 hits=986500526)
run.log:[wedgespin] R1195 read32 off=0x8004FDE4 (NEW, cur_fn 0x800286CC depth=1 streak=5)
run.log:[wedgespin] R1195 read32 a=0x8004FE08 (cur_fn 0x800286CC depth=1 streak=5 hits=986500527)
run.log:[wedgespin] R1195 read32 off=0x8004FE08 (NEW, cur_fn 0x800286CC depth=1 streak=5)
run.log:[wedgespin] R1195 read32 off=0x8004FDF8 (rep, cur_fn 0x800286CC depth=1 streak=5)
run.log:[wedgespin] R1195 read32 a=0x00077448 (cur_fn 0x800286CC depth=1 streak=5 hits=986500529)
run.log:[wedgespin] R1195 read32 off=0x00077448 (NEW, cur_fn 0x800286CC depth=1 streak=5)
run.log:[wedgespin] R1195 read32 a=0x8007EBE8 (cur_fn 0x800286CC depth=1 streak=5 hits=986500530)
run.log:[wedgespin] R1195 read32 off=0x8007EBE8 (NEW, cur_fn 0x800286CC depth=1 streak=5)
run.log:[wedgespin] R1195 read32 a=0x800A49E0 (cur_fn 0x800286CC depth=1 streak=5 hits=986500531)
run.log:[wedgespin] R1195 read32 off=0x800A49E0 (NEW, cur_fn 0x800286CC depth=1 streak=5)
run.log:[wedgespin] R1195 read32 a=0x800AA6A8 (cur_fn 0x800286CC depth=1 streak=5 hits=986500532)
run.log:[wedgespin] R1195 read32 off=0x800AA6A8 (NEW, cur_fn 0x800286CC depth=1 streak=5)
run.log:[wedgespin] R1195 read32 a=0x800AFC90 (cur_fn 0x800286CC depth=1 streak=5 hits=986500533)
run.log:[wedgespin] R1195 read32 off=0x800AFC90 (NEW, cur_fn 0x800286CC depth=1 streak=5)
run.log:[wedgespin] R1195 read32 off=0x8004FE04 (rep, cur_fn 0x800286CC depth=1 streak=5)
run.log:[wedgespin] R1195 read32 a=0x8004FE1C (cur_fn 0x800286CC depth=1 streak=5 hits=986500535)
run.log:[wedgespin] R1195 read32 off=0x8004FE1C (NEW, cur_fn 0x800286CC depth=1 streak=5)
run.log:[wedgespin] R1195 read32 a=0x8004FDFC (cur_fn 0x800286CC depth=1 streak=5 hits=986500536)
run.log:[wedgespin] R1195 read32 off=0x8004FDFC (NEW, cur_fn 0x800286CC depth=1 streak=5)
run.log:[wedgespin] R1195 read32 a=0x801FFF84 (cur_fn 0x800286CC depth=1 streak=5 hits=986500537)
run.log:[wedgespin] R1195 read32 off=0x801FFF84 (NEW, cur_fn 0x800286CC depth=1 streak=5)
run.log:[wedgespin] R1195 read32 off=0x801FFF80 (NEW, cur_fn 0x800286CC depth=1 streak=5)
run.log:[wedgespin] R1195 read32 off=0x8004FE1C (rep, cur_fn 0x800286CC depth=1 streak=5)
=DEATHREC=
--- EXITTAIL (run.log last 96) ---
[faultbudget] R1158 fault #437256192 at 0x410024FC (storm tally: 1 line per million; signature receipted in first-4 full reports)
[lzss-fence] R1169 hit @0x8007EBE8 above fence 0x41002500 (op#13 src=0x00000000 word0=0x41002500, 134s since arm; hits=2852126720 under R1277 run-lifetime throttle first-8-then-1-per-16M; fence = src + EXPANDED size - NOT a validated compressed-input boundary; this hit is a SUSPICION, never a proven input overrun; never retired - the fence stays armed for the rest of the run; hits attribute to the LAST armed op via the [fencelife] arm chain; diagnostic-only, this warning never suppresses the read)
[faultbudget] R1158 fault #438304768 at 0x410024FC (storm tally: 1 line per million; signature receipted in first-4 full reports)
[mvloop] pre-movie polling n=190840832 (mod6=0 player=0 rs0=0C16EC56 lim=4007658019 | R870 loop-id fn=800320E8 r31=80032284 padcell=FFFF4000 FE1C=00000000 | R874 DOOR: FDFC=00000000 FE48=00000000 FE30=00000000 | R878 CD-STATE: seek=239326 last_cmd=09 pend=0 sched=0 FE04=0003A6DE FDF8=00000000 A22C=00000000 A228=00000000 - spin exits when FDFC=0+LegacyCdDataWait-ret=0+FE1C=0; A22C=CD-data-arrived flag LegacyCdDataWait times out on | R894 SLICE-GATE: cntdn=452DAAEE cnt=00124342 | R894 ARCH-REQ: FDF0=00000000 FDF4=00000000 FE14=00000000)
[faultbudget] R1158 fault #439353344 at 0x410024F8 (storm tally: 1 line per million; signature receipted in first-4 full reports)
[fldfrz2] R825 HOST watcher t=182s sectors=515 | seek=239326 | walker: FAEC=00000000 92C0=ffffffff 92BC=00000000 92D0=00000000 F0C=00000003 F10=00671253 FE1C=00000000 FE20=00000003 FDF8=00000000 FE04=0003a6de FDE4=00000009 | q10=00671253 q14=00000001 q18=000000a0
[faultbudget] R1158 fault #440401920 at 0x410024FC (storm tally: 1 line per million; signature receipted in first-4 full reports)
[lzss-fence] R1169 hit @0x80076F08 above fence 0x41002500 (op#13 src=0x00000000 word0=0x41002500, 135s since arm; hits=2868903936 under R1277 run-lifetime throttle first-8-then-1-per-16M; fence = src + EXPANDED size - NOT a validated compressed-input boundary; this hit is a SUSPICION, never a proven input overrun; never retired - the fence stays armed for the rest of the run; hits attribute to the LAST armed op via the [fencelife] arm chain; diagnostic-only, this warning never suppresses the read)
[faultbudget] R1158 fault #441450496 at 0x410024FC (storm tally: 1 line per million; signature receipted in first-4 full reports)
[parkcam] R1231 cells A228=00000000 A22C=00000000 A230=00000000 cur_fn=800320E8 | disp=(0,0 256x240) on=1 draw=(0,0)e5 | prevyes  (0,0 256x240) on=1 draw=(0,0) | winNZ=155/960 C=0 D=0
[mvloop] pre-movie polling n=191889408 (mod6=0 player=0 rs0=0C16EC56 lim=4007658019 | R870 loop-id fn=800320E8 r31=80032284 padcell=FFFF4000 FE1C=00000000 | R874 DOOR: FDFC=00000000 FE48=00000000 FE30=00000000 | R878 CD-STATE: seek=239326 last_cmd=09 pend=0 sched=0 FE04=0003A6DE FDF8=00000000 A22C=00000000 A228=00000000 - spin exits when FDFC=0+LegacyCdDataWait-ret=0+FE1C=0; A22C=CD-data-arrived flag LegacyCdDataWait times out on | R894 SLICE-GATE: cntdn=452DAAEE cnt=00124342 | R894 ARCH-REQ: FDF0=00000000 FDF4=00000000 FE14=00000000)
[faultbudget] R1158 fault #442499072 at 0x410024F8 (storm tally: 1 line per million; signature receipted in first-4 full reports)
[padstart] R809 START press #31 injected (buf 0x800625FC = FFF74100 posture: status=00 ID=41 buttons=F7FF active-low bit3) - the menu has its player
[faultbudget] R1158 fault #443547648 at 0x410024FC (storm tally: 1 line per million; signature receipted in first-4 full reports)
[lzss-fence] R1169 hit @0x80077014 above fence 0x41002500 (op#13 src=0x00000000 word0=0x41002500, 136s since arm; hits=2885681152 under R1277 run-lifetime throttle first-8-then-1-per-16M; fence = src + EXPANDED size - NOT a validated compressed-input boundary; this hit is a SUSPICION, never a proven input overrun; never retired - the fence stays armed for the rest of the run; hits attribute to the LAST armed op via the [fencelife] arm chain; diagnostic-only, this warning never suppresses the read)
[faultbudget] R1158 fault #444596224 at 0x410024FC (storm tally: 1 line per million; signature receipted in first-4 full reports)
[mvloop] pre-movie polling n=192937984 (mod6=0 player=0 rs0=0C16EC56 lim=4007658019 | R870 loop-id fn=800320E8 r31=80032284 padcell=FFFF4000 FE1C=00000000 | R874 DOOR: FDFC=00000000 FE48=00000000 FE30=00000000 | R878 CD-STATE: seek=239326 last_cmd=09 pend=0 sched=0 FE04=0003A6DE FDF8=00000000 A22C=00000000 A228=00000000 - spin exits when FDFC=0+LegacyCdDataWait-ret=0+FE1C=0; A22C=CD-data-arrived flag LegacyCdDataWait times out on | R894 SLICE-GATE: cntdn=452DAAEE cnt=00124342 | R894 ARCH-REQ: FDF0=00000000 FDF4=00000000 FE14=00000000)
[padstart] R809 START released (posture FFFF4100)
[faultbudget] R1158 fault #445644800 at 0x410024F8 (storm tally: 1 line per million; signature receipted in first-4 full reports)
[faultbudget] R1158 fault #446693376 at 0x410024FC (storm tally: 1 line per million; signature receipted in first-4 full reports)
[lzss-fence] R1169 hit @0x80077014 above fence 0x41002500 (op#13 src=0x00000000 word0=0x41002500, 137s since arm; hits=2902458368 under R1277 run-lifetime throttle first-8-then-1-per-16M; fence = src + EXPANDED size - NOT a validated compressed-input boundary; this hit is a SUSPICION, never a proven input overrun; never retired - the fence stays armed for the rest of the run; hits attribute to the LAST armed op via the [fencelife] arm chain; diagnostic-only, this warning never suppresses the read)
[faultbudget] R1158 fault #447741952 at 0x410024FC (storm tally: 1 line per million; signature receipted in first-4 full reports)
[mvloop] pre-movie polling n=193986560 (mod6=0 player=0 rs0=0C16EC56 lim=4007658019 | R870 loop-id fn=800320E8 r31=80032284 padcell=FFFF4000 FE1C=00000000 | R874 DOOR: FDFC=00000000 FE48=00000000 FE30=00000000 | R878 CD-STATE: seek=239326 last_cmd=09 pend=0 sched=0 FE04=0003A6DE FDF8=00000000 A22C=00000000 A228=00000000 - spin exits when FDFC=0+LegacyCdDataWait-ret=0+FE1C=0; A22C=CD-data-arrived flag LegacyCdDataWait times out on | R894 SLICE-GATE: cntdn=452DAAEE cnt=00124342 | R894 ARCH-REQ: FDF0=00000000 FDF4=00000000 FE14=00000000)
[faultbudget] R1158 fault #448790528 at 0x410024F8 (storm tally: 1 line per million; signature receipted in first-4 full reports)
[faultbudget] R1158 fault #449839104 at 0x410024FC (storm tally: 1 line per million; signature receipted in first-4 full reports)
[lzss-fence] R1169 hit @0x8004FE04 above fence 0x41002500 (op#13 src=0x00000000 word0=0x41002500, 138s since arm; hits=2919235584 under R1277 run-lifetime throttle first-8-then-1-per-16M; fence = src + EXPANDED size - NOT a validated compressed-input boundary; this hit is a SUSPICION, never a proven input overrun; never retired - the fence stays armed for the rest of the run; hits attribute to the LAST armed op via the [fencelife] arm chain; diagnostic-only, this warning never suppresses the read)
[faultbudget] R1158 fault #450887680 at 0x410024FC (storm tally: 1 line per million; signature receipted in first-4 full reports)
[mvloop] pre-movie polling n=195035136 (mod6=0 player=0 rs0=0C16EC56 lim=4007658019 | R870 loop-id fn=800320E8 r31=80032284 padcell=FFFF4100 FE1C=00000000 | R874 DOOR: FDFC=00000000 FE48=00000000 FE30=00000000 | R878 CD-STATE: seek=239326 last_cmd=09 pend=0 sched=0 FE04=0003A6DE FDF8=00000000 A22C=00000000 A228=00000000 - spin exits when FDFC=0+LegacyCdDataWait-ret=0+FE1C=0; A22C=CD-data-arrived flag LegacyCdDataWait times out on | R894 SLICE-GATE: cntdn=452DAAEE cnt=00124342 | R894 ARCH-REQ: FDF0=00000000 FDF4=00000000 FE14=00000000)
[faultbudget] R1158 fault #451936256 at 0x410024F8 (storm tally: 1 line per million; signature receipted in first-4 full reports)
[faultbudget] R1158 fault #452984832 at 0x410024FC (storm tally: 1 line per million; signature receipted in first-4 full reports)
[lzss-fence] R1169 hit @0x8004FDF8 above fence 0x41002500 (op#13 src=0x00000000 word0=0x41002500, 139s since arm; hits=2936012800 under R1277 run-lifetime throttle first-8-then-1-per-16M; fence = src + EXPANDED size - NOT a validated compressed-input boundary; this hit is a SUSPICION, never a proven input overrun; never retired - the fence stays armed for the rest of the run; hits attribute to the LAST armed op via the [fencelife] arm chain; diagnostic-only, this warning never suppresses the read)
[faultbudget] R1158 fault #454033408 at 0x410024FC (storm tally: 1 line per million; signature receipted in first-4 full reports)
[wedgespin] R1195 read32 off=0x800625FC (rep, cur_fn 0x800320E8 depth=1 streak=70)
[wedgespin] R1195 read32 off=0x8005FDFC (rep, cur_fn 0x800320E8 depth=1 streak=70)
[wedgespin] R1195 read32 off=0x8005FE48 (rep, cur_fn 0x800320E8 depth=1 streak=70)
[wedgespin] R1195 read32 off=0x8005FE30 (rep, cur_fn 0x800320E8 depth=1 streak=70)
[wedgespin] R1195 read32 off=0x8006A22C (rep, cur_fn 0x800320E8 depth=1 streak=70)
[parkcam] R1231 cells A228=00000000 A22C=00000000 A230=00000000 cur_fn=800320E8 | disp=(0,0 256x240) on=1 draw=(0,0)e5 | prevyes  (0,0 256x240) on=1 draw=(0,0) | winNZ=155/960 C=0 D=0
[wedgespin] R1195 read32 off=0x8006A228 (rep, cur_fn 0x800320E8 depth=1 streak=70)
[wedgespin] R1195 read32 off=0x80076F04 (rep, cur_fn 0x800320E8 depth=1 streak=70)
[wedgespin] R1195 read32 off=0x8005FDF0 (rep, cur_fn 0x800320E8 depth=1 streak=70)
[wedgespin] R1195 read32 off=0x8005FDF4 (rep, cur_fn 0x800320E8 depth=1 streak=70)
[wedgespin] R1195 read32 off=0x8005FE14 (rep, cur_fn 0x800320E8 depth=1 streak=70)
[mvloop] pre-movie polling n=196083712 (mod6=0 player=0 rs0=0C16EC56 lim=4007658019 | R870 loop-id fn=800320E8 r31=80032284 padcell=FFFF4100 FE1C=00000000 | R874 DOOR: FDFC=00000000 FE48=00000000 FE30=00000000 | R878 CD-STATE: seek=239326 last_cmd=09 pend=0 sched=0 FE04=0003A6DE FDF8=00000000 A22C=00000000 A228=00000000 - spin exits when FDFC=0+LegacyCdDataWait-ret=0+FE1C=0; A22C=CD-data-arrived flag LegacyCdDataWait times out on | R894 SLICE-GATE: cntdn=452DAAEE cnt=00124342 | R894 ARCH-REQ: FDF0=00000000 FDF4=00000000 FE14=00000000)
[wedgespin] R1195 read32 off=0x8005FAEC (rep, cur_fn 0x800320E8 depth=1 streak=70)
[wedgespin] R1195 read32 off=0x800592C0 (rep, cur_fn 0x800320E8 depth=1 streak=70)
[wedgespin] R1195 read32 off=0x800625FC (rep, cur_fn 0x800320E8 depth=1 streak=70)
[faultbudget] R1158 fault #455081984 at 0x410024F8 (storm tally: 1 line per million; signature receipted in first-4 full reports)
[faultbudget] R1158 fault #456130560 at 0x410024FC (storm tally: 1 line per million; signature receipted in first-4 full reports)
[lzss-fence] R1169 hit @0x8004FE04 above fence 0x41002500 (op#13 src=0x00000000 word0=0x41002500, 140s since arm; hits=2952790016 under R1277 run-lifetime throttle first-8-then-1-per-16M; fence = src + EXPANDED size - NOT a validated compressed-input boundary; this hit is a SUSPICION, never a proven input overrun; never retired - the fence stays armed for the rest of the run; hits attribute to the LAST armed op via the [fencelife] arm chain; diagnostic-only, this warning never suppresses the read)
[faultbudget] R1158 fault #457179136 at 0x410024FC (storm tally: 1 line per million; signature receipted in first-4 full reports)
[mvloop] pre-movie polling n=197132288 (mod6=0 player=0 rs0=0C16EC56 lim=4007658019 | R870 loop-id fn=800320E8 r31=80032284 padcell=FFFF4100 FE1C=00000000 | R874 DOOR: FDFC=00000000 FE48=00000000 FE30=00000000 | R878 CD-STATE: seek=239326 last_cmd=09 pend=0 sched=0 FE04=0003A6DE FDF8=00000000 A22C=00000000 A228=00000000 - spin exits when FDFC=0+LegacyCdDataWait-ret=0+FE1C=0; A22C=CD-data-arrived flag LegacyCdDataWait times out on | R894 SLICE-GATE: cntdn=452DAAEE cnt=00124342 | R894 ARCH-REQ: FDF0=00000000 FDF4=00000000 FE14=00000000)
[faultbudget] R1158 fault #458227712 at 0x410024F8 (storm tally: 1 line per million; signature receipted in first-4 full reports)
[padstart] R809 START press #32 injected (buf 0x800625FC = FFF74100 posture: status=00 ID=41 buttons=F7FF active-low bit3) - the menu has its player
[faultbudget] R1158 fault #459276288 at 0x410024FC (storm tally: 1 line per million; signature receipted in first-4 full reports)
[lzss-fence] R1169 hit @0x800AA6A8 above fence 0x41002500 (op#13 src=0x00000000 word0=0x41002500, 141s since arm; hits=2969567232 under R1277 run-lifetime throttle first-8-then-1-per-16M; fence = src + EXPANDED size - NOT a validated compressed-input boundary; this hit is a SUSPICION, never a proven input overrun; never retired - the fence stays armed for the rest of the run; hits attribute to the LAST armed op via the [fencelife] arm chain; diagnostic-only, this warning never suppresses the read)
[faultbudget] R1158 fault #460324864 at 0x410024FC (storm tally: 1 line per million; signature receipted in first-4 full reports)
[mvloop] pre-movie polling n=198180864 (mod6=0 player=0 rs0=0C16EC56 lim=4007658019 | R870 loop-id fn=800320E8 r31=80032284 padcell=FFF74100 FE1C=00000000 | R874 DOOR: FDFC=00000000 FE48=00000000 FE30=00000000 | R878 CD-STATE: seek=239326 last_cmd=09 pend=0 sched=0 FE04=0003A6DE FDF8=00000000 A22C=00000000 A228=00000000 - spin exits when FDFC=0+LegacyCdDataWait-ret=0+FE1C=0; A22C=CD-data-arrived flag LegacyCdDataWait times out on | R894 SLICE-GATE: cntdn=452DAAEE cnt=00124342 | R894 ARCH-REQ: FDF0=00000000 FDF4=00000000 FE14=00000000)
[padstart] R809 START released (posture FFFF4100)
[faultbudget] R1158 fault #461373440 at 0x410024F8 (storm tally: 1 line per million; signature receipted in first-4 full reports)
[faultbudget] R1158 fault #462422016 at 0x410024FC (storm tally: 1 line per million; signature receipted in first-4 full reports)
[lzss-fence] R1169 hit @0x800AA6A8 above fence 0x41002500 (op#13 src=0x00000000 word0=0x41002500, 142s since arm; hits=2986344448 under R1277 run-lifetime throttle first-8-then-1-per-16M; fence = src + EXPANDED size - NOT a validated compressed-input boundary; this hit is a SUSPICION, never a proven input overrun; never retired - the fence stays armed for the rest of the run; hits attribute to the LAST armed op via the [fencelife] arm chain; diagnostic-only, this warning never suppresses the read)
[faultbudget] R1158 fault #463470592 at 0x410024FC (storm tally: 1 line per million; signature receipted in first-4 full reports)
[mvloop] pre-movie polling n=199229440 (mod6=0 player=0 rs0=0C16EC56 lim=4007658019 | R870 loop-id fn=800320E8 r31=80032284 padcell=FFFF4100 FE1C=00000000 | R874 DOOR: FDFC=00000000 FE48=00000000 FE30=00000000 | R878 CD-STATE: seek=239326 last_cmd=09 pend=0 sched=0 FE04=0003A6DE FDF8=00000000 A22C=00000000 A228=00000000 - spin exits when FDFC=0+LegacyCdDataWait-ret=0+FE1C=0; A22C=CD-data-arrived flag LegacyCdDataWait times out on | R894 SLICE-GATE: cntdn=452DAAEE cnt=00124342 | R894 ARCH-REQ: FDF0=00000000 FDF4=00000000 FE14=00000000)
[faultbudget] R1158 fault #464519168 at 0x410024F8 (storm tally: 1 line per million; signature receipted in first-4 full reports)
[faultbudget] R1158 fault #465567744 at 0x410024FC (storm tally: 1 line per million; signature receipted in first-4 full reports)
[lzss-fence] R1169 hit @0x80077014 above fence 0x41002500 (op#13 src=0x00000000 word0=0x41002500, 143s since arm; hits=3003121664 under R1277 run-lifetime throttle first-8-then-1-per-16M; fence = src + EXPANDED size - NOT a validated compressed-input boundary; this hit is a SUSPICION, never a proven input overrun; never retired - the fence stays armed for the rest of the run; hits attribute to the LAST armed op via the [fencelife] arm chain; diagnostic-only, this warning never suppresses the read)
[faultbudget] R1158 fault #466616320 at 0x410024FC (storm tally: 1 line per million; signature receipted in first-4 full reports)
[parkcam] R1231 cells A228=00000000 A22C=00000000 A230=00000000 cur_fn=800320E8 | disp=(0,0 256x240) on=1 draw=(0,0)e5 | prevyes  (0,0 256x240) on=1 draw=(0,0) | winNZ=155/960 C=0 D=0
[mvloop] pre-movie polling n=200278016 (mod6=0 player=0 rs0=0C16EC56 lim=4007658019 | R870 loop-id fn=800320E8 r31=80032284 padcell=FFFF4100 FE1C=00000000 | R874 DOOR: FDFC=00000000 FE48=00000000 FE30=00000000 | R878 CD-STATE: seek=239326 last_cmd=09 pend=0 sched=0 FE04=0003A6DE FDF8=00000000 A22C=00000000 A228=00000000 - spin exits when FDFC=0+LegacyCdDataWait-ret=0+FE1C=0; A22C=CD-data-arrived flag LegacyCdDataWait times out on | R894 SLICE-GATE: cntdn=452DAAEE cnt=00124342 | R894 ARCH-REQ: FDF0=00000000 FDF4=00000000 FE14=00000000)
[faultbudget] R1158 fault #467664896 at 0x410024F8 (storm tally: 1 line per million; signature receipted in first-4 full reports)
[faultbudget] R1158 fault #468713472 at 0x410024FC (storm tally: 1 line per million; signature receipted in first-4 full reports)
[faultbudget] R1158 fault #469762048 at 0x410024FC (storm tally: 1 line per million; signature receipted in first-4 full reports)
[lzss-fence] R1169 hit @0x8004FE08 above fence 0x41002500 (op#13 src=0x00000000 word0=0x41002500, 144s since arm; hits=3019898880 under R1277 run-lifetime throttle first-8-then-1-per-16M; fence = src + EXPANDED size - NOT a validated compressed-input boundary; this hit is a SUSPICION, never a proven input overrun; never retired - the fence stays armed for the rest of the run; hits attribute to the LAST armed op via the [fencelife] arm chain; diagnostic-only, this warning never suppresses the read)
[mvloop] pre-movie polling n=201326592 (mod6=0 player=0 rs0=0C16EC56 lim=4007658019 | R870 loop-id fn=800320E8 r31=80032284 padcell=FFFF4100 FE1C=00000000 | R874 DOOR: FDFC=00000000 FE48=00000000 FE30=00000000 | R878 CD-STATE: seek=239326 last_cmd=09 pend=0 sched=0 FE04=0003A6DE FDF8=00000000 A22C=00000000 A228=00000000 - spin exits when FDFC=0+LegacyCdDataWait-ret=0+FE1C=0; A22C=CD-data-arrived flag LegacyCdDataWait times out on | R894 SLICE-GATE: cntdn=452DAAEE cnt=00124342 | R894 ARCH-REQ: FDF0=00000000 FDF4=00000000 FE14=00000000)
[faultbudget] R1158 fault #470810624 at 0x410024F8 (storm tally: 1 line per million; signature receipted in first-4 full reports)
[faultbudget] R1158 fault #471859200 at 0x410024FC (storm tally: 1 line per million; signature receipted in first-4 full reports)
[faultbudget] R1158 fault #472907776 at 0x410024FC (storm tally: 1 line per million; signature receipted in first-4 full reports)
[lzss-fence] R1169 hit @0x800A49E0 above fence 0x41002500 (op#13 src=0x00000000 word0=0x41002500, 145s since arm; hits=3036676096 under R1277 run-lifetime throttle first-8-then-1-per-16M; fence = src + EXPANDED size - NOT a validated compressed-input boundary; this hit is a SUSPICION, never a proven input overrun; never retired - the fence stays armed for the rest of the run; hits attribute to the LAST armed op via the [fencelife] arm chain; diagnostic-only, this warning never suppresses the read)
[mvloop] pre-movie polling n=202375168 (mod6=0 player=0 rs0=0C16EC56 lim=4007658019 | R870 loop-id fn=800320E8 r31=80032284 padcell=FFFF4000 FE1C=00000000 | R874 DOOR: FDFC=00000000 FE48=00000000 FE30=00000000 | R878 CD-STATE: seek=239326 last_cmd=09 pend=0 sched=0 FE04=0003A6DE FDF8=00000000 A22C=00000000 A228=00000000 - spin exits when FDFC=0+LegacyCdDataWait-ret=0+FE1C=0; A22C=CD-data-arrived flag LegacyCdDataWait times out on | R894 SLICE-GATE: cntdn=452DAAEE cnt=00124342 | R894 ARCH-REQ: FDF0=00000000 FDF4=00000000 FE14=00000000)
[faultbudget] R1158 fault #473956352 at 0x410024F8 (storm tally: 1 line per million; signature receipted in first-4 full reports)
[padstart] R809 START press #33 injected (buf 0x800625FC = FFF74100 posture: status=00 ID=41 buttons=F7FF active-low bit3) - the menu has its player
[faultbudget] R1158 fault #475004928 at 0x410024FC (storm tally: 1 line per million; signature receipted in first-4 full reports)
[faultbudget] R1158 fault #476053504 at 0x410024FC (storm tally: 1 line per million; signature receipted in first-4 full reports)
[lzss-fence] R1169 hit @0x8004FDF8 above fence 0x41002500 (op#13 src=0x00000000 word0=0x41002500, 146s since arm; hits=3053453312 under R1277 run-lifetime throttle first-8-then-1-per-16M; fence = src + EXPANDED size - NOT a validated compressed-input boundary; this hit is a SUSPICION, never a proven input overrun; never retired - the fence stays armed for the rest of the run; hits attribute to the LAST armed op via the [fencelife] arm chain; diagnostic-only, this warning never suppresses the read)
[mvloop] pre-movie polling n=203423744 (mod6=0 player=0 rs0=0C16EC56 lim=4007658019 | R870 loop-id fn=800320E8 r31=80032284 padcell=FFFF4000 FE1C=00000000 | R874 DOOR: FDFC=00000000 FE48=00000000 FE30=00000000 | R878 CD-STATE: seek=239326 last_cmd=09 pend=0 sched=0 FE04=0003A6DE FDF8=00000000 A22C=00000000 A228=00000000 - spin exits when FDFC=0+LegacyCdDataWait-ret=0+FE1C=0; A22C=CD-data-arrived flag LegacyCdDataWait times out on | R894 SLICE-GATE: cntdn=452DAAEE cnt=00124342 | R894 ARCH-REQ: FDF0=00000000 FDF4=00000000 FE14=00000000)
[padstart] R809 START released (posture FFFF4100)
[faultbudget] R1158 fault #477102080 at 0x410024F8 (storm tally: 1 line per million; signature receipted in first-4 full reports)
[faultbudget] R1158 fault #478150656 at 0x410024FC (storm tally: 1 line per million; signature receipted in first-4 full reports)
[faultbudget] R1158 fault #479199232 at 0x410024FC (storm tally: 1 line per million; signature receipted in first-4 full reports)
[lzss-fence] R1169 hit @0x8004FDF8 above fence 0x41002500 (op#13 src=0x00000000 word0=0x41002500, 147s since arm; hits=3070230528 under R1277 run-lifetime throttle first-8-then-1-per-16M; fence = src + EXPANDED size - NOT a validated compressed-input boundary; this hit is a SUSPICION, never a proven input overrun; never retired - the fence stays armed for the rest of the run; hits attribute to the LAST armed op via the [fencelife] arm chain; diagnostic-only, this warning never suppresses the read)
[mvloop] pre-movie polling n=204472320 (mod6=0 player=0 rs0=0C16EC56 lim=4007658019 | R870 loop-id fn=800320E8 r31=80032284 padcell=FFFF4000 FE1C=00000000 | R874 DOOR: FDFC=00000000 FE48=00000000 FE30=00000000 | R878 CD-STATE: seek=239326 last_cmd=09 pend=0 sched=0 FE04=0003A6DE FDF8=00000000 A22C=00000000 A228=00000000 - spin exits when FDFC=0+LegacyCdDataWait-ret=0+FE1C=0; A22C=CD-data-arrived flag LegacyCdDataWait times out on | R894 SLICE-GATE: cntdn=452DAAEE cnt=00124342 | R894 ARCH-REQ: FDF0=00000000 FDF4=00000000 FE14=00000000)
[faultbudget] R1158 fault #480247808 at 0x410024F8 (storm tally: 1 line per million; signature receipted in first-4 full reports)
[rungasp] R806 process exit status=137 (0=clean main-return; 99=kit/exitdiag door _exit; 9=fuse SIGKILL; 11/139=host SIGSEGV; 10/138=SIGBUS; 6=SIGABRT) - the silent-death class camera (c385-390: runs died at 10-32s with NO crash dump, NO exit receipt; the wait status names the door)
[wedge] R1196 executed-binary xenogears_boot_142105 sha256=97839dea0441d2a0170715a534327d2c6112c5063bd692bb4bd35af7e680bbef dSYM=prev_run/last.dSYM
[logcap] end tail
--- asan ---
--- canaryrec ---
--- abrtrec ---
--- segvdie ---
--- segvrec ---
q18=000000a0
run.log:[fldfrz2] R825 HOST watcher t=107s sectors=515 | seek=239326 | walker: FAEC=00000000 92C0=ffffffff 92BC=00000000 92D0=00000000 F0C=00000003 F10=00671253 FE1C=00000000 FE20=00000003 FDF8=00000000 FE04=0003a6de FDE4=00000009 | q10=00671253 q14=00000001 q18=000000a0
run.log:[fldfrz2] R825 HOST watcher t=122s sectors=515 | seek=239326 | walker: FAEC=00000000 92C0=ffffffff 92BC=00000000 92D0=00000000 F0C=00000003 F10=00671253 FE1C=00000000 FE20=00000003 FDF8=00000000 FE04=0003a6de FDE4=00000009 | q10=00671253 q14=00000001 q18=000000a0
run.log:[fldfrz2] R825 HOST watcher t=137s sectors=515 | seek=239326 | walker: FAEC=00000000 92C0=ffffffff 92BC=00000000 92D0=00000000 F0C=00000003 F10=00671253 FE1C=00000000 FE20=00000003 FDF8=00000000 FE04=0003a6de FDE4=00000009 | q10=00671253 q14=00000001 q18=000000a0
run.log:[fldfrz2] R825 HOST watcher t=152s sectors=515 | seek=239326 | walker: FAEC=00000000 92C0=ffffffff 92BC=00000000 92D0=00000000 F0C=00000003 F10=00671253 FE1C=00000000 FE20=00000003 FDF8=00000000 FE04=0003a6de FDE4=00000009 | q10=00671253 q14=00000001 q18=000000a0
run.log:[fldfrz2] R825 HOST watcher t=167s sectors=515 | seek=239326 | walker: FAEC=00000000 92C0=ffffffff 92BC=00000000 92D0=00000000 F0C=00000003 F10=00671253 FE1C=00000000 FE20=00000003 FDF8=00000000 FE04=0003a6de FDE4=00000009 | q10=00671253 q14=00000001 q18=000000a0
run.log:[fldfrz2] R825 HOST watcher t=182s sectors=515 | seek=239326 | walker: FAEC=00000000 92C0=ffffffff 92BC=00000000 92D0=00000000 F0C=00000003 F10=00671253 FE1C=00000000 FE20=00000003 FDF8=00000000 FE04=0003a6de FDE4=00000009 | q10=00671253 q14=00000001 q18=000000a0
run.log.d:[fldfrz2] R825 HOST watcher t=62s sectors=515 | seek=239326 | walker: FAEC=00000000 92C0=ffffffff 92BC=00000000 92D0=00000000 F0C=00000003 F10=00671253 FE1C=00000000 FE20=00000003 FDF8=00000000 FE04=0003a6de FDE4=00000009 | q10=00671253 q14=00000001 q18=000000a0
=FLDFRZ=
=ABORTMSG=
run.log:[healwalk] R699 scan for cursor 0x2D2D2D2D: 2 corrupt record(s) capped - walk retries clean next boot
run.log.d:[healwalk] R699 scan for cursor 0x2D2D2D2D: 2 corrupt record(s) capped - walk retries clean next boot
=STATESTAMP=
run.log:[statestamp] R814 FULL HANDOFF STAMPED #1: FAEC=1, 92C0=-1, 92BC=1, 92D0=0, 9330=1 (walker latch - proceed posture) - walker + dispatcher + R758 walk chain take it from here
run.log:[statestamp] R821 EARLY HANDOFF at bootentry #2 (pre-walker stamp; walker's t=6s stub pass sees proceed posture)
run.log:[statestamp] R814 FULL HANDOFF STAMPED #2: FAEC=1, 92C0=-1, 92BC=1, 92D0=0, 9330=1 (walker latch - proceed posture) - walker + dispatcher + R758 walk chain take it from here
run.log:[statestamp] R814 FULL HANDOFF STAMPED #3: FAEC=1, 92C0=-1, 92BC=1, 92D0=0, 9330=1 (walker latch - proceed posture) - walker + dispatcher + R758 walk chain take it from here
run.log:[statestamp] R821 EARLY HANDOFF at bootentry #4 (pre-walker stamp; walker's t=6s stub pass sees proceed posture)
run.log:[statestamp] R814 FULL HANDOFF STAMPED #4: FAEC=1, 92C0=-1, 92BC=1, 92D0=0, 9330=1 (walker latch - proceed posture) - walker + dispatcher + R758 walk chain take it from here
run.log:[statestamp] R821 EARLY HANDOFF at bootentry #5 (pre-walker stamp; walker's t=6s stub pass sees proceed posture)
run.log:[statestamp] R814 FULL HANDOFF STAMPED #5: FAEC=1, 92C0=-1, 92BC=1, 92D0=0, 9330=1 (walker latch - proceed posture) - walker + dispatcher + R758 walk chain take it from here
run.log.d:[statestamp] R814 FULL HANDOFF STAMPED #1: FAEC=1, 92C0=-1, 92BC=1, 92D0=0, 9330=1 (walker latch - proceed posture) - walker + dispatcher + R758 walk chain take it from here
run.log.d:[statestamp] R821 EARLY HANDOFF at bootentry #2 (pre-walker stamp; walker's t=6s stub pass sees proceed posture)
run.log.d:[statestamp] R814 FULL HANDOFF STAMPED #2: FAEC=1, 92C0=-1, 92BC=1, 92D0=0, 9330=1 (walker latch - proceed posture) - walker + dispatcher + R758 walk chain take it from here
run.log.d:[statestamp] R814 FULL HANDOFF STAMPED #3: FAEC=1, 92C0=-1, 92BC=1, 92D0=0, 9330=1 (walker latch - proceed posture) - walker + dispatcher + R758 walk chain take it from here
=DEV=
run.log:[dev] write 0x1F801800 = 0x00000001
run.log:[dev] read  0x1F801803 = 0x00000000 (n=2)
run.log:[dev] write 0x1F801800 = 0x00000000
run.log:[dev] write 0x1F801803 = 0x00000000
run.log:[dev] write 0x1F801800 = 0x00000000
run.log:[dev] write 0x1F801801 = 0x00000001
run.log:[dev] read  0x1F801800 = 0x00000024 (n=7)
run.log:[dev] write 0x1F80104A = 0x00000000
run.log:[dev] write 0x1F80104A = 0x00000000
run.log:[dev] write 0x1F80104A = 0x00000000
run.log:[dev] write 0x1F80104A = 0x00000000
run.log:[dev] write 0x1F801800 = 0x00000001
run.log:[dev] read  0x1F801803 = 0x00000003 (n=13)
run.log:[dev] read  0x1F801803 = 0x00000003 (n=14)
run.log:[dev] read  0x1F801800 = 0x00000025 (n=15)
run.log:[dev] read  0x1F801801 = 0x00000002 (n=16)
run.log:[dev] read  0x1F801800 = 0x00000025 (n=17)
run.log:[dev] read  0x1F801801 = 0x00000002 (n=18)
run.log:[dev] read  0x1F801800 = 0x00000025 (n=19)
run.log:[dev] read  0x1F801801 = 0x00000002 (n=20)
run.log:[dev] read  0x1F801800 = 0x00000025 (n=21)
run.log:[dev] read  0x1F801801 = 0x00000002 (n=22)
run.log:[dev] read  0x1F801800 = 0x00000025 (n=23)
run.log:[dev] read  0x1F801801 = 0x00000002 (n=24)
run.log:[dev] read  0x1F801800 = 0x00000024 (n=50000)
run.log:[dev] read  0x1F801800 = 0x00000024 (n=100000)
run.log:[dev] read  0x1F801800 = 0x00000024 (n=150000)
run.log:[dev] read  0x1F801800 = 0x00000024 (n=200000)
run.log:[dev] read  0x1F801800 = 0x00000024 (n=250000)
run.log:[dev] read  0x1F801800 = 0x00000024 (n=300000)
run.log:[dev] read  0x1F801800 = 0x00000024 (n=350000)
run.log:[dev] read  0x1F801800 = 0x00000024 (n=400000)
run.log.d:[dev] write 0x1F801800 = 0x00000001
run.log.d:[dev] read  0x1F801803 = 0x00000000 (n=2)
run.log.d:[dev] write 0x1F801800 = 0x00000000
run.log.d:[dev] write 0x1F801803 = 0x00000000
run.log.d:[dev] write 0x1F801800 = 0x00000000
run.log.d:[dev] write 0x1F801801 = 0x00000001
run.log.d:[dev] read  0x1F801800 = 0x00000024 (n=7)
run.log.d:[dev] write 0x1F80104A = 0x00000000
run.log.d:[dev] write 0x1F80104A = 0x00000000
run.log.d:[dev] write 0x1F80104A = 0x00000000
run.log.d:[dev] write 0x1F80104A = 0x00000000
run.log.d:[dev] write 0x1F801800 = 0x00000001
run.log.d:[dev] read  0x1F801803 = 0x00000003 (n=13)
run.log.d:[dev] read  0x1F801803 = 0x00000003 (n=14)
run.log.d:[dev] read  0x1F801800 = 0x00000025 (n=15)
run.log.d:[dev] read  0x1F801801 = 0x00000002 (n=16)
=DIR2=
=BANKW=
[bankw] R778 BANK WRITE 800B3260 <- 801FBFF8 writer_fn=80031C58 (bank1)
[bankw] R778 BANK WRITE 800B3264 <- 840A0001 writer_fn=80031C58 (bank1)
[bankheal] R900 bank head SEEDED @allocator door #1: 800B3260 0 -> 801FBFF8, 800B3264 -> 840A0001 (the allocator's own healthy [bankw] write pattern; walk sees a real list instead of null)
[bankw] R778 BANK WRITE 800B3260 <- 801FBFF8 writer_fn=80031C58 (bank1)
[bankw] R778 BANK WRITE 800B3264 <- 840A0001 writer_fn=80031C58 (bank1)
[bankheal] R900 bank head SEEDED @allocator door #2: 800B3260 0 -> 801FBFF8, 800B3264 -> 840A0001 (the allocator's own healthy [bankw] write pattern; walk sees a real list instead of null)
[bankw] R778 BANK WRITE 800B3260 <- 801FBFF8 writer_fn=80031C58 (bank1)
[bankw] R778 BANK WRITE 800B3264 <- 840A0001 writer_fn=80031C58 (bank1)
[bankheal] R900 bank head SEEDED @allocator door #3: 800B3260 0 -> 801FBFF8, 800B3264 -> 840A0001 (the allocator's own healthy [bankw] write pattern; walk sees a real list instead of null)
[bankw] R778 BANK WRITE 800B3260 <- 801FBFF8 writer_fn=80031C58 (bank1)
[bankw] R778 BANK WRITE 800B3264 <- 840A0001 writer_fn=80031C58 (bank1)
[bankheal] R900 bank head SEEDED @allocator door #4: 800B3260 0 -> 801FBFF8, 800B3264 -> 840A0001 (the allocator's own healthy [bankw] write pattern; walk sees a real list instead of null)
[bankw] R778 BANK WRITE 800B3CCC <- 801FA634 writer_fn=80031E6C (bank1)
[bankw] R778 BANK WRITE 800B3CCC <- 801F4E80 writer_fn=80031DA8 (bank1)
[bankw] R778 BANK WRITE 800B3CCC <- 801F2B20 writer_fn=80031DA8 (bank1)
[bankw] R778 BANK WRITE 800B3260 <- 801FBFF8 writer_fn=80031C58 (bank1)
[bankw] R778 BANK WRITE 800B3264 <- 840A0001 writer_fn=80031C58 (bank1)
[bankheal] R900 bank head SEEDED @allocator door #5: 800B3260 0 -> 801FBFF8, 800B3264 -> 840A0001 (the allocator's own healthy [bankw] write pattern; walk sees a real list instead of null)
[bankw] R778 BANK WRITE 800B3CCC <- 801FA634 writer_fn=80031E6C (bank1)
[bankw] R778 BANK WRITE 800B3CCC <- 801F4E80 writer_fn=80031DA8 (bank1)
[bankw] R778 BANK WRITE 800B3CCC <- 801F2B20 writer_fn=80031DA8 (bank1)
[bankw] R778 BANK WRITE 800B3260 <- 801FBFF8 writer_fn=80031C58 (bank1)
[bankw] R778 BANK WRITE 800B3264 <- 840A0001 writer_fn=80031C58 (bank1)
[bankheal] R900 bank head SEEDED @allocator door #6: 800B3260 0 -> 801FBFF8, 800B3264 -> 840A0001 (the allocator's own healthy [bankw] write pattern; walk sees a real list instead of null)
=FTAB2=
[archbase] R1100 archive base cell 4FDF0 00000000 -> 80010004 (wipe class R1014/R1067 + R1133 degenerate-small class: c314 archw receipted writer v_wait 0x8004B694 storing 1, timeout[] is a stack local per decomp psyq/libetc/vsync.c - misdirected store; healthy value receipted [ftab]/[stab] every cycle)
[ftab] file#=2 base=0x80010004 off=23 gate48=0x00000000 entry=0x800100AC bytes=D2A801F0F00000 -> LBA=108754 size=61680
[ftab] file#=3 base=0x80010004 off=23 gate48=0x00000000 entry=0x800100B3 bytes=F1A801F05D0200 -> LBA=108785 size=155120
[ftab] file#=4 base=0x80010004 off=23 gate48=0x00000000 entry=0x800100BA bytes=3DA901C05C0000 -> LBA=108861 size=23744
[ftab] file#=5 base=0x80010004 off=23 gate48=0x00000000 entry=0x800100C1 bytes=49A901E0550000 -> LBA=108873 size=21984
[ftab] file#=6 base=0x80010004 off=23 gate48=0x00000000 entry=0x800100C8 bytes=54A901640A0000 -> LBA=108884 size=2660
[ftab] file#=7 base=0x80010004 off=23 gate48=0x00000000 entry=0x800100CF bytes=56A901C8350000 -> LBA=108886 size=13768
[ftab] file#=3 base=0x80010004 off=2593 gate48=0x00000000 entry=0x800146F9 bytes=D5A60358230000 -> LBA=239317 size=9048
[ftab] file#=2 base=0x80010004 off=23 gate48=0x00000000 entry=0x800100AC bytes=D2A801F0F00000 -> LBA=108754 size=61680
[ftab] file#=3 base=0x80010004 off=23 gate48=0x00000000 entry=0x800100B3 bytes=F1A801F05D0200 -> LBA=108785 size=155120
[ftab] file#=4 base=0x80010004 off=23 gate48=0x00000000 entry=0x800100BA bytes=3DA901C05C0000 -> LBA=108861 size=23744
[ftab] file#=5 base=0x80010004 off=23 gate48=0x00000000 entry=0x800100C1 bytes=49A901E0550000 -> LBA=108873 size=21984
[ftab] file#=6 base=0x80010004 off=23 gate48=0x00000000 entry=0x800100C8 bytes=54A901640A0000 -> LBA=108884 size=2660
[ftab] file#=7 base=0x80010004 off=23 gate48=0x00000000 entry=0x800100CF bytes=56A901C8350000 -> LBA=108886 size=13768
[ftab] file#=2 base=0x80010004 off=23 gate48=0x00000000 entry=0x800100AC bytes=D2A801F0F00000 -> LBA=108754 size=61680
[ftab] file#=3 base=0x80010004 off=23 gate48=0x00000000 entry=0x800100B3 bytes=F1A801F05D0200 -> LBA=108785 size=155120
[ftab] file#=4 base=0x80010004 off=23 gate48=0x00000000 entry=0x800100BA bytes=3DA901C05C0000 -> LBA=108861 size=23744
[ftab] file#=5 base=0x80010004 off=23 gate48=0x00000000 entry=0x800100C1 bytes=49A901E0550000 -> LBA=108873 size=21984
[ftab] file#=6 base=0x80010004 off=23 gate48=0x00000000 entry=0x800100C8 bytes=54A901640A0000 -> LBA=108884 size=2660
[ftab] file#=7 base=0x80010004 off=23 gate48=0x00000000 entry=0x800100CF bytes=56A901C8350000 -> LBA=108886 size=13768
[ftab] file#=3 base=0x80010004 off=2593 gate48=0x00000000 entry=0x800146F9 bytes=D5A60358230000 -> LBA=239317 size=9048
[ftab] file#=2 base=0x80010004 off=23 gate48=0x00000000 entry=0x800100AC bytes=D2A801F0F00000 -> LBA=108754 size=61680
[ftab] file#=3 base=0x80010004 off=23 gate48=0x00000000 entry=0x800100B3 bytes=F1A801F05D0200 -> LBA=108785 size=155120
[ftab] file#=4 base=0x80010004 off=23 gate48=0x00000000 entry=0x800100BA bytes=3DA901C05C0000 -> LBA=108861 size=23744
=FTAB2=
[emitgate] R1020 post-run capture hash stamped to .run.md5 (alternate gate match; c135/c136 infinite fresh-emit fix)
